#
# A fatal error has been detected by the Java Runtime Environment:
#
#  EXCEPTION_ACCESS_VIOLATION (0xc0000005) at pc=0x000001d77af80fa4, pid=55096, tid=21020
#
# JRE version: OpenJDK Runtime Environment OpenLogic-OpenJDK (21.0.6+7) (build 21.0.6+7-adhoc.Administrator.jdk21u)
# Java VM: OpenJDK 64-Bit Server VM OpenLogic-OpenJDK (21.0.6+7-adhoc.Administrator.jdk21u, mixed mode, emulated-client, sharing, tiered, compressed oops, compressed class ptrs, g1 gc, windows-amd64)
# Problematic frame:
# v  ~BufferBlob::MethodHandles adapters 0x000001d77af80fa4
#
# No core dump will be written. Minidumps are not enabled by default on client versions of Windows
#
# If you would like to submit a bug report, please visit:
#   https://techsupport.roguewave.com/
#

---------------  S U M M A R Y ------------

Command Line: -XX:+ShowCodeDetailsInExceptionMessages -agentlib:jdwp=transport=dt_socket,suspend=y,address=localhost:56223 -Dcom.sun.management.jmxremote -Dcom.sun.management.jmxremote.port=56222 -Dcom.sun.management.jmxremote.authenticate=false -Dcom.sun.management.jmxremote.ssl=false -Djava.rmi.server.hostname=localhost -Dspring.jmx.enabled=true -Dmanagement.endpoints.jmx.exposure.include=* -Dspring.application.admin.enabled=true -Dspring.output.ansi.enabled=always -XX:TieredStopAtLevel=1 -Dspring.boot.project.name=Dividend-Tracker-Server -javaagent:C:\dev\tools\ide\eclipse\jee-2026-03\eclipse\configuration\org.eclipse.osgi\1029\0\.cp\lib\javaagent-shaded.jar -Dfile.encoding=UTF-8 -Dstdout.encoding=UTF-8 -Dstderr.encoding=UTF-8 com.serverside.dt.DividendTrackerServerApplication

Host: 13th Gen Intel(R) Core(TM) i7-13700K, 24 cores, 63G,  Windows 11 , 64 bit Build 26100 (10.0.26100.8328)
Time: Sun Jun  7 17:41:39 2026 Eastern Daylight Time elapsed time: 1665.248101 seconds (0d 0h 27m 45s)

---------------  T H R E A D  ---------------

Current thread (0x000001d766074250):  JavaThread "http-nio-8080-exec-2" daemon [_thread_in_Java, id=21020, stack(0x0000004152e00000,0x0000004152f00000) (1024K)]

Stack: [0x0000004152e00000,0x0000004152f00000],  sp=0x0000004152efcd38,  free space=1011k
Native frames: (J=compiled Java code, j=interpreted, Vv=VM code, C=native code)
C  0x000001d77af80fa4

The last pc belongs to _linkToVirtual (printed below).

siginfo: EXCEPTION_ACCESS_VIOLATION (0xc0000005), reading address 0xffffffffffffffff


Registers:
RAX=0x000001d77af5958b, RBX=0x00000004079faee0, RCX=0x0000004152efcd40, RDX=0x0000000000000002
RSP=0x0000004152efcd38, RBP=0x0000004152efcd88, RSI=0x000001d7685f3718, RDI=0x000001d768857320
R8 =0x0000000000000004, R9 =0x0000000000000004, R10=0x000001d74072ae62, R11=0x80f3f5e280c7a7f5
R12=0x0000000000000000, R13=0x0000004152efcd38, R14=0x0000004152efcda8, R15=0x000001d766074250
RIP=0x000001d77af80fa4, EFLAGS=0x0000000000010202

XMM[0]=0x0000000000000000 0x0000000000000000
XMM[1]=0x0000000000000000 0x0000000000000000
XMM[2]=0x0000000000000000 0x0000000000000000
XMM[3]=0x0000000000000000 0x0000000000000000
XMM[4]=0x0000000000000000 0x0000000000000000
XMM[5]=0x0000000000000000 0x0000000000000000
XMM[6]=0x0000000000000000 0x0000000000000000
XMM[7]=0x0000000000000000 0x0000000000000000
XMM[8]=0x0000000000000000 0x0000000000000000
XMM[9]=0x0000000000000000 0x0000000000000000
XMM[10]=0x0000000000000000 0x0000000000000000
XMM[11]=0x0000000000000000 0x0000000000000000
XMM[12]=0x0000000000000000 0x0000000000000000
XMM[13]=0x0000000000000000 0x0000000000000000
XMM[14]=0x0000000000000000 0x0000000000000000
XMM[15]=0x0000000000000000 0x0000000000000000
  MXCSR=0x00001fa0


Register to memory mapping:

RAX=0x000001d77af5958b is at code_begin+4363 in an Interpreter codelet
return entry points  [0x000001d77af58480, 0x000001d77af5a298]  7704 bytes
RBX=0x00000004079faee0 is an oop: com.serverside.dt.services.impl.AccountStockServiceImpl 
{0x00000004079faee0} - klass: 'com/serverside/dt/services/impl/AccountStockServiceImpl'
 - ---- fields (total size 6 words):
 - private final 'accountStockRepository' 'Lcom/serverside/dt/repositories/AccountStockRepository;' @12  a 'jdk/proxy4/$Proxy147'{0x0000000406323500} (0x80c646a0)
 - private final 'accountRepository' 'Lcom/serverside/dt/repositories/AccountRepository;' @16  a 'jdk/proxy4/$Proxy145'{0x00000004063d3fa8} (0x80c7a7f5)
 - private final 'currencyRepository' 'Lcom/serverside/dt/repositories/CurrencyRepository;' @20  a 'jdk/proxy4/$Proxy148'{0x00000004079faf10} (0x80f3f5e2)
 - private final 'stockRepository' 'Lcom/serverside/dt/repositories/StockRepository;' @24  a 'jdk/proxy4/$Proxy149'{0x0000000407922f70} (0x80f245ee)
 - private final 'accountMapper' 'Lcom/serverside/dt/mappers/AccountStockMapper;' @28  a 'com/serverside/dt/mappers/AccountStockMapperImpl'{0x00000004079faf20} (0x80f3f5e4)
 - private final 'stockDividendDetailsRepository' 'Lcom/serverside/dt/repositories/StockDividendDetailsRepository;' @32  a 'jdk/proxy4/$Proxy150'{0x00000004078b17c8} (0x80f162f9)
 - private final 'dividendFrequencyRepository' 'Lcom/serverside/dt/repositories/DividendFrequencyRepository;' @36  a 'jdk/proxy4/$Proxy151'{0x00000004079faf30} (0x80f3f5e6)
 - private final 'dividendEventRepository' 'Lcom/serverside/dt/repositories/DividendEventRepository;' @40  a 'jdk/proxy4/$Proxy152'{0x00000004079146a8} (0x80f228d5)
 - private final 'stockAccountViewRepository' 'Lcom/serverside/dt/repositories/StockAccountViewRepository;' @44  a 'jdk/proxy4/$Proxy154'{0x00000004078c0980} (0x80f18130)
RCX=0x0000004152efcd40 is pointing into the stack for thread: 0x000001d766074250
RDX=0x0000000000000002 is an unknown value
RSP=0x0000004152efcd38 is pointing into the stack for thread: 0x000001d766074250
RBP=0x0000004152efcd88 is pointing into the stack for thread: 0x000001d766074250
RSI=0x000001d7685f3718 points into unknown readable memory: 0x800007438bba9d3f | 3f 9d ba 8b 43 07 00 80
RDI=0x000001d768857320 points into unknown readable memory: 0x0000001800000060 | 60 00 00 00 18 00 00 00
R8 =0x0000000000000004 is an unknown value
R9 =0x0000000000000004 is an unknown value
R10=0x000001d74072ae62 is an unknown value
R11=0x80f3f5e280c7a7f5 is an unknown value
R12=0x0 is null
R13=0x0000004152efcd38 is pointing into the stack for thread: 0x000001d766074250
R14=0x0000004152efcda8 is pointing into the stack for thread: 0x000001d766074250
R15=0x000001d766074250 is a thread

Top of Stack: (sp=0x0000004152efcd38)
0x0000004152efcd38:   000001d77af5958b 0000004152efcd40
0x0000004152efcd48:   000001d72072ae62 0000000000000004
0x0000004152efcd58:   000001d7200b1088 000001d700000080
0x0000004152efcd68:   000000040406f0f0 000001d7200b3bd8
0x0000004152efcd78:   0000004152efcd38 0000004152efcdb0
0x0000004152efcd88:   0000004152efd0c0 000001d77b805eb0
0x0000004152efcd98:   00000004079d0830 00000004079faee0
0x0000004152efcda8:   00000004079d07c8 000001d77ec75980
0x0000004152efcdb8:   000001d77ed0aab0 0000000404dd6480
0x0000004152efcdc8:   00000004079d07a0 00000004079faee0
0x0000004152efcdd8:   00000004079d0878 00000004079d07c8
0x0000004152efcde8:   00000004079faee0 000001d77b805dec
0x0000004152efcdf8:   000001d77b1f0d9e 0000004152efd0c0
0x0000004152efce08:   000001d77bb1ceaa 0000004152efba30
0x0000004152efce18:   0000004152efba30 00000004079d0760
0x0000004152efce28:   00000004049cae88 000001d766074250
0x0000004152efce38:   00007ffa2db5914f 000001d766074250
0x0000004152efce48:   000001d7669fa8d8 00007ffa2dda2fea
0x0000004152efce58:   00007ffb43f49ec1 0000004152efd0c0
0x0000004152efce68:   000001d77b3862c4 0000004152efcd70
0x0000004152efce78:   000001d77b06531d 000001d77b065290
0x0000004152efce88:   0000000000000c00 0000000000000000
0x0000004152efce98:   0000000000000000 0000000000000000
0x0000004152efcea8:   0000000000000000 0000000000000000
0x0000004152efceb8:   0000000000000000 00000004079d0780
0x0000004152efcec8:   000000040cf5c100 00000004079faee0
0x0000004152efced8:   0000004152efcd00 000001d766074250
0x0000004152efcee8:   00000004079d0708 00000004049cae88
0x0000004152efcef8:   0000000404dd6480 0000000404dd6480
0x0000004152efcf08:   000001d700000001 00000004079d0760
0x0000004152efcf18:   00000004079d0760 0000004152efd000
0x0000004152efcf28:   00000004079d07a0 0000004152efd0c0 

Instructions: (pc=0x000001d77af80fa4)
0x000001d77af80ea4:   d7 01 00 00 00 0f f8 7a d7 01 00 00 80 1f f8 7a
0x000001d77af80eb4:   d7 01 00 00 f0 0e f8 7a d7 01 00 00 f0 0e f8 7a
0x000001d77af80ec4:   d7 01 00 00 00 00 00 00 00 00 00 00 28 88 3c 2e
0x000001d77af80ed4:   fa 7f 00 00 f0 10 00 00 60 00 00 00 ff ff ff ff
0x000001d77af80ee4:   f0 10 00 00 00 00 00 00 00 00 00 00 00 00 00 00
0x000001d77af80ef4:   00 00 00 00 00 00 00 00 00 00 00 00 f4 66 66 66
0x000001d77af80f04:   0f 1f 84 00 00 00 00 00 66 66 66 90 66 66 66 0f
0x000001d77af80f14:   1f 84 00 00 00 00 00 66 66 66 90 90 48 8b 53 08
0x000001d77af80f24:   0f b7 52 2e 48 8b 0c d4 8b 59 14 48 c1 e3 03 8b
0x000001d77af80f34:   5b 28 48 c1 e3 03 8b 5b 24 48 c1 e3 03 48 8b 5b
0x000001d77af80f44:   10 48 85 db 0f 84 10 00 00 00 41 80 bf d8 05 00
0x000001d77af80f54:   00 00 74 03 ff 63 38 ff 63 50 e9 9d 16 00 00 66
0x000001d77af80f64:   66 66 0f 1f 84 00 00 00 00 00 66 66 66 90 66 66
0x000001d77af80f74:   0f 1f 84 00 00 00 00 00 66 66 66 90 48 8b 53 08
0x000001d77af80f84:   0f b7 52 2e 48 8b 0c d4 58 5b 50 44 8b 51 08 49
0x000001d77af80f94:   bb 00 00 00 20 d7 01 00 00 4d 03 d3 4c 8b 5b 10
0x000001d77af80fa4:   4b 8b 9c da c0 01 00 00 48 85 db 0f 84 10 00 00
0x000001d77af80fb4:   00 41 80 bf d8 05 00 00 00 74 03 ff 63 38 ff 63
0x000001d77af80fc4:   50 e9 36 16 00 00 66 66 66 0f 1f 84 00 00 00 00
0x000001d77af80fd4:   00 66 66 66 90 0f 1f 80 00 00 00 00 58 5b 50 8b
0x000001d77af80fe4:   5b 24 48 c1 e3 03 48 8b 5b 10 48 85 db 0f 84 10
0x000001d77af80ff4:   00 00 00 41 80 bf d8 05 00 00 00 74 03 ff 63 38
0x000001d77af81004:   ff 63 50 e9 f4 15 00 00 66 66 66 0f 1f 84 00 00
0x000001d77af81014:   00 00 00 66 66 66 90 0f 1f 44 00 00 48 8b 53 08
0x000001d77af81024:   0f b7 52 2e 48 8b 0c d4 58 5b 50 48 3b 01 8b 5b
0x000001d77af81034:   24 48 c1 e3 03 48 8b 5b 10 48 85 db 0f 84 10 00
0x000001d77af81044:   00 00 41 80 bf d8 05 00 00 00 74 03 ff 63 38 ff
0x000001d77af81054:   63 50 e9 a5 15 00 00 0f 1f 44 00 00 48 8b 53 08
0x000001d77af81064:   0f b7 52 2e 48 8b 0c d4 58 5b 50 44 8b 51 08 49
0x000001d77af81074:   bb 00 00 00 20 d7 01 00 00 4d 03 d3 8b 43 18 48
0x000001d77af81084:   c1 e0 03 48 8b 40 10 48 8b 5b 10 45 8b 9a a0 00
0x000001d77af81094:   00 00 4f 8d 9c da c0 01 00 00 4d 8d 14 da 49 8b 


Stack slot to memory mapping:

stack at sp + 0 slots: 0x000001d77af5958b is at code_begin+4363 in an Interpreter codelet
return entry points  [0x000001d77af58480, 0x000001d77af5a298]  7704 bytes
stack at sp + 1 slots: 0x0000004152efcd40 is pointing into the stack for thread: 0x000001d766074250
stack at sp + 2 slots: 0x000001d72072ae62 is pointing into metadata
stack at sp + 3 slots: 0x0000000000000004 is an unknown value
stack at sp + 4 slots: 0x000001d7200b1088 is pointing into metadata
stack at sp + 5 slots: 0x000001d700000080 points into unknown readable memory: 0xffffffd400000000 | 00 00 00 00 d4 ff ff ff
stack at sp + 6 slots: 0x000000040406f0f0 is an oop: java.lang.Class 
{0x000000040406f0f0} - klass: 'java/lang/Class'
 - ---- fields (total size 14 words):
 - private volatile transient 'classRedefinedCount' 'I' @12  0 (0x00000000)
 - injected 'klass' 'J' @16  2023467191392 (0x000001d7200b0c60)
 - injected 'array_klass' 'J' @24  0 (0x0000000000000000)
 - injected 'oop_size' 'I' @32  14 (0x0000000e)
 - injected 'static_oop_field_count' 'I' @36  0 (0x00000000)
 - private volatile transient 'cachedConstructor' 'Ljava/lang/reflect/Constructor;' @40  null (0x00000000)
 - private transient 'name' 'Ljava/lang/String;' @44  null (0x00000000)
 - private transient 'module' 'Ljava/lang/Module;' @48  a 'java/lang/Module'{0x000000040406a078} (0x8080d40f)
 - private final 'classLoader' 'Ljava/lang/ClassLoader;' @52  null (0x00000000)
 - private transient 'classData' 'Ljava/lang/Object;' @56  null (0x00000000)
 - private transient 'packageName' 'Ljava/lang/String;' @60  null (0x00000000)
 - private final 'componentType' 'Ljava/lang/Class;' @64  null (0x00000000)
 - private volatile transient 'reflectionData' 'Ljava/lang/ref/SoftReference;' @68  null (0x00000000)
 - private volatile transient 'genericInfo' 'Lsun/reflect/generics/repository/ClassRepository;' @72  null (0x00000000)
 - private volatile transient 'enumConstants' '[Ljava/lang/Object;' @76  null (0x00000000)
 - private volatile transient 'enumConstantDirectory' 'Ljava/util/Map;' @80  null (0x00000000)
 - private volatile transient 'annotationData' 'Ljava/lang/Class$AnnotationData;' @84  null (0x00000000)
 - private volatile transient 'annotationType' 'Lsun/reflect/annotation/AnnotationType;' @88  null (0x00000000)
 - transient 'classValueMap' 'Ljava/lang/ClassValue$ClassValueMap;' @92  null (0x00000000)
 - injected 'protection_domain' 'Ljava/lang/Object;' @96  null (0x00000000)
 - injected 'signers_name' 'Ljava/lang/Object;' @100  null (0x00000000)
 - injected 'source_file' 'Ljava/lang/Object;' @104  null (0x00000000)
 - injected '<init_lock>' 'Ljava/lang/Object;' @108  null (0x00000000)
 - signature: Ljava/lang/invoke/DirectMethodHandle$Holder;
 - ---- static fields (0):
stack at sp + 7 slots: {method} {0x000001d7200b3be0} 'invokeVirtual' '(Ljava/lang/Object;Ljava/lang/Object;)Ljava/lang/Object;' in 'java/lang/invoke/DirectMethodHandle$Holder'

MethodHandle::interpreter_entry::_linkToVirtual [0x000001d77af80f63, 0x000001d77af80fca] (103 bytes)
[MachCode]
  0x000001d77af80f63: 6666 660f | 1f84 0000 | 0000 0066 | 6666 9066 | 660f 1f84 | 0000 0000 | 0066 6666 | 9048 8b53 
  0x000001d77af80f83: 080f b752 | 2e48 8b0c | d458 5b50 | 448b 5108 | 49bb 0000 | 0020 d701 | 0000 4d03 | d34c 8b5b 
  0x000001d77af80fa3: 104b 8b9c | dac0 0100 | 0048 85db | 0f84 1000 | 0000 4180 | bfd8 0500 | 0000 7403 | ff63 38ff 
  0x000001d77af80fc3: 6350 e936 | 
[/MachCode]

---------------  P R O C E S S  ---------------

Threads class SMR info:
_java_thread_list=0x000001d765a451a0, length=39, elements={
0x000001d77ed0cac0, 0x000001d77ed0d510, 0x000001d71fbc1e60, 0x000001d71fbc2d40,
0x000001d71fbce4d0, 0x000001d71fbf2670, 0x000001d71fbf4c50, 0x000001d71fd196d0,
0x000001d71fda6810, 0x000001d71fdad0c0, 0x000001d71fdaf860, 0x000001d71fd19d60,
0x000001d71fd1a3f0, 0x000001d71fd1c4c0, 0x000001d71fd1aa80, 0x000001d71fd1be30,
0x000001d766072ea0, 0x000001d766073530, 0x000001d766071af0, 0x000001d766073bc0,
0x000001d766071460, 0x000001d766076320, 0x000001d7660776d0, 0x000001d7660769b0,
0x000001d766074250, 0x000001d766075c90, 0x000001d766074f70, 0x000001d766077d60,
0x000001d766075600, 0x000001d7660748e0, 0x000001d7660783f0, 0x000001d766078a80,
0x000001d768a665f0, 0x000001d768a67310, 0x000001d768a658d0, 0x000001d768a65f60,
0x000001d768a68d50, 0x000001d768a679a0, 0x000001d768a6c860
}
_to_delete_list=0x000001d7673f3330, length=40, elements={
0x000001d77ed0cac0, 0x000001d77ed0d510, 0x000001d71fbc1e60, 0x000001d71fbc2d40,
0x000001d71fbce4d0, 0x000001d71fbf2670, 0x000001d71fbf4c50, 0x000001d71fd196d0,
0x000001d71fda6810, 0x000001d71fdad0c0, 0x000001d71fdaf860, 0x000001d71fd19d60,
0x000001d71fd1a3f0, 0x000001d71fd1c4c0, 0x000001d71fd1aa80, 0x000001d71fd1be30,
0x000001d766072ea0, 0x000001d766073530, 0x000001d766071af0, 0x000001d766073bc0,
0x000001d766071460, 0x000001d766076320, 0x000001d7660776d0, 0x000001d7660769b0,
0x000001d766074250, 0x000001d766075c90, 0x000001d766074f70, 0x000001d766077d60,
0x000001d766075600, 0x000001d7660748e0, 0x000001d7660783f0, 0x000001d766078a80,
0x000001d768a665f0, 0x000001d768a67310, 0x000001d768a658d0, 0x000001d768a65f60,
0x000001d768a68d50, 0x000001d768a679a0, 0x000001d768a6c860, 0x000001d76d0c7e20
}

Java Threads: ( => current thread )
  0x000001d77ed0cac0 JavaThread "Reference Handler"          daemon [_thread_blocked, id=37352, stack(0x000000414f800000,0x000000414f900000) (1024K)]
  0x000001d77ed0d510 JavaThread "Finalizer"                  daemon [_thread_blocked, id=5356, stack(0x000000414f900000,0x000000414fa00000) (1024K)]
  0x000001d71fbc1e60 JavaThread "Signal Dispatcher"          daemon [_thread_blocked, id=54928, stack(0x000000414fa00000,0x000000414fb00000) (1024K)]
  0x000001d71fbc2d40 JavaThread "Attach Listener"            daemon [_thread_blocked, id=56936, stack(0x000000414fb00000,0x000000414fc00000) (1024K)]
  0x000001d71fbce4d0 JavaThread "Service Thread"             daemon [_thread_blocked, id=58144, stack(0x000000414fc00000,0x000000414fd00000) (1024K)]
  0x000001d71fbf2670 JavaThread "Monitor Deflation Thread"   daemon [_thread_blocked, id=1328, stack(0x000000414fd00000,0x000000414fe00000) (1024K)]
  0x000001d71fbf4c50 JavaThread "C1 CompilerThread0"         daemon [_thread_blocked, id=40176, stack(0x000000414fe00000,0x000000414ff00000) (1024K)]
  0x000001d71fd196d0 JavaThread "Common-Cleaner"             daemon [_thread_blocked, id=48740, stack(0x0000004150000000,0x0000004150100000) (1024K)]
  0x000001d71fda6810 JavaThread "JDWP Transport Listener: dt_socket" daemon [_thread_blocked, id=48064, stack(0x0000004150200000,0x0000004150300000) (1024K)]
  0x000001d71fdad0c0 JavaThread "JDWP Event Helper Thread"   daemon [_thread_blocked, id=59260, stack(0x0000004150300000,0x0000004150400000) (1024K)]
  0x000001d71fdaf860 JavaThread "JDWP Command Reader"        daemon [_thread_in_native, id=53252, stack(0x0000004150400000,0x0000004150500000) (1024K)]
  0x000001d71fd19d60 JavaThread "Notification Thread"        daemon [_thread_blocked, id=55100, stack(0x0000004150500000,0x0000004150600000) (1024K)]
  0x000001d71fd1a3f0 JavaThread "RMI TCP Accept-0"           daemon [_thread_in_native, id=51592, stack(0x0000004150800000,0x0000004150900000) (1024K)]
  0x000001d71fd1c4c0 JavaThread "RMI TCP Accept-56222"       daemon [_thread_in_native, id=12040, stack(0x0000004150900000,0x0000004150a00000) (1024K)]
  0x000001d71fd1aa80 JavaThread "RMI TCP Accept-0"           daemon [_thread_in_native, id=57232, stack(0x0000004150a00000,0x0000004150b00000) (1024K)]
  0x000001d71fd1be30 JavaThread "RMI Scheduler(0)"           daemon [_thread_blocked, id=4608, stack(0x0000004151f00000,0x0000004152000000) (1024K)]
  0x000001d766072ea0 JavaThread "JMX server connection timeout 59" daemon [_thread_blocked, id=53436, stack(0x0000004152100000,0x0000004152200000) (1024K)]
  0x000001d766073530 JavaThread "Catalina-utility-1"                [_thread_blocked, id=3524, stack(0x0000004152600000,0x0000004152700000) (1024K)]
  0x000001d766071af0 JavaThread "Catalina-utility-2"                [_thread_blocked, id=27180, stack(0x0000004152800000,0x0000004152900000) (1024K)]
  0x000001d766073bc0 JavaThread "container-0"                       [_thread_blocked, id=36160, stack(0x0000004152900000,0x0000004152a00000) (1024K)]
  0x000001d766071460 JavaThread "Cleaner-0"                  daemon [_thread_blocked, id=13600, stack(0x0000004152700000,0x0000004152800000) (1024K)]
  0x000001d766076320 JavaThread "HikariPool-1:housekeeper"   daemon [_thread_blocked, id=59152, stack(0x0000004152a00000,0x0000004152b00000) (1024K)]
  0x000001d7660776d0 JavaThread "File Watcher"               daemon [_thread_blocked, id=48100, stack(0x0000004152c00000,0x0000004152d00000) (1024K)]
  0x000001d7660769b0 JavaThread "http-nio-8080-exec-1"       daemon [_thread_blocked, id=56840, stack(0x0000004152d00000,0x0000004152e00000) (1024K)]
=>0x000001d766074250 JavaThread "http-nio-8080-exec-2"       daemon [_thread_in_Java, id=21020, stack(0x0000004152e00000,0x0000004152f00000) (1024K)]
  0x000001d766075c90 JavaThread "http-nio-8080-exec-3"       daemon [_thread_blocked, id=46600, stack(0x0000004152f00000,0x0000004153000000) (1024K)]
  0x000001d766074f70 JavaThread "http-nio-8080-exec-4"       daemon [_thread_blocked, id=53760, stack(0x0000004153000000,0x0000004153100000) (1024K)]
  0x000001d766077d60 JavaThread "http-nio-8080-exec-5"       daemon [_thread_blocked, id=51464, stack(0x0000004153100000,0x0000004153200000) (1024K)]
  0x000001d766075600 JavaThread "http-nio-8080-exec-6"       daemon [_thread_blocked, id=52380, stack(0x0000004153200000,0x0000004153300000) (1024K)]
  0x000001d7660748e0 JavaThread "http-nio-8080-exec-7"       daemon [_thread_blocked, id=6008, stack(0x0000004153300000,0x0000004153400000) (1024K)]
  0x000001d7660783f0 JavaThread "http-nio-8080-exec-8"       daemon [_thread_blocked, id=58000, stack(0x0000004153400000,0x0000004153500000) (1024K)]
  0x000001d766078a80 JavaThread "http-nio-8080-exec-9"       daemon [_thread_blocked, id=29204, stack(0x0000004153500000,0x0000004153600000) (1024K)]
  0x000001d768a665f0 JavaThread "http-nio-8080-exec-10"      daemon [_thread_in_Java, id=57740, stack(0x0000004153600000,0x0000004153700000) (1024K)]
  0x000001d768a67310 JavaThread "http-nio-8080-Poller"       daemon [_thread_in_native, id=55456, stack(0x0000004153700000,0x0000004153800000) (1024K)]
  0x000001d768a658d0 JavaThread "http-nio-8080-Acceptor"     daemon [_thread_in_native, id=54820, stack(0x0000004153800000,0x0000004153900000) (1024K)]
  0x000001d768a65f60 JavaThread "DestroyJavaVM"                     [_thread_blocked, id=52536, stack(0x000000414f000000,0x000000414f100000) (1024K)]
  0x000001d768a68d50 JavaThread "RMI TCP Connection(8)-127.0.0.1" daemon [_thread_in_native, id=52416, stack(0x0000004153f00000,0x0000004154000000) (1024K)]
  0x000001d768a679a0 JavaThread "RMI TCP Connection(idle)"   daemon [_thread_blocked, id=55036, stack(0x0000004154000000,0x0000004154100000) (1024K)]
  0x000001d768a6c860 JavaThread "JMX server connection timeout 97" daemon [_thread_blocked, id=51872, stack(0x0000004154100000,0x0000004154200000) (1024K)]
Total: 39

Other Threads:
  0x000001d77ecee4a0 VMThread "VM Thread"                           [id=41320, stack(0x000000414f700000,0x000000414f800000) (1024K)]
  0x000001d71fbbca00 WatcherThread "VM Periodic Task Thread"        [id=51612, stack(0x000000414f600000,0x000000414f700000) (1024K)]
  0x000001d77eb903d0 WorkerThread "GC Thread#0"                     [id=59212, stack(0x000000414f100000,0x000000414f200000) (1024K)]
  0x000001d765cdb280 WorkerThread "GC Thread#1"                     [id=58924, stack(0x0000004150b00000,0x0000004150c00000) (1024K)]
  0x000001d765cdb620 WorkerThread "GC Thread#2"                     [id=57244, stack(0x0000004150c00000,0x0000004150d00000) (1024K)]
  0x000001d765cbbf80 WorkerThread "GC Thread#3"                     [id=54416, stack(0x0000004150d00000,0x0000004150e00000) (1024K)]
  0x000001d765d16950 WorkerThread "GC Thread#4"                     [id=59348, stack(0x0000004150e00000,0x0000004150f00000) (1024K)]
  0x000001d765d177d0 WorkerThread "GC Thread#5"                     [id=36880, stack(0x0000004150f00000,0x0000004151000000) (1024K)]
  0x000001d765d17090 WorkerThread "GC Thread#6"                     [id=51576, stack(0x0000004151000000,0x0000004151100000) (1024K)]
  0x000001d765d17b70 WorkerThread "GC Thread#7"                     [id=7748, stack(0x0000004151100000,0x0000004151200000) (1024K)]
  0x000001d765d17f10 WorkerThread "GC Thread#8"                     [id=50856, stack(0x0000004151200000,0x0000004151300000) (1024K)]
  0x000001d765d182b0 WorkerThread "GC Thread#9"                     [id=42340, stack(0x0000004151300000,0x0000004151400000) (1024K)]
  0x000001d765d16cf0 WorkerThread "GC Thread#10"                    [id=28320, stack(0x0000004151400000,0x0000004151500000) (1024K)]
  0x000001d765d17430 WorkerThread "GC Thread#11"                    [id=54880, stack(0x0000004151500000,0x0000004151600000) (1024K)]
  0x000001d765d2a820 WorkerThread "GC Thread#12"                    [id=52324, stack(0x0000004151600000,0x0000004151700000) (1024K)]
  0x000001d765d2c180 WorkerThread "GC Thread#13"                    [id=53676, stack(0x0000004151700000,0x0000004151800000) (1024K)]
  0x000001d765d2cc60 WorkerThread "GC Thread#14"                    [id=42976, stack(0x0000004151800000,0x0000004151900000) (1024K)]
  0x000001d765d299a0 WorkerThread "GC Thread#15"                    [id=58172, stack(0x0000004151900000,0x0000004151a00000) (1024K)]
  0x000001d765d2c520 WorkerThread "GC Thread#16"                    [id=50504, stack(0x0000004151a00000,0x0000004151b00000) (1024K)]
  0x000001d765d2bde0 WorkerThread "GC Thread#17"                    [id=57976, stack(0x0000004151b00000,0x0000004151c00000) (1024K)]
  0x000001d77af30800 ConcurrentGCThread "G1 Main Marker"            [id=58068, stack(0x000000414f200000,0x000000414f300000) (1024K)]
  0x000001d778a8e200 WorkerThread "G1 Conc#0"                       [id=52880, stack(0x000000414f300000,0x000000414f400000) (1024K)]
  0x000001d765d2b6a0 WorkerThread "G1 Conc#1"                       [id=10044, stack(0x0000004152200000,0x0000004152300000) (1024K)]
  0x000001d765d2ba40 WorkerThread "G1 Conc#2"                       [id=9664, stack(0x0000004152300000,0x0000004152400000) (1024K)]
  0x000001d765d2c8c0 WorkerThread "G1 Conc#3"                       [id=54460, stack(0x0000004152400000,0x0000004152500000) (1024K)]
  0x000001d765d2a0e0 WorkerThread "G1 Conc#4"                       [id=14096, stack(0x0000004152500000,0x0000004152600000) (1024K)]
  0x000001d77ec7a4c0 ConcurrentGCThread "G1 Refine#0"               [id=52352, stack(0x000000414f400000,0x000000414f500000) (1024K)]
  0x000001d77ec7bdf0 ConcurrentGCThread "G1 Service"                [id=47716, stack(0x000000414f500000,0x000000414f600000) (1024K)]
Total: 28

Threads with active compile tasks:
Total: 0

VM state: not at safepoint (normal execution)

VM Mutex/Monitor currently owned by a thread: None

Heap address: 0x0000000404000000, size: 16320 MB, Compressed Oops mode: Zero based, Oop shift amount: 3

CDS archive(s) mapped at: [0x000001d720000000-0x000001d720c90000-0x000001d720c90000), size 13172736, SharedBaseAddress: 0x000001d720000000, ArchiveRelocationMode: 1.
Compressed class space mapped at: 0x000001d721000000-0x000001d761000000, reserved size: 1073741824
Narrow klass base: 0x000001d720000000, Narrow klass shift: 0, Narrow klass range: 0x100000000

GC Precious Log:
 CardTable entry size: 512
 Card Set container configuration: InlinePtr #cards 4 size 8 Array Of Cards #cards 64 size 144 Howl #buckets 8 coarsen threshold 14745 Howl Bitmap #cards 2048 size 272 coarsen threshold 1843 Card regions per heap region 1 cards per card region 16384
 CPUs: 24 total, 24 available
 Memory: 65276M
 Large Page Support: Disabled
 NUMA Support: Disabled
 Compressed Oops: Enabled (Zero based)
 Heap Region Size: 8M
 Heap Min Capacity: 8M
 Heap Initial Capacity: 1G
 Heap Max Capacity: 16320M
 Pre-touch: Disabled
 Parallel Workers: 18
 Concurrent Workers: 5
 Concurrent Refinement Workers: 18
 Periodic GC: Disabled

Heap:
 garbage-first heap   total 163840K, used 96026K [0x0000000404000000, 0x0000000800000000)
  region size 8192K, 9 young (73728K), 1 survivors (8192K)
 Metaspace       used 84493K, committed 85824K, reserved 1179648K
  class space    used 12130K, committed 12672K, reserved 1048576K

Heap Regions: E=young(eden), S=young(survivor), O=old, HS=humongous(starts), HC=humongous(continues), CS=collection set, F=free, TAMS=top-at-mark-start, PB=parsable bottom
|   0|0x0000000404000000, 0x0000000404800000, 0x0000000404800000|100%| O|  |TAMS 0x0000000404000000| PB 0x0000000404000000| Untracked 
|   1|0x0000000404800000, 0x0000000405000000, 0x0000000405000000|100%| O|  |TAMS 0x0000000404800000| PB 0x0000000404800000| Untracked 
|   2|0x0000000405000000, 0x0000000405800000, 0x0000000405800000|100%| O|  |TAMS 0x0000000405000000| PB 0x0000000405000000| Untracked 
|   3|0x0000000405800000, 0x0000000405800000, 0x0000000406000000|  0%| F|  |TAMS 0x0000000405800000| PB 0x0000000405800000| Untracked 
|   4|0x0000000406000000, 0x000000040669a488, 0x0000000406800000| 82%| O|Cm|TAMS 0x0000000406000000| PB 0x0000000406000000| Complete 
|   5|0x0000000406800000, 0x0000000406800000, 0x0000000407000000|  0%| F|  |TAMS 0x0000000406800000| PB 0x0000000406800000| Untracked 
|   6|0x0000000407000000, 0x0000000407000000, 0x0000000407800000|  0%| F|  |TAMS 0x0000000407000000| PB 0x0000000407000000| Untracked 
|   7|0x0000000407800000, 0x0000000407f2c6b0, 0x0000000408000000| 89%| S|CS|TAMS 0x0000000407800000| PB 0x0000000407800000| Complete 
|   8|0x0000000408000000, 0x0000000408000000, 0x0000000408800000|  0%| F|  |TAMS 0x0000000408000000| PB 0x0000000408000000| Untracked 
|   9|0x0000000408800000, 0x0000000408800000, 0x0000000409000000|  0%| F|  |TAMS 0x0000000408800000| PB 0x0000000408800000| Untracked 
|  10|0x0000000409000000, 0x0000000409000000, 0x0000000409800000|  0%| F|  |TAMS 0x0000000409000000| PB 0x0000000409000000| Untracked 
|  11|0x0000000409800000, 0x0000000409800000, 0x000000040a000000|  0%| F|  |TAMS 0x0000000409800000| PB 0x0000000409800000| Untracked 
|  12|0x000000040a000000, 0x000000040a374a78, 0x000000040a800000| 43%| E|  |TAMS 0x000000040a000000| PB 0x000000040a000000| Complete 
|  13|0x000000040a800000, 0x000000040b000000, 0x000000040b000000|100%| E|CS|TAMS 0x000000040a800000| PB 0x000000040a800000| Complete 
|  14|0x000000040b000000, 0x000000040b800000, 0x000000040b800000|100%| E|CS|TAMS 0x000000040b000000| PB 0x000000040b000000| Complete 
|  15|0x000000040b800000, 0x000000040c000000, 0x000000040c000000|100%| E|CS|TAMS 0x000000040b800000| PB 0x000000040b800000| Complete 
|  16|0x000000040c000000, 0x000000040c800000, 0x000000040c800000|100%| E|CS|TAMS 0x000000040c000000| PB 0x000000040c000000| Complete 
|  17|0x000000040c800000, 0x000000040d000000, 0x000000040d000000|100%| E|CS|TAMS 0x000000040c800000| PB 0x000000040c800000| Complete 
|  18|0x000000040d000000, 0x000000040d800000, 0x000000040d800000|100%| E|CS|TAMS 0x000000040d000000| PB 0x000000040d000000| Complete 
| 127|0x0000000443800000, 0x0000000444000000, 0x0000000444000000|100%| E|CS|TAMS 0x0000000443800000| PB 0x0000000443800000| Complete 

Card table byte_map: [0x000001d70b9e0000,0x000001d70d9c0000] _byte_map_base: 0x000001d7099c0000

Marking Bits: (CMBitMap*) 0x000001d77af22f20
 Bits: [0x000001d70d9c0000, 0x000001d71d8c0000)

Polling page: 0x000001d778bd0000

Metaspace:

Usage:
  Non-class:     70.67 MB used.
      Class:     11.85 MB used.
       Both:     82.51 MB used.

Virtual space:
  Non-class space:      128.00 MB reserved,      71.44 MB ( 56%) committed,  2 nodes.
      Class space:        1.00 GB reserved,      12.38 MB (  1%) committed,  1 nodes.
             Both:        1.12 GB reserved,      83.81 MB (  7%) committed. 

Chunk freelists:
   Non-Class:  8.57 MB
       Class:  3.73 MB
        Both:  12.30 MB

MaxMetaspaceSize: unlimited
CompressedClassSpaceSize: 1.00 GB
Initial GC threshold: 21.00 MB
Current GC threshold: 139.62 MB
CDS: on
 - commit_granule_bytes: 65536.
 - commit_granule_words: 8192.
 - virtual_space_node_default_size: 8388608.
 - enlarge_chunks_in_place: 1.
 - use_allocation_guard: 0.


Internal statistics:

num_allocs_failed_limit: 9.
num_arena_births: 1498.
num_arena_deaths: 390.
num_vsnodes_births: 3.
num_vsnodes_deaths: 0.
num_space_committed: 1341.
num_space_uncommitted: 0.
num_chunks_returned_to_freelist: 437.
num_chunks_taken_from_freelist: 4606.
num_chunk_merges: 112.
num_chunk_splits: 3290.
num_chunks_enlarged: 2544.
num_inconsistent_stats: 0.

CodeCache: size=49152Kb used=16584Kb max_used=19140Kb free=32567Kb
 bounds [0x000001d77af50000, 0x000001d77c2a0000, 0x000001d77df50000]
 total_blobs=9739 nmethods=9012 adapters=649
 compilation: enabled
              stopped_count=0, restarted_count=0
 full_count=0

Compilation events (20 events):
Event: 1624.943 Thread 0x000001d76d0c7080 nmethod 9809 0x000001d77bfbc910 code [0x000001d77bfbcac0, 0x000001d77bfbcbb0]
Event: 1624.943 Thread 0x000001d76d0c69b0 9811       1       org.postgresql.shaded.com.ongres.stringprep.Stringprep$$Lambda/0x000001d72152b988::test (5 bytes)
Event: 1624.943 Thread 0x000001d71fbf4c50 9812       1       org.postgresql.shaded.com.ongres.stringprep.Tables::prohibitionSurrogateCodes (20 bytes)
Event: 1624.943 Thread 0x000001d76d0c7080 9813       1       org.postgresql.shaded.com.ongres.stringprep.Stringprep$$Lambda/0x000001d72152bbc8::test (5 bytes)
Event: 1624.943 Thread 0x000001d76d0c69b0 nmethod 9811 0x000001d77bfbc610 code [0x000001d77bfbc7a0, 0x000001d77bfbc898]
Event: 1624.943 Thread 0x000001d71fbf4c50 nmethod 9812 0x000001d77bfbc310 code [0x000001d77bfbc4a0, 0x000001d77bfbc570]
Event: 1624.943 Thread 0x000001d76d0c69b0 9814       1       org.postgresql.shaded.com.ongres.stringprep.Tables::prohibitionInappropriatePlainText (39 bytes)
Event: 1624.943 Thread 0x000001d71fbf4c50 9815       1       org.postgresql.shaded.com.ongres.stringprep.Stringprep$$Lambda/0x000001d72152e000::test (5 bytes)
Event: 1624.943 Thread 0x000001d76d0c7080 nmethod 9813 0x000001d77bfbbf90 code [0x000001d77bfbc140, 0x000001d77bfbc230]
Event: 1624.944 Thread 0x000001d76d0c7e20 nmethod 9810 0x000001d77bfbbb10 code [0x000001d77bfbbca0, 0x000001d77bfbbf10]
Event: 1624.944 Thread 0x000001d76d0c69b0 nmethod 9814 0x000001d77bfbb810 code [0x000001d77bfbb9a0, 0x000001d77bfbba98]
Event: 1624.944 Thread 0x000001d71fbf4c50 nmethod 9815 0x000001d77bfbb510 code [0x000001d77bfbb6a0, 0x000001d77bfbb798]
Event: 1630.127 Thread 0x000001d71fbf4c50 9816   !   1       java.util.concurrent.locks.LockSupport::park (47 bytes)
Event: 1630.128 Thread 0x000001d71fbf4c50 nmethod 9816 0x000001d77bfbae90 code [0x000001d77bfbb060, 0x000001d77bfbb3b0]
Event: 1655.256 Thread 0x000001d71fbf4c50 9817       1       org.postgresql.jdbc.PgStatement::close (26 bytes)
Event: 1655.257 Thread 0x000001d71fbf4c50 nmethod 9817 0x000001d77bfba910 code [0x000001d77bfbaae0, 0x000001d77bfbad00]
Event: 1656.368 Thread 0x000001d71fbf4c50 9818       1       java.lang.invoke.LambdaForm$DMH/0x000001d721555800::invokeStatic (20 bytes)
Event: 1656.368 Thread 0x000001d71fbf4c50 nmethod 9818 0x000001d77bfba610 code [0x000001d77bfba7a0, 0x000001d77bfba850]
Event: 1656.369 Thread 0x000001d71fbf4c50 9819   !   1       org.postgresql.jdbc.PgStatement::cancel (125 bytes)
Event: 1656.369 Thread 0x000001d71fbf4c50 nmethod 9819 0x000001d77bfb8390 code [0x000001d77bfb8740, 0x000001d77bfb9800]

GC Heap History (20 events):
Event: 4.893 GC heap before
{Heap before GC invocations=15 (full 0):
 garbage-first heap   total 98304K, used 74985K [0x0000000404000000, 0x0000000800000000)
  region size 8192K, 7 young (57344K), 1 survivors (8192K)
 Metaspace       used 47903K, committed 48576K, reserved 1114112K
  class space    used 6691K, committed 7040K, reserved 1048576K
}
Event: 4.895 GC heap after
{Heap after GC invocations=16 (full 0):
 garbage-first heap   total 98304K, used 26891K [0x0000000404000000, 0x0000000800000000)
  region size 8192K, 1 young (8192K), 1 survivors (8192K)
 Metaspace       used 47903K, committed 48576K, reserved 1114112K
  class space    used 6691K, committed 7040K, reserved 1048576K
}
Event: 5.078 GC heap before
{Heap before GC invocations=16 (full 0):
 garbage-first heap   total 98304K, used 67851K [0x0000000404000000, 0x0000000800000000)
  region size 8192K, 7 young (57344K), 1 survivors (8192K)
 Metaspace       used 52370K, committed 53120K, reserved 1114112K
  class space    used 7275K, committed 7616K, reserved 1048576K
}
Event: 5.079 GC heap after
{Heap after GC invocations=17 (full 0):
 garbage-first heap   total 98304K, used 27852K [0x0000000404000000, 0x0000000800000000)
  region size 8192K, 1 young (8192K), 1 survivors (8192K)
 Metaspace       used 52370K, committed 53120K, reserved 1114112K
  class space    used 7275K, committed 7616K, reserved 1048576K
}
Event: 5.239 GC heap before
{Heap before GC invocations=17 (full 0):
 garbage-first heap   total 98304K, used 77004K [0x0000000404000000, 0x0000000800000000)
  region size 8192K, 7 young (57344K), 1 survivors (8192K)
 Metaspace       used 57923K, committed 58624K, reserved 1114112K
  class space    used 8051K, committed 8384K, reserved 1048576K
}
Event: 5.241 GC heap after
{Heap after GC invocations=18 (full 0):
 garbage-first heap   total 98304K, used 28472K [0x0000000404000000, 0x0000000800000000)
  region size 8192K, 1 young (8192K), 1 survivors (8192K)
 Metaspace       used 57923K, committed 58624K, reserved 1114112K
  class space    used 8051K, committed 8384K, reserved 1048576K
}
Event: 5.426 GC heap before
{Heap before GC invocations=18 (full 0):
 garbage-first heap   total 98304K, used 77624K [0x0000000404000000, 0x0000000800000000)
  region size 8192K, 7 young (57344K), 1 survivors (8192K)
 Metaspace       used 61458K, committed 62144K, reserved 1114112K
  class space    used 8647K, committed 8960K, reserved 1048576K
}
Event: 5.428 GC heap after
{Heap after GC invocations=19 (full 0):
 garbage-first heap   total 573440K, used 29036K [0x0000000404000000, 0x0000000800000000)
  region size 8192K, 1 young (8192K), 1 survivors (8192K)
 Metaspace       used 61458K, committed 62144K, reserved 1114112K
  class space    used 8647K, committed 8960K, reserved 1048576K
}
Event: 5.710 GC heap before
{Heap before GC invocations=19 (full 0):
 garbage-first heap   total 573440K, used 94572K [0x0000000404000000, 0x0000000800000000)
  region size 8192K, 10 young (81920K), 1 survivors (8192K)
 Metaspace       used 67334K, committed 68096K, reserved 1114112K
  class space    used 9433K, committed 9792K, reserved 1048576K
}
Event: 5.712 GC heap after
{Heap after GC invocations=20 (full 0):
 garbage-first heap   total 573440K, used 31610K [0x0000000404000000, 0x0000000800000000)
  region size 8192K, 1 young (8192K), 1 survivors (8192K)
 Metaspace       used 67334K, committed 68096K, reserved 1114112K
  class space    used 9433K, committed 9792K, reserved 1048576K
}
Event: 6.337 GC heap before
{Heap before GC invocations=21 (full 0):
 garbage-first heap   total 139264K, used 129914K [0x0000000404000000, 0x0000000800000000)
  region size 8192K, 13 young (106496K), 1 survivors (8192K)
 Metaspace       used 72302K, committed 73152K, reserved 1114112K
  class space    used 10270K, committed 10624K, reserved 1048576K
}
Event: 6.344 GC heap after
{Heap after GC invocations=22 (full 0):
 garbage-first heap   total 155648K, used 35998K [0x0000000404000000, 0x0000000800000000)
  region size 8192K, 2 young (16384K), 2 survivors (16384K)
 Metaspace       used 72302K, committed 73152K, reserved 1114112K
  class space    used 10270K, committed 10624K, reserved 1048576K
}
Event: 21.777 GC heap before
{Heap before GC invocations=22 (full 0):
 garbage-first heap   total 155648K, used 109726K [0x0000000404000000, 0x0000000800000000)
  region size 8192K, 11 young (90112K), 2 survivors (16384K)
 Metaspace       used 76713K, committed 77632K, reserved 1179648K
  class space    used 10901K, committed 11328K, reserved 1048576K
}
Event: 21.779 GC heap after
{Heap after GC invocations=23 (full 0):
 garbage-first heap   total 155648K, used 37654K [0x0000000404000000, 0x0000000800000000)
  region size 8192K, 2 young (16384K), 2 survivors (16384K)
 Metaspace       used 76713K, committed 77632K, reserved 1179648K
  class space    used 10901K, committed 11328K, reserved 1048576K
}
Event: 22.097 GC heap before
{Heap before GC invocations=23 (full 0):
 garbage-first heap   total 155648K, used 111382K [0x0000000404000000, 0x0000000800000000)
  region size 8192K, 11 young (90112K), 2 survivors (16384K)
 Metaspace       used 83284K, committed 84224K, reserved 1179648K
  class space    used 12009K, committed 12416K, reserved 1048576K
}
Event: 22.100 GC heap after
{Heap after GC invocations=24 (full 0):
 garbage-first heap   total 155648K, used 39980K [0x0000000404000000, 0x0000000800000000)
  region size 8192K, 2 young (16384K), 2 survivors (16384K)
 Metaspace       used 83284K, committed 84224K, reserved 1179648K
  class space    used 12009K, committed 12416K, reserved 1048576K
}
Event: 306.355 GC heap before
{Heap before GC invocations=24 (full 0):
 garbage-first heap   total 155648K, used 80940K [0x0000000404000000, 0x0000000800000000)
  region size 8192K, 8 young (65536K), 2 survivors (16384K)
 Metaspace       used 84781K, committed 85760K, reserved 1179648K
  class space    used 12211K, committed 12672K, reserved 1048576K
}
Event: 306.365 GC heap after
{Heap after GC invocations=25 (full 0):
 garbage-first heap   total 606208K, used 40129K [0x0000000404000000, 0x0000000800000000)
  region size 8192K, 2 young (16384K), 2 survivors (16384K)
 Metaspace       used 84781K, committed 85760K, reserved 1179648K
  class space    used 12211K, committed 12672K, reserved 1048576K
}
Event: 1113.836 GC heap before
{Heap before GC invocations=26 (full 0):
 garbage-first heap   total 163840K, used 122049K [0x0000000404000000, 0x0000000800000000)
  region size 8192K, 12 young (98304K), 2 survivors (16384K)
 Metaspace       used 84421K, committed 85760K, reserved 1179648K
  class space    used 12122K, committed 12672K, reserved 1048576K
}
Event: 1113.845 GC heap after
{Heap after GC invocations=27 (full 0):
 garbage-first heap   total 163840K, used 38682K [0x0000000404000000, 0x0000000800000000)
  region size 8192K, 1 young (8192K), 1 survivors (8192K)
 Metaspace       used 84421K, committed 85760K, reserved 1179648K
  class space    used 12122K, committed 12672K, reserved 1048576K
}

Dll operation events (12 events):
Event: 0.004 Loaded shared library C:\dev\sdk\Java\OpenLogic\jdk-21.0.6.7-hotspot\bin\java.dll
Event: 0.104 Loaded shared library C:\dev\sdk\Java\OpenLogic\jdk-21.0.6.7-hotspot\bin\zip.dll
Event: 0.106 Loaded shared library C:\dev\sdk\Java\OpenLogic\jdk-21.0.6.7-hotspot\bin\instrument.dll
Event: 0.109 Loaded shared library C:\dev\sdk\Java\OpenLogic\jdk-21.0.6.7-hotspot\bin\net.dll
Event: 0.109 Loaded shared library C:\dev\sdk\Java\OpenLogic\jdk-21.0.6.7-hotspot\bin\nio.dll
Event: 0.111 Loaded shared library C:\dev\sdk\Java\OpenLogic\jdk-21.0.6.7-hotspot\bin\zip.dll
Event: 0.167 Loaded shared library C:\dev\sdk\Java\OpenLogic\jdk-21.0.6.7-hotspot\bin\jimage.dll
Event: 0.184 Loaded shared library C:\dev\sdk\Java\OpenLogic\jdk-21.0.6.7-hotspot\bin\management.dll
Event: 0.188 Loaded shared library C:\dev\sdk\Java\OpenLogic\jdk-21.0.6.7-hotspot\bin\management_ext.dll
Event: 0.264 Loaded shared library C:\dev\sdk\Java\OpenLogic\jdk-21.0.6.7-hotspot\bin\extnet.dll
Event: 0.273 Loaded shared library C:\dev\sdk\Java\OpenLogic\jdk-21.0.6.7-hotspot\bin\verify.dll
Event: 0.822 Loaded shared library C:\dev\sdk\Java\OpenLogic\jdk-21.0.6.7-hotspot\bin\sunmscapi.dll

Deoptimization events (20 events):
Event: 1587.998 Thread 0x000001d768a665f0 DEOPT PACKING pc=0x000001d77b3d70ec sp=0x00000041536fc1a0
Event: 1587.998 Thread 0x000001d768a665f0 DEOPT UNPACKING pc=0x000001d77afa4e42 sp=0x00000041536fb780 mode 1
Event: 1587.998 Thread 0x000001d768a665f0 DEOPT PACKING pc=0x000001d77b3bda3c sp=0x00000041536fc3b0
Event: 1587.998 Thread 0x000001d768a665f0 DEOPT UNPACKING pc=0x000001d77afa4e42 sp=0x00000041536fb848 mode 1
Event: 1587.998 Thread 0x000001d768a665f0 DEOPT PACKING pc=0x000001d77b3d70ec sp=0x00000041536fc1d0
Event: 1587.998 Thread 0x000001d768a665f0 DEOPT UNPACKING pc=0x000001d77afa4e42 sp=0x00000041536fb7a0 mode 1
Event: 1587.998 Thread 0x000001d768a665f0 DEOPT PACKING pc=0x000001d77b3bd3e4 sp=0x00000041536fc350
Event: 1587.998 Thread 0x000001d768a665f0 DEOPT UNPACKING pc=0x000001d77afa4e42 sp=0x00000041536fb7f8 mode 1
Event: 1587.998 Thread 0x000001d768a665f0 DEOPT PACKING pc=0x000001d77b3d70ec sp=0x00000041536fc1a0
Event: 1587.998 Thread 0x000001d768a665f0 DEOPT UNPACKING pc=0x000001d77afa4e42 sp=0x00000041536fb780 mode 1
Event: 1587.998 Thread 0x000001d768a665f0 DEOPT PACKING pc=0x000001d77b3bda3c sp=0x00000041536fc3b0
Event: 1587.998 Thread 0x000001d768a665f0 DEOPT UNPACKING pc=0x000001d77afa4e42 sp=0x00000041536fb848 mode 1
Event: 1587.998 Thread 0x000001d768a665f0 DEOPT PACKING pc=0x000001d77b3d70ec sp=0x00000041536fc1d0
Event: 1587.998 Thread 0x000001d768a665f0 DEOPT UNPACKING pc=0x000001d77afa4e42 sp=0x00000041536fb7a0 mode 1
Event: 1587.998 Thread 0x000001d768a665f0 DEOPT PACKING pc=0x000001d77b3bd3e4 sp=0x00000041536fc350
Event: 1587.998 Thread 0x000001d768a665f0 DEOPT UNPACKING pc=0x000001d77afa4e42 sp=0x00000041536fb7f8 mode 1
Event: 1665.161 Thread 0x000001d766074250 DEOPT PACKING pc=0x000001d77bbc0634 sp=0x0000004152efcd50
Event: 1665.161 Thread 0x000001d766074250 DEOPT UNPACKING pc=0x000001d77afa4e42 sp=0x0000004152efc1f8 mode 0
Event: 1665.162 Thread 0x000001d768a665f0 DEOPT PACKING pc=0x000001d77bbc0634 sp=0x00000041536fca40
Event: 1665.162 Thread 0x000001d768a665f0 DEOPT UNPACKING pc=0x000001d77afa4e42 sp=0x00000041536fbee8 mode 0

Classes loaded (20 events):
Event: 21.758 Loading class java/util/EmptyStackException
Event: 21.758 Loading class java/util/EmptyStackException done
Event: 21.770 Loading class java/io/InvalidClassException
Event: 21.770 Loading class java/io/InvalidClassException done
Event: 22.033 Loading class java/time/format/DateTimeParseContext
Event: 22.033 Loading class java/time/format/DateTimeParseContext done
Event: 22.033 Loading class java/time/format/Parsed
Event: 22.033 Loading class java/time/format/Parsed done
Event: 22.104 Loading class java/util/ArrayDeque$DescendingIterator
Event: 22.104 Loading class java/util/ArrayDeque$DescendingIterator done
Event: 22.105 Loading class sun/nio/cs/ISO_8859_1$Encoder
Event: 22.105 Loading class sun/nio/cs/ISO_8859_1$Encoder done
Event: 22.105 Loading class sun/nio/cs/Surrogate$Parser
Event: 22.105 Loading class sun/nio/cs/Surrogate$Parser done
Event: 22.105 Loading class sun/nio/cs/Surrogate
Event: 22.105 Loading class sun/nio/cs/Surrogate done
Event: 22.105 Loading class java/nio/StringCharBuffer
Event: 22.105 Loading class java/nio/StringCharBuffer done
Event: 50.447 Loading class java/math/BigDecimal$StringBuilderHelper
Event: 50.447 Loading class java/math/BigDecimal$StringBuilderHelper done

Classes unloaded (20 events):
Event: 306.384 Thread 0x000001d77ecee4a0 Unloading class 0x000001d7210c0800 'java/lang/invoke/LambdaForm$MH+0x000001d7210c0800'
Event: 306.384 Thread 0x000001d77ecee4a0 Unloading class 0x000001d7210c0400 'java/lang/invoke/LambdaForm$DMH+0x000001d7210c0400'
Event: 306.384 Thread 0x000001d77ecee4a0 Unloading class 0x000001d7210c0000 'java/lang/invoke/LambdaForm$DMH+0x000001d7210c0000'
Event: 306.384 Thread 0x000001d77ecee4a0 Unloading class 0x000001d72100b800 'java/lang/invoke/LambdaForm$MH+0x000001d72100b800'
Event: 306.384 Thread 0x000001d77ecee4a0 Unloading class 0x000001d72100ac00 'java/lang/invoke/LambdaForm$MH+0x000001d72100ac00'
Event: 306.384 Thread 0x000001d77ecee4a0 Unloading class 0x000001d72100a800 'java/lang/invoke/LambdaForm$MH+0x000001d72100a800'
Event: 306.384 Thread 0x000001d77ecee4a0 Unloading class 0x000001d72100a400 'java/lang/invoke/LambdaForm$MH+0x000001d72100a400'
Event: 306.384 Thread 0x000001d77ecee4a0 Unloading class 0x000001d721009c00 'java/lang/invoke/LambdaForm$MH+0x000001d721009c00'
Event: 306.384 Thread 0x000001d77ecee4a0 Unloading class 0x000001d721009000 'java/lang/invoke/LambdaForm$MH+0x000001d721009000'
Event: 306.384 Thread 0x000001d77ecee4a0 Unloading class 0x000001d721008000 'java/lang/invoke/LambdaForm$MH+0x000001d721008000'
Event: 306.384 Thread 0x000001d77ecee4a0 Unloading class 0x000001d721007c00 'java/lang/invoke/LambdaForm$MH+0x000001d721007c00'
Event: 306.384 Thread 0x000001d77ecee4a0 Unloading class 0x000001d721007400 'java/lang/invoke/LambdaForm$MH+0x000001d721007400'
Event: 306.384 Thread 0x000001d77ecee4a0 Unloading class 0x000001d721006c00 'java/lang/invoke/LambdaForm$MH+0x000001d721006c00'
Event: 306.384 Thread 0x000001d77ecee4a0 Unloading class 0x000001d721006400 'java/lang/invoke/LambdaForm$MH+0x000001d721006400'
Event: 306.384 Thread 0x000001d77ecee4a0 Unloading class 0x000001d721005c00 'java/lang/invoke/LambdaForm$MH+0x000001d721005c00'
Event: 306.384 Thread 0x000001d77ecee4a0 Unloading class 0x000001d721005400 'java/lang/invoke/LambdaForm$MH+0x000001d721005400'
Event: 306.384 Thread 0x000001d77ecee4a0 Unloading class 0x000001d721004000 'java/lang/invoke/LambdaForm$MH+0x000001d721004000'
Event: 306.384 Thread 0x000001d77ecee4a0 Unloading class 0x000001d721003c00 'java/lang/invoke/LambdaForm$MH+0x000001d721003c00'
Event: 306.384 Thread 0x000001d77ecee4a0 Unloading class 0x000001d721003800 'java/lang/invoke/LambdaForm$MH+0x000001d721003800'
Event: 306.384 Thread 0x000001d77ecee4a0 Unloading class 0x000001d721003400 'java/lang/invoke/LambdaForm$MH+0x000001d721003400'

Classes redefined (1 events):
Event: 1665.173 Thread 0x000001d77ecee4a0 redefined class name=com.serverside.dt.services.impl.AccountStockServiceImpl, count=1

Internal exceptions (20 events):
Event: 6.375 Thread 0x000001d768a68d50 Exception <a 'java/lang/NoSuchMethodError'{0x000000040a83a698}: 'java.lang.Object java.lang.invoke.Invokers$Holder.linkToTargetMethod(java.lang.Object, java.lang.Object, java.lang.Object, int, java.lang.Object)'> (0x000000040a83a698) 
thrown [s\src\hotspot\share\interpreter\linkResolver.cpp, line 773]
Event: 21.649 Thread 0x000001d768a658d0 Exception <a 'java/lang/NoSuchMethodError'{0x0000000409cfb708}: 'java.lang.Object java.lang.invoke.DirectMethodHandle$Holder.invokeStatic(java.lang.Object, java.lang.Object, java.lang.Object, int, int)'> (0x0000000409cfb708) 
thrown [s\src\hotspot\share\interpreter\linkResolver.cpp, line 773]
Event: 21.650 Thread 0x000001d768a658d0 Exception <a 'java/lang/NoSuchMethodError'{0x0000000409cfeee8}: 'java.lang.Object java.lang.invoke.DirectMethodHandle$Holder.invokeStaticInit(java.lang.Object, java.lang.Object, java.lang.Object, int, int)'> (0x0000000409cfeee8) 
thrown [s\src\hotspot\share\interpreter\linkResolver.cpp, line 773]
Event: 21.667 Thread 0x000001d766074f70 Exception <a 'java/lang/NoSuchMethodError'{0x00000004090965e8}: 'java.lang.Object java.lang.invoke.DirectMethodHandle$Holder.invokeSpecial(java.lang.Object, java.lang.Object, java.lang.Object, java.lang.Object, java.lang.Object, long)'> (0x00000004090965e8) 
thrown [s\src\hotspot\share\interpreter\linkResolver.cpp, line 773]
Event: 21.667 Thread 0x000001d766074f70 Exception <a 'java/lang/NoSuchMethodError'{0x0000000409099dc8}: 'java.lang.Object java.lang.invoke.Invokers$Holder.linkToTargetMethod(java.lang.Object, java.lang.Object, java.lang.Object, long, java.lang.Object)'> (0x0000000409099dc8) 
thrown [s\src\hotspot\share\interpreter\linkResolver.cpp, line 773]
Event: 21.736 Thread 0x000001d7660769b0 Exception <a 'java/lang/IncompatibleClassChangeError'{0x0000000408fe9838}: Found class java.lang.Object, but interface was expected> (0x0000000408fe9838) 
thrown [s\src\hotspot\share\interpreter\linkResolver.cpp, line 840]
Event: 21.747 Thread 0x000001d7660769b0 Exception <a 'java/lang/NoSuchMethodError'{0x000000040825fb50}: 'double java.lang.invoke.DirectMethodHandle$Holder.invokeStatic(java.lang.Object, double)'> (0x000000040825fb50) 
thrown [s\src\hotspot\share\interpreter\linkResolver.cpp, line 773]
Event: 21.748 Thread 0x000001d7660769b0 Exception <a 'java/lang/NoSuchMethodError'{0x0000000408265250}: 'double java.lang.invoke.DirectMethodHandle$Holder.invokeStaticInit(java.lang.Object, double)'> (0x0000000408265250) 
thrown [s\src\hotspot\share\interpreter\linkResolver.cpp, line 773]
Event: 21.944 Thread 0x000001d7660769b0 Exception <a 'java/lang/NoSuchMethodError'{0x000000040a0a3748}: 'java.lang.Object java.lang.invoke.DirectMethodHandle$Holder.invokeStatic(java.lang.Object, java.lang.Object, java.lang.Object, java.lang.Object, java.lang.Object, java.lang.Object, java.lang.Object, java.lang.Object, java.lang.Object, int)'> (0x000000040a0a3748) 
thrown [s\src\hotspot\share\interpreter\linkResolver.cpp, line 773]
Event: 21.944 Thread 0x000001d7660769b0 Exception <a 'java/lang/NoSuchMethodError'{0x000000040a0ae550}: 'java.lang.Object java.lang.invoke.DirectMethodHandle$Holder.invokeStatic(java.lang.Object, java.lang.Object, java.lang.Object, java.lang.Object, java.lang.Object, java.lang.Object, java.lang.Object, java.lang.Object, java.lang.Object, java.lang.Object, int)'> (0x000000040a0ae550) 
thrown [s\src\hotspot\share\interpreter\linkResolver.cpp, line 773]
Event: 21.945 Thread 0x000001d7660769b0 Exception <a 'java/lang/NoSuchMethodError'{0x000000040a0c0848}: 'java.lang.Object java.lang.invoke.DirectMethodHandle$Holder.invokeStatic(java.lang.Object, java.lang.Object, java.lang.Object, java.lang.Object, java.lang.Object, java.lang.Object, java.lang.Object, java.lang.Object, int)'> (0x000000040a0c0848) 
thrown [s\src\hotspot\share\interpreter\linkResolver.cpp, line 773]
Event: 21.959 Thread 0x000001d7660769b0 Exception <a 'java/lang/NoSuchMethodError'{0x000000040a6467e0}: 'java.lang.Object java.lang.invoke.DirectMethodHandle$Holder.newInvokeSpecial(java.lang.Object, java.lang.Object, int, int)'> (0x000000040a6467e0) 
thrown [s\src\hotspot\share\interpreter\linkResolver.cpp, line 773]
Event: 21.959 Thread 0x000001d7660769b0 Exception <a 'java/lang/NoSuchMethodError'{0x000000040a64ac78}: 'java.lang.Object java.lang.invoke.DirectMethodHandle$Holder.invokeSpecial(java.lang.Object, java.lang.Object, java.lang.Object, int, int)'> (0x000000040a64ac78) 
thrown [s\src\hotspot\share\interpreter\linkResolver.cpp, line 773]
Event: 21.962 Thread 0x000001d7660769b0 Exception <a 'java/lang/NoSuchMethodError'{0x000000040a7010d0}: 'void java.lang.invoke.DirectMethodHandle$Holder.invokeStatic(java.lang.Object, java.lang.Object, int, int, java.lang.Object)'> (0x000000040a7010d0) 
thrown [s\src\hotspot\share\interpreter\linkResolver.cpp, line 773]
Event: 21.964 Thread 0x000001d7660769b0 Exception <a 'java/lang/NoSuchMethodError'{0x000000040a76cf28}: 'void java.lang.invoke.DirectMethodHandle$Holder.invokeSpecialIFC(java.lang.Object, java.lang.Object, int, java.lang.Object, java.lang.Object, java.lang.Object, java.lang.Object)'> (0x000000040a76cf28) 
thrown [s\src\hotspot\share\interpreter\linkResolver.cpp, line 773]
Event: 21.999 Thread 0x000001d7660769b0 Exception <a 'java/lang/NoSuchMethodError'{0x0000000409f6b650}: 'java.lang.Object java.lang.invoke.DirectMethodHandle$Holder.newInvokeSpecial(java.lang.Object, java.lang.Object, java.lang.Object, long)'> (0x0000000409f6b650) 
thrown [s\src\hotspot\share\interpreter\linkResolver.cpp, line 773]
Event: 21.999 Thread 0x000001d7660769b0 Exception <a 'java/lang/NoSuchMethodError'{0x0000000409f6fa50}: 'java.lang.Object java.lang.invoke.DirectMethodHandle$Holder.invokeSpecial(java.lang.Object, java.lang.Object, java.lang.Object, java.lang.Object, long)'> (0x0000000409f6fa50) 
thrown [s\src\hotspot\share\interpreter\linkResolver.cpp, line 773]
Event: 21.999 Thread 0x000001d7660769b0 Exception <a 'java/lang/NoSuchMethodError'{0x0000000409f73740}: 'java.lang.Object java.lang.invoke.Invokers$Holder.linkToTargetMethod(java.lang.Object, java.lang.Object, long, java.lang.Object)'> (0x0000000409f73740) 
thrown [s\src\hotspot\share\interpreter\linkResolver.cpp, line 773]
Event: 22.050 Thread 0x000001d7660769b0 Exception <a 'java/lang/NoSuchMethodError'{0x00000004096f74f8}: 'int java.lang.invoke.DirectMethodHandle$Holder.invokeStatic(java.lang.Object, java.lang.Object, int, int)'> (0x00000004096f74f8) 
thrown [s\src\hotspot\share\interpreter\linkResolver.cpp, line 773]
Event: 50.439 Thread 0x000001d766074250 Exception <a 'java/lang/IncompatibleClassChangeError'{0x00000004223207a8}: Found class java.lang.Object, but interface was expected> (0x00000004223207a8) 
thrown [s\src\hotspot\share\interpreter\linkResolver.cpp, line 840]

ZGC Phase Switch (0 events):
No events

VM Operations (20 events):
Event: 1665.162 Executing VM operation: ChangeSingleStep
Event: 1665.162 Executing VM operation: ChangeSingleStep done
Event: 1665.169 Executing VM operation: RedefineClasses
Event: 1665.188 Executing VM operation: RedefineClasses done
Event: 1665.196 Executing VM operation: ChangeBreakpoints
Event: 1665.197 Executing VM operation: ChangeBreakpoints done
Event: 1665.205 Executing VM operation: ChangeBreakpoints
Event: 1665.206 Executing VM operation: ChangeBreakpoints done
Event: 1665.215 Executing VM operation: ChangeBreakpoints
Event: 1665.217 Executing VM operation: ChangeBreakpoints done
Event: 1665.217 Executing VM operation: ChangeBreakpoints
Event: 1665.218 Executing VM operation: ChangeBreakpoints done
Event: 1665.226 Executing VM operation: ChangeBreakpoints
Event: 1665.227 Executing VM operation: ChangeBreakpoints done
Event: 1665.234 Executing VM operation: ChangeBreakpoints
Event: 1665.236 Executing VM operation: ChangeBreakpoints done
Event: 1665.244 Executing VM operation: ChangeBreakpoints
Event: 1665.245 Executing VM operation: ChangeBreakpoints done
Event: 1665.247 Executing VM operation: ChangeSingleStep
Event: 1665.247 Executing VM operation: ChangeSingleStep done

Memory protections (0 events):
No events

Nmethod flushes (20 events):
Event: 306.391 Thread 0x000001d77ecee4a0 flushing  nmethod 0x000001d77b704390
Event: 306.391 Thread 0x000001d77ecee4a0 flushing  nmethod 0x000001d77b706310
Event: 306.391 Thread 0x000001d77ecee4a0 flushing  nmethod 0x000001d77b70c810
Event: 306.391 Thread 0x000001d77ecee4a0 flushing  nmethod 0x000001d77b809690
Event: 306.391 Thread 0x000001d77ecee4a0 flushing  nmethod 0x000001d77b80e410
Event: 306.391 Thread 0x000001d77ecee4a0 flushing  nmethod 0x000001d77b817310
Event: 306.391 Thread 0x000001d77ecee4a0 flushing  nmethod 0x000001d77b817910
Event: 306.391 Thread 0x000001d77ecee4a0 flushing  nmethod 0x000001d77b81fc10
Event: 306.391 Thread 0x000001d77ecee4a0 flushing  nmethod 0x000001d77b820210
Event: 306.391 Thread 0x000001d77ecee4a0 flushing  nmethod 0x000001d77b831010
Event: 306.391 Thread 0x000001d77ecee4a0 flushing  nmethod 0x000001d77b831c90
Event: 306.391 Thread 0x000001d77ecee4a0 flushing  nmethod 0x000001d77b832190
Event: 306.391 Thread 0x000001d77ecee4a0 flushing  nmethod 0x000001d77b83d690
Event: 306.391 Thread 0x000001d77ecee4a0 flushing  nmethod 0x000001d77b83f990
Event: 306.391 Thread 0x000001d77ecee4a0 flushing  nmethod 0x000001d77b841110
Event: 306.391 Thread 0x000001d77ecee4a0 flushing  nmethod 0x000001d77b85bf90
Event: 306.391 Thread 0x000001d77ecee4a0 flushing  nmethod 0x000001d77b85cf10
Event: 306.391 Thread 0x000001d77ecee4a0 flushing  nmethod 0x000001d77b85e390
Event: 306.391 Thread 0x000001d77ecee4a0 flushing osr nmethod 0x000001d77b85ee10
Event: 306.391 Thread 0x000001d77ecee4a0 flushing  nmethod 0x000001d77b9d2890

Events (20 events):
Event: 1513.343 Thread 0x000001d766076320 Thread added: 0x000001d768a686c0
Event: 1513.345 Thread 0x000001d768a686c0 Thread added: 0x000001d768a69a70
Event: 1518.354 Thread 0x000001d768a686c0 Thread exited: 0x000001d768a686c0
Event: 1519.565 Thread 0x000001d768a69a70 Thread exited: 0x000001d768a69a70
Event: 1567.984 Thread 0x000001d71fbf4c50 Thread added: 0x000001d76d53f560
Event: 1567.984 Thread 0x000001d71fbf4c50 Thread added: 0x000001d76d5409d0
Event: 1567.992 Thread 0x000001d76d5409d0 Thread added: 0x000001d76d53e7c0
Event: 1573.006 Thread 0x000001d76d53e7c0 Thread exited: 0x000001d76d53e7c0
Event: 1573.006 Thread 0x000001d76d5409d0 Thread exited: 0x000001d76d5409d0
Event: 1573.006 Thread 0x000001d76d53f560 Thread exited: 0x000001d76d53f560
Event: 1623.791 Thread 0x000001d766076320 Thread added: 0x000001d768a69a70
Event: 1623.791 Thread 0x000001d768a69a70 Thread added: 0x000001d768a68030
Event: 1624.941 Thread 0x000001d71fbf4c50 Thread added: 0x000001d76d0c69b0
Event: 1624.941 Thread 0x000001d71fbf4c50 Thread added: 0x000001d76d0c7e20
Event: 1624.942 Thread 0x000001d71fbf4c50 Thread added: 0x000001d76d0c7080
Event: 1628.806 Thread 0x000001d768a69a70 Thread exited: 0x000001d768a69a70
Event: 1629.954 Thread 0x000001d76d0c7080 Thread exited: 0x000001d76d0c7080
Event: 1630.001 Thread 0x000001d768a68030 Thread exited: 0x000001d768a68030
Event: 1630.127 Thread 0x000001d76d0c69b0 Thread exited: 0x000001d76d0c69b0
Event: 1630.127 Thread 0x000001d76d0c7e20 Thread exited: 0x000001d76d0c7e20


Dynamic libraries:
0x00007ff71cf60000 - 0x00007ff71cf6e000 	C:\dev\sdk\Java\OpenLogic\jdk-21.0.6.7-hotspot\bin\javaw.exe
0x00007ffb463c0000 - 0x00007ffb46627000 	C:\WINDOWS\SYSTEM32\ntdll.dll
0x00007ffb45c80000 - 0x00007ffb45d49000 	C:\WINDOWS\System32\KERNEL32.DLL
0x00007ffb43b30000 - 0x00007ffb43f27000 	C:\WINDOWS\System32\KERNELBASE.dll
0x00007ffb43f30000 - 0x00007ffb4407b000 	C:\WINDOWS\System32\ucrtbase.dll
0x00007ffb3d5c0000 - 0x00007ffb3d5d8000 	C:\dev\sdk\Java\OpenLogic\jdk-21.0.6.7-hotspot\bin\jli.dll
0x00007ffb28670000 - 0x00007ffb2868b000 	C:\dev\sdk\Java\OpenLogic\jdk-21.0.6.7-hotspot\bin\VCRUNTIME140.dll
0x00007ffb44680000 - 0x00007ffb44846000 	C:\WINDOWS\System32\USER32.dll
0x00007ffb43a70000 - 0x00007ffb43a97000 	C:\WINDOWS\System32\win32u.dll
0x00007ffb266f0000 - 0x00007ffb26982000 	C:\WINDOWS\WinSxS\amd64_microsoft.windows.common-controls_6595b64144ccf1df_6.0.26100.8457_none_3e0b2faee331e92d\COMCTL32.dll
0x00007ffb44e30000 - 0x00007ffb44e5b000 	C:\WINDOWS\System32\GDI32.dll
0x00007ffb44190000 - 0x00007ffb44239000 	C:\WINDOWS\System32\msvcrt.dll
0x00007ffb43890000 - 0x00007ffb439bc000 	C:\WINDOWS\System32\gdi32full.dll
0x00007ffb437e0000 - 0x00007ffb43883000 	C:\WINDOWS\System32\msvcp_win.dll
0x00007ffb44150000 - 0x00007ffb44182000 	C:\WINDOWS\System32\IMM32.DLL
0x00007ffb34b70000 - 0x00007ffb34b7c000 	C:\dev\sdk\Java\OpenLogic\jdk-21.0.6.7-hotspot\bin\vcruntime140_1.dll
0x00007ffb285e0000 - 0x00007ffb2866d000 	C:\dev\sdk\Java\OpenLogic\jdk-21.0.6.7-hotspot\bin\msvcp140.dll
0x00007ffa2d9b0000 - 0x00007ffa2e74f000 	C:\dev\sdk\Java\OpenLogic\jdk-21.0.6.7-hotspot\bin\server\jvm.dll
0x00007ffb45a50000 - 0x00007ffb45b06000 	C:\WINDOWS\System32\ADVAPI32.dll
0x00007ffb445d0000 - 0x00007ffb44677000 	C:\WINDOWS\System32\sechost.dll
0x00007ffb44d10000 - 0x00007ffb44e28000 	C:\WINDOWS\System32\RPCRT4.dll
0x00007ffb46260000 - 0x00007ffb462e0000 	C:\WINDOWS\System32\WS2_32.dll
0x00007ffb429e0000 - 0x00007ffb42a3e000 	C:\WINDOWS\SYSTEM32\POWRPROF.dll
0x00007ffb351f0000 - 0x00007ffb35226000 	C:\WINDOWS\SYSTEM32\WINMM.dll
0x00007ffb3bbf0000 - 0x00007ffb3bbfb000 	C:\WINDOWS\SYSTEM32\VERSION.dll
0x00007ffb429c0000 - 0x00007ffb429d4000 	C:\WINDOWS\SYSTEM32\UMPDC.dll
0x00007ffb41b40000 - 0x00007ffb41b5b000 	C:\WINDOWS\SYSTEM32\kernel.appcore.dll
0x00007ffb28dc0000 - 0x00007ffb28dca000 	C:\dev\sdk\Java\OpenLogic\jdk-21.0.6.7-hotspot\bin\jimage.dll
0x00007ffb2c8e0000 - 0x00007ffb2cb22000 	C:\WINDOWS\SYSTEM32\DBGHELP.DLL
0x00007ffb44240000 - 0x00007ffb445c3000 	C:\WINDOWS\System32\combase.dll
0x00007ffb45ba0000 - 0x00007ffb45c79000 	C:\WINDOWS\System32\OLEAUT32.dll
0x00007ffb293b0000 - 0x00007ffb293eb000 	C:\WINDOWS\SYSTEM32\dbgcore.DLL
0x00007ffb439c0000 - 0x00007ffb43a68000 	C:\WINDOWS\System32\bcryptPrimitives.dll
0x00007ffb26270000 - 0x00007ffb262ac000 	C:\dev\sdk\Java\OpenLogic\jdk-21.0.6.7-hotspot\bin\jdwp.dll
0x00007ffb28740000 - 0x00007ffb2874e000 	C:\dev\sdk\Java\OpenLogic\jdk-21.0.6.7-hotspot\bin\instrument.dll
0x00007ffb285c0000 - 0x00007ffb285df000 	C:\dev\sdk\Java\OpenLogic\jdk-21.0.6.7-hotspot\bin\java.dll
0x00007ffb44fc0000 - 0x00007ffb4572e000 	C:\WINDOWS\System32\SHELL32.dll
0x00007ffb42df0000 - 0x00007ffb4365c000 	C:\WINDOWS\System32\windows.storage.dll
0x00007ffb46150000 - 0x00007ffb46246000 	C:\WINDOWS\System32\SHCORE.dll
0x00007ffb458e0000 - 0x00007ffb45946000 	C:\WINDOWS\System32\shlwapi.dll
0x00007ffb42d10000 - 0x00007ffb42d39000 	C:\WINDOWS\SYSTEM32\profapi.dll
0x00007ffb285b0000 - 0x00007ffb285bb000 	C:\dev\sdk\Java\OpenLogic\jdk-21.0.6.7-hotspot\bin\dt_socket.dll
0x00007ffb41530000 - 0x00007ffb41562000 	C:\WINDOWS\SYSTEM32\IPHLPAPI.DLL
0x00007ffb42090000 - 0x00007ffb420fc000 	C:\WINDOWS\system32\mswsock.dll
0x00007ffb415c0000 - 0x00007ffb416f2000 	C:\WINDOWS\SYSTEM32\DNSAPI.dll
0x00007ffb46370000 - 0x00007ffb4637a000 	C:\WINDOWS\System32\NSI.dll
0x00007ffb3b430000 - 0x00007ffb3b43b000 	C:\Windows\System32\rasadhlp.dll
0x00007ffb3b810000 - 0x00007ffb3b896000 	C:\WINDOWS\System32\fwpuclnt.dll
0x00007ffb26250000 - 0x00007ffb26268000 	C:\dev\sdk\Java\OpenLogic\jdk-21.0.6.7-hotspot\bin\zip.dll
0x00007ffb26240000 - 0x00007ffb26250000 	C:\dev\sdk\Java\OpenLogic\jdk-21.0.6.7-hotspot\bin\net.dll
0x00007ffb3c740000 - 0x00007ffb3c869000 	C:\WINDOWS\SYSTEM32\WINHTTP.dll
0x00007ffb25ca0000 - 0x00007ffb25cb6000 	C:\dev\sdk\Java\OpenLogic\jdk-21.0.6.7-hotspot\bin\nio.dll
0x00007ffb25c90000 - 0x00007ffb25c99000 	C:\dev\sdk\Java\OpenLogic\jdk-21.0.6.7-hotspot\bin\management.dll
0x00007ffb25c80000 - 0x00007ffb25c8b000 	C:\dev\sdk\Java\OpenLogic\jdk-21.0.6.7-hotspot\bin\management_ext.dll
0x00007ffb44870000 - 0x00007ffb44878000 	C:\WINDOWS\System32\PSAPI.DLL
0x00007ffb21c50000 - 0x00007ffb21c68000 	C:\WINDOWS\system32\napinsp.dll
0x00007ffb20910000 - 0x00007ffb20923000 	C:\WINDOWS\System32\winrnr.dll
0x00007ffb208e0000 - 0x00007ffb20902000 	C:\WINDOWS\system32\nlansp_c.dll
0x00007ffb208c0000 - 0x00007ffb208d6000 	C:\WINDOWS\system32\wshbth.dll
0x00007ffb42490000 - 0x00007ffb424ab000 	C:\WINDOWS\SYSTEM32\CRYPTSP.dll
0x00007ffb41aa0000 - 0x00007ffb41ad9000 	C:\WINDOWS\system32\rsaenh.dll
0x00007ffb42140000 - 0x00007ffb42173000 	C:\WINDOWS\SYSTEM32\USERENV.dll
0x00007ffb42ce0000 - 0x00007ffb42d0a000 	C:\WINDOWS\SYSTEM32\bcrypt.dll
0x00007ffb422f0000 - 0x00007ffb422fc000 	C:\WINDOWS\SYSTEM32\CRYPTBASE.dll
0x00007ffb25c70000 - 0x00007ffb25c79000 	C:\dev\sdk\Java\OpenLogic\jdk-21.0.6.7-hotspot\bin\extnet.dll
0x00007ffb25c60000 - 0x00007ffb25c70000 	C:\dev\sdk\Java\OpenLogic\jdk-21.0.6.7-hotspot\bin\verify.dll
0x00007ffb25c50000 - 0x00007ffb25c5e000 	C:\dev\sdk\Java\OpenLogic\jdk-21.0.6.7-hotspot\bin\sunmscapi.dll
0x00007ffb43660000 - 0x00007ffb437d8000 	C:\WINDOWS\System32\CRYPT32.dll
0x00007ffb42660000 - 0x00007ffb42690000 	C:\WINDOWS\SYSTEM32\ncrypt.dll
0x00007ffb42610000 - 0x00007ffb4264f000 	C:\WINDOWS\SYSTEM32\NTASN1.dll
0x00007ffb009b0000 - 0x00007ffb009b8000 	C:\WINDOWS\system32\wshunix.dll

dbghelp: loaded successfully - version: 4.0.5 - missing functions: none
symbol engine: initialized successfully - sym options: 0x614 - pdb path: .;C:\dev\sdk\Java\OpenLogic\jdk-21.0.6.7-hotspot\bin;C:\WINDOWS\SYSTEM32;C:\WINDOWS\WinSxS\amd64_microsoft.windows.common-controls_6595b64144ccf1df_6.0.26100.8457_none_3e0b2faee331e92d;C:\dev\sdk\Java\OpenLogic\jdk-21.0.6.7-hotspot\bin\server

VM Arguments:
jvm_args: -XX:+ShowCodeDetailsInExceptionMessages -agentlib:jdwp=transport=dt_socket,suspend=y,address=localhost:56223 -Dcom.sun.management.jmxremote -Dcom.sun.management.jmxremote.port=56222 -Dcom.sun.management.jmxremote.authenticate=false -Dcom.sun.management.jmxremote.ssl=false -Djava.rmi.server.hostname=localhost -Dspring.jmx.enabled=true -Dmanagement.endpoints.jmx.exposure.include=* -Dspring.application.admin.enabled=true -Dspring.output.ansi.enabled=always -XX:TieredStopAtLevel=1 -Dspring.boot.project.name=Dividend-Tracker-Server -javaagent:C:\dev\tools\ide\eclipse\jee-2026-03\eclipse\configuration\org.eclipse.osgi\1029\0\.cp\lib\javaagent-shaded.jar -Dfile.encoding=UTF-8 -Dstdout.encoding=UTF-8 -Dstderr.encoding=UTF-8 
java_command: com.serverside.dt.DividendTrackerServerApplication
java_class_path (initial): C:\dev\projects\serverside\Dividend-Tracker-Server\bin\main;C:\dev\projects\serverside\Dividend-Tracker-Server\bin\default;C:\Users\wisdomsprince\.gradle\caches\modules-2\files-2.1\org.projectlombok\lombok\1.18.46\a5cfe99fdf320e84955ef653f2ce1bf789d11385\lombok-1.18.46.jar;C:\Users\wisdomsprince\.gradle\caches\modules-2\files-2.1\org.springframework.boot\spring-boot-starter-data-jpa\4.0.6\7ae183d29edb5b8583685ea71021105eafc99ad9\spring-boot-starter-data-jpa-4.0.6.jar;C:\Users\wisdomsprince\.gradle\caches\modules-2\files-2.1\org.springframework.boot\spring-boot-starter-webmvc\4.0.6\a7ac55e4eb7cf4d2931557135f90870003641290\spring-boot-starter-webmvc-4.0.6.jar;C:\Users\wisdomsprince\.gradle\caches\modules-2\files-2.1\org.springframework.boot\spring-boot-starter-actuator\4.0.6\a225366838915974c39449e201de012d4d88a609\spring-boot-starter-actuator-4.0.6.jar;C:\Users\wisdomsprince\.gradle\caches\modules-2\files-2.1\org.mapstruct\mapstruct\1.6.3\416a2155212286d6a1c4cb3bb553c7dfd6a1a092\mapstruct-1.6.3.jar;C:\Users\wisdomsprince\.gradle\caches\modules-2\files-2.1\org.springframework.boot\spring-boot-starter-jdbc\4.0.6\134232052dcbf089ff52e37aea3ae81c9448c746\spring-boot-starter-jdbc-4.0.6.jar;C:\Users\wisdomsprince\.gradle\caches\modules-2\files-2.1\org.springframework.boot\spring-boot-starter-jackson\4.0.6\38895733cded8ac4007d7ee028e3bf1f718514f1\spring-boot-starter-jackson-4.0.6.jar;C:\Users\wisdomsprince\.gradle\caches\modules-2\files-2.1\org.springframework.boot\spring-boot-starter-tomcat\4.0.6\b646e4b063dacdf5079efcfa685c4a8803ff4ac1\spring-boot-starter-tomcat-4.0.6.jar;C:\Users\wisdomsprince\.gradle\caches\modules-2\files-2.1\org.springframework.boot\spring-boot-starter-micrometer-metrics\4.0.6\fb1dcfc7713f6279ce3919c5a81008632d901594\spring-boot-starter-micrometer-metrics-4.0.6.jar;C:\Users\wisdomsprince\.gradle\caches\modules-2\files-2.1\org.springframework.boot\spring-boot-starter\4.0.6\589f058443a5ca53cf38253fa05aa69dd0e87e0e\spring-boot-starter-4.0.6.jar;C:\Users\wisdomsprince\.gradle\caches\modules-2\files-2.1\org.springframework.boot\spring-boot-data-jpa\4.0.6\e4f73ed89d180378acdad704b1b88d8cfd191862\spring-boot-data-jpa-4.0.6.jar;C:\Users\wisdomsprince\.gradle\caches\modules-2\files-2.1\org.springframework.boot\spring-boot-hibernate\4.0.6\1583369af62ba1e587e6f82c8c95dff5694e63b\spring-boot-hibernate-4.0.6.jar;C:\Users\wisdomsprince\.gradle\caches\modules-2\files-2.1\org.springframework.boot\spring-boot-jpa\4.0.6\2298c83f9e4473998fe1c695d42f3fcc161f6eb3\spring-boot-jpa-4.0.6.jar;C:\Users\wisdomsprince\.gradle\caches\modules-2\files-2.1\org.springframework.boot\spring-boot-jdbc\4.0.6\fd649f51a6cef57b011167676f67ccfd51901932\spring-boot-jdbc-4.0.6.jar;C:\Users\wisdomsprince\.gradle\caches\modules-2\files-2.1\org.springframework.boot\spring-boot-http-converter\4.0.6\2e880be042b7543e6767d99a8f5777d41e92be93\spring-boot-http-converter-4.0.6.jar;C:\Users\wisdomsprince\.gradle\caches\modules-2\files-2.1\org.springframework.boot\spring-boot-webmvc\4.0.6\2a5877540d8f8bd4df5071d1848fc0a30384117b\spring-boot-webmvc-4.0.6.jar;C:\Users\wisdomsprince\.gradle\caches\modules-2\files-2.1\org.springframework.boot\spring-boot-actuator-autoconfigure\4.0.6\bdd2d4f29031aa35993dbe6425b1092913aac531\spring-boot-actuator-autoconfigure-4.0.6.jar;C:\Users\wisdomsprince\.gradle\caches\modules-2\files-2.1\org.springframework.boot\spring-boot-health\4.0.6\992fd269677bb02b751ef1f58621abcff3855ea0\spring-boot-health-4.0.6.jar;C:\Users\wisdomsprince\.gradle\caches\modules-2\files-2.1\io.micrometer\micrometer-jakarta9\1.16.5\2e98cb69f333a3d2eb78f338c99cb7f11d9c533a\micrometer-jakarta9-1.16.5.jar;C:\Users\wisdomsprince\.gradle\caches\modules-2\files-2.1\org.springframework.boot\spring-boot-servlet\4.0.6\8a1d703662d560a7826c61a908f5307e795cb370\spring-boot-servlet-4.0.6.jar;C:\Users\wisdomsprince\.gradle\caches\modules-2\files-2.1\org.springframework\spring-webmvc\7.0.7\5d7758ed288cda1eacae4b96defb9eed3a7e561d\spring-webmvc-7.0.7.jar;C:\Users\wisdomsprince\.gradle\caches\modules-2\files-2.1\org.springframework.boot\spring-boot-starter-tomcat-runtime\4.0.6\93cb616795ce25f7fd58ef3d1dcc8c3ed2d82578\spring-boot-starter-tomcat-runtime-4.0.6.jar;C:\Users\wisdomsprince\.gradle\caches\modules-2\files-2.1\org.springframework.boot\spring-boot-tomcat\4.0.6\46bcbbdd2bddd2a6932bbdcf9ac2d943a83f0629\spring-boot-tomcat-4.0.6.jar;C:\Users\wisdomsprince\.gradle\caches\modules-2\files-2.1\org.springframework.boot\spring-boot-web-server\4.0.6\8a087bc97418b3082fe402b3241260180fa7133e\spring-boot-web-server-4.0.6.jar;C:\Users\wisdomsprince\.gradle\caches\modules-2\files-2.1\org.springframework\spring-web\7.0.7\8c6ba7dd1ef6a3d9246b08885185806426daa7ec\spring-web-7.0.7.jar;C:\Users\wisdomsprince\.gradle\caches\modules-2\files-2.1\org.springframework.boot\spring-boot-micrometer-metrics\4.0.6\96dbcd4eab73a4fcb2e277c6416d2c0758132689\spring-boot-micrometer-metrics-4.0.6.jar;C:\Users\wisdomsprince\.gradle\caches\modules-2\files-2.1\io.micrometer\micrometer-core\1.16.5\eed1add84bba09a75ac35733cb0ed6bf5a1d3cb7\micrometer-core-1.16.5.jar;C:\Users\wisdomsprince\.gradle\caches\modules-2\files-2.1\org.springframework.data\spring-data-jpa\4.0.5\fbb375863a4deb4df21b803756b97b767e18559a\spring-data-jpa-4.0.5.jar;C:\Users\wisdomsprince\.gradle\caches\modules-2\files-2.1\org.springframework.boot\spring-boot-autoconfigure\4.0.6\95db07bd446a6bc10e791a1502a0c542a81872d1\spring-boot-autoconfigure-4.0.6.jar;C:\Users\wisdomsprince\.gradle\caches\modules-2\files-2.1\org.springframework.boot\spring-boot-data-commons\4.0.6\4702c0e63d5164330fbaef7a5e55d0d173cc3ab9\spring-boot-data-commons-4.0.6.jar;C:\Users\wisdomsprince\.gradle\caches\modules-2\files-2.1\org.springframework.boot\spring-boot-sql\4.0.6\2526bc5a53f0ca3c029a4c02a1360a25c9e226d4\spring-boot-sql-4.0.6.jar;C:\Users\wisdomsprince\.gradle\caches\modules-2\files-2.1\org.springframework.boot\spring-boot-transaction\4.0.6\c7ebf15df555b5e8895e936609b1afa0ba2c1264\spring-boot-transaction-4.0.6.jar;C:\Users\wisdomsprince\.gradle\caches\modules-2\files-2.1\org.springframework.boot\spring-boot-jackson\4.0.6\506bcf91451a44789dd5d9ef1855d524069140ef\spring-boot-jackson-4.0.6.jar;C:\Users\wisdomsprince\.gradle\caches\modules-2\files-2.1\org.springframework.boot\spring-boot-actuator\4.0.6\e5470926718d2c85f574eff0f0f1f264a605a7f\spring-boot-actuator-4.0.6.jar;C:\Users\wisdomsprince\.gradle\caches\modules-2\files-2.1\org.springframework.boot\spring-boot-persistence\4.0.6\43caab2de2aeaf4a7ae9aa5c5e049722697c06a2\spring-boot-persistence-4.0.6.jar;C:\Users\wisdomsprince\.gradle\caches\modules-2\files-2.1\org.springframework.boot\spring-boot-micrometer-observation\4.0.6\ab486802d7623d00f02ee9838d94af66636b440c\spring-boot-micrometer-observation-4.0.6.jar;C:\Users\wisdomsprince\.gradle\caches\modules-2\files-2.1\org.springframework.boot\spring-boot\4.0.6\5bcc4d77a2ff7d18274f2394b5eea1d658e46305\spring-boot-4.0.6.jar;C:\Users\wisdomsprince\.gradle\caches\modules-2\files-2.1\org.springframework\spring-context\7.0.7\bd71294ceaa815abcdbbf5e116c9382103845139\spring-context-7.0.7.jar;C:\Users\wisdomsprince\.gradle\caches\modules-2\files-2.1\io.micrometer\micrometer-observation\1.16.5\9dff48a7a9dd84d9083e30a36855bb21a7d6836e\micrometer-observation-1.16.5.jar;C:\Users\wisdomsprince\.gradle\caches\modules-2\files-2.1\org.springframework.boot\spring-boot-starter-logging\4.0.6\eb85ce7bf1c9bdc660a267d9cb481470609bac30\spring-boot-starter-logging-4.0.6.jar;C:\Users\wisdomsprince\.gradle\caches\modules-2\files-2.1\jakarta.annotation\jakarta.annotation-api\3.0.0\54f928fadec906a99d558536756d171917b9d936\jakarta.annotation-api-3.0.0.jar;C:\Users\wisdomsprince\.gradle\caches\modules-2\files-2.1\org.yaml\snakeyaml\2.5\2d53ddec134280cb384c1e35d094e5f71c1f2316\snakeyaml-2.5.jar;C:\Users\wisdomsprince\.gradle\caches\modules-2\files-2.1\com.zaxxer\HikariCP\7.0.2\c2b43c946b86a14a96342379e22b004c56c6166d\HikariCP-7.0.2.jar;C:\Users\wisdomsprince\.gradle\caches\modules-2\files-2.1\org.springframework\spring-aspects\7.0.7\e507bc50ddca9ee54c37191f9c96e5f491459d3c\spring-aspects-7.0.7.jar;C:\Users\wisdomsprince\.gradle\caches\modules-2\files-2.1\org.springframework\spring-orm\7.0.7\c5f883ce3bf4407a8c86751e3fa3a2fac4482626\spring-orm-7.0.7.jar;C:\Users\wisdomsprince\.gradle\caches\modules-2\files-2.1\org.springframework\spring-jdbc\7.0.7\7369c7cc321b649f291c6222e5982d75878845c5\spring-jdbc-7.0.7.jar;C:\Users\wisdomsprince\.gradle\caches\modules-2\files-2.1\io.micrometer\micrometer-commons\1.16.5\f8c25a4e35d5049d41d8446b111b9891ae407881\micrometer-commons-1.16.5.jar;C:\Users\wisdomsprince\.gradle\caches\modules-2\files-2.1\org.apache.logging.log4j\log4j-to-slf4j\2.25.4\68df56640a5d245192e91bd2ac89e504b477cc10\log4j-to-slf4j-2.25.4.jar;C:\Users\wisdomsprince\.gradle\caches\modules-2\files-2.1\org.springframework.data\spring-data-commons\4.0.5\eed2c7272ba1b13456124949a2bdcbd035ab1154\spring-data-commons-4.0.5.jar;C:\Users\wisdomsprince\.gradle\caches\modules-2\files-2.1\org.springframework\spring-aop\7.0.7\21045648cc638653fb872da3b3fdd50b1cb7b370\spring-aop-7.0.7.jar;C:\Users\wisdomsprince\.gradle\caches\modules-2\files-2.1\org.springframework\spring-tx\7.0.7\c398a2ab7706e16c90be33ff9eaafcb2872d73bf\spring-tx-7.0.7.jar;C:\Users\wisdomsprince\.gradle\caches\modules-2\files-2.1\org.springframework\spring-beans\7.0.7\1278f23233223c480880b62234c96fb3545ba104\spring-beans-7.0.7.jar;C:\Users\wisdomsprince\.gradle\caches\modules-2\files-2.1\org.springframework\spring-expression\7.0.7\90c3dc3174244786c33eb3a2be8c5006cfc7389b\spring-expression-7.0.7.jar;C:\Users\wisdomsprince\.gradle\caches\modules-2\files-2.1\org.springframework\spring-core\7.0.7\4f85340fd463031cd93a0629a0323bb467ae51aa\spring-core-7.0.7.jar;C:\Users\wisdomsprince\.gradle\caches\modules-2\files-2.1\org.apache.logging.log4j\log4j-api\2.25.4\89ff2217b193fb187b134aa6ebcbfa8a28b018a9\log4j-api-2.25.4.jar;C:\Users\wisdomsprince\.gradle\caches\modules-2\files-2.1\org.jspecify\jspecify\1.0.0\7425a601c1c7ec76645a78d22b8c6a627edee507\jspecify-1.0.0.jar;C:\Users\wisdomsprince\.gradle\caches\modules-2\files-2.1\ch.qos.logback\logback-classic\1.5.32\2b1042c50f508f2eb402bd4d22ccbdf94cc37d2e\logback-classic-1.5.32.jar;C:\Users\wisdomsprince\.gradle\caches\modules-2\files-2.1\org.slf4j\jul-to-slf4j\2.0.17\524cb6ccc2b68a57604750e1ab8b13b5a786a6aa\jul-to-slf4j-2.0.17.jar;C:\Users\wisdomsprince\.gradle\caches\modules-2\files-2.1\org.slf4j\slf4j-api\2.0.17\d9e58ac9c7779ba3bf8142aff6c830617a7fe60f\slf4j-api-2.0.17.jar;C:\Users\wisdomsprince\.gradle\caches\modules-2\files-2.1\org.hibernate.orm\hibernate-core\7.2.12.Final\9e10d41a4cd7fbb045cb978676dffe23a0adf1e0\hibernate-core-7.2.12.Final.jar;C:\Users\wisdomsprince\.gradle\caches\modules-2\files-2.1\org.antlr\antlr4-runtime\4.13.2\fc3db6d844df652a3d5db31c87fa12757f13691d\antlr4-runtime-4.13.2.jar;C:\Users\wisdomsprince\.gradle\caches\modules-2\files-2.1\org.aspectj\aspectjweaver\1.9.25.1\a713c790da4d794c7dfb542b550d4e44898d5e23\aspectjweaver-1.9.25.1.jar;C:\Users\wisdomsprince\.gradle\caches\modules-2\files-2.1\tools.jackson.core\jackson-core\3.1.2\d0da2e67ffb0b7cf5aba0436b315aa3eb3eb37ca\jackson-core-3.1.2.jar;C:\Users\wisdomsprince\.gradle\caches\modules-2\files-2.1\tools.jackson.core\jackson-databind\3.1.2\2550e04829fc14566ddab7b9564ba886a9c6a532\jackson-databind-3.1.2.jar;C:\Users\wisdomsprince\.gradle\caches\modules-2\files-2.1\org.apache.tomcat.embed\tomcat-embed-websocket\11.0.21\abed2f9a4a8d7e8b8dfe492b1c6e58ea73825db\tomcat-embed-websocket-11.0.21.jar;C:\Users\wisdomsprince\.gradle\caches\modules-2\files-2.1\org.apache.tomcat.embed\tomcat-embed-core\11.0.21\6d53989fe9f9416eb1295a9c53c7b6fb8e3c04bb\tomcat-embed-core-11.0.21.jar;C:\Users\wisdomsprince\.gradle\caches\modules-2\files-2.1\org.apache.tomcat.embed\tomcat-embed-el\11.0.21\ab5200daf4fac467fa0e73598cdc10de6ce1c139\tomcat-embed-el-11.0.21.jar;C:\Users\wisdomsprince\.gradle\caches\modules-2\files-2.1\ch.qos.logback\logback-core\1.5.32\fdfb3ff9a842303d4a95207294a6c6bc64e2605d\logback-core-1.5.32.jar;C:\Users\wisdomsprince\.gradle\caches\modules-2\files-2.1\biz.aQute.bnd\biz.aQute.bnd.annotation\7.1.0\2f2be18c936d08cf46ea6cfa0043f34afdf38705\biz.aQute.bnd.annotation-7.1.0.jar;C:\Users\wisdomsprince\.gradle\caches\modules-2\files-2.1\com.google.errorprone\error_prone_annotations\2.38.0\fc0ae991433e8590ba51cd558421478318a74c8c\error_prone_annotations-2.38.0.jar;C:\Users\wisdomsprince\.gradle\caches\modules-2\files-2.1\org.osgi\org.osgi.annotation.bundle\2.0.0\f5c2cd6e670c3c5d440d3003efd5ef2ead5c68eb\org.osgi.annotation.bundle-2.0.0.jar;C:\Users\wisdomsprince\.gradle\caches\modules-2\files-2.1\org.osgi\org.osgi.annotation.versioning\1.1.2\dc3cd4ec96c0b3c5459fe00694bd73a816ecf93e\org.osgi.annotation.versioning-1.1.2.jar;C:\Users\wisdomsprince\.gradle\caches\modules-2\files-2.1\jakarta.persistence\jakarta.persistence-api\3.2.0\bb75a113f3fa191c2c7ee7b206d8e674251b3129\jakarta.persistence-api-3.2.0.jar;C:\Users\wisdomsprince\.gradle\caches\modules-2\files-2.1\jakarta.transaction\jakarta.transaction-api\2.0.1\51a520e3fae406abb84e2e1148e6746ce3f80a1a\jakarta.transaction-api-2.0.1.jar;C:\Users\wisdomsprince\.gradle\caches\modules-2\files-2.1\commons-logging\commons-logging\1.3.6\63e78ca6cd446c0ad166d14f03ed99e7efb3896d\commons-logging-1.3.6.jar;C:\Users\wisdomsprince\.gradle\caches\modules-2\files-2.1\com.fasterxml.jackson.core\jackson-annotations\2.21\b1bc1868bf02dc0bd6c7836257a036a331005309\jackson-annotations-2.21.jar;C:\Users\wisdomsprince\.gradle\caches\modules-2\files-2.1\org.osgi\org.osgi.resource\1.0.0\343c88949132984b3f2d4175a72c40b77dc65619\org.osgi.resource-1.0.0.jar;C:\Users\wisdomsprince\.gradle\caches\modules-2\files-2.1\org.osgi\org.osgi.service.serviceloader\1.0.0\3728ff37909c6a3c1870b3e851342d9f2bd3cc63\org.osgi.service.serviceloader-1.0.0.jar;C:\Users\wisdomsprince\.gradle\caches\modules-2\files-2.1\org.springframework.boot\spring-boot-devtools\4.0.6\2f45ebafbfc961cf55d4aa4a49bc1637bd6d0d2\spring-boot-devtools-4.0.6.jar;C:\Users\wisdomsprince\.gradle\caches\modules-2\files-2.1\org.postgresql\postgresql\42.7.10\35100a3f0899551e27af8fed4a3414619a4663b3\postgresql-42.7.10.jar;C:\Users\wisdomsprince\.gradle\caches\modules-2\files-2.1\org.checkerframework\checker-qual\3.52.0\9c17f496846ab1fca8975c6a50ceac0b3bbe63f0\checker-qual-3.52.0.jar;C:\Users\wisdomsprince\.gradle\caches\modules-2\files-2.1\org.hdrhistogram\HdrHistogram\2.2.2\7959933ebcc0f05b2eaa5af0a0c8689fa257b15c\HdrHistogram-2.2.2.jar;C:\Users\wisdomsprince\.gradle\caches\modules-2\files-2.1\org.latencyutils\LatencyUtils\2.0.3\769c0b82cb2421c8256300e907298a9410a2a3d3\LatencyUtils-2.0.3.jar;C:\Users\wisdomsprince\.gradle\caches\modules-2\files-2.1\org.hibernate.models\hibernate-models\1.0.1\3158c5f9309494b905de62c72f6f02d108aea651\hibernate-models-1.0.1.jar;C:\Users\wisdomsprince\.gradle\caches\modules-2\files-2.1\org.jboss.logging\jboss-logging\3.6.3.Final\1cc9f976725720bb4a66f80af3e3aa6b9890d969\jboss-logging-3.6.3.Final.jar;C:\Users\wisdomsprince\.gradle\caches\modules-2\files-2.1\com.fasterxml\classmate\1.7.3\f61c7e7b81e9249b0f6a05914eff9d54fb09f4a0\classmate-1.7.3.jar;C:\Users\wisdomsprince\.gradle\caches\modules-2\files-2.1\net.bytebuddy\byte-buddy\1.17.8\af5735f63d00ca47a9375fae5c7471a36331c6ed\byte-buddy-1.17.8.jar;C:\Users\wisdomsprince\.gradle\caches\modules-2\files-2.1\org.glassfish.jaxb\jaxb-runtime\4.0.6\fb95ebb62564657b2fedfe165b859789ef3a8711\jaxb-runtime-4.0.6.jar;C:\Users\wisdomsprince\.gradle\caches\modules-2\files-2.1\org.glassfish.jaxb\jaxb-core\4.0.6\8e61282303777fc98a00cc3affd0560d68748a75\jaxb-core-4.0.6.jar;C:\Users\wisdomsprince\.gradle\caches\modules-2\files-2.1\jakarta.xml.bind\jakarta.xml.bind-api\4.0.4\d6d2327f3817d9a33a3b6b8f2e15a96bc2e7afdc\jakarta.xml.bind-api-4.0.4.jar;C:\Users\wisdomsprince\.gradle\caches\modules-2\files-2.1\jakarta.inject\jakarta.inject-api\2.0.1\4c28afe1991a941d7702fe1362c365f0a8641d1e\jakarta.inject-api-2.0.1.jar;C:\Users\wisdomsprince\.gradle\caches\modules-2\files-2.1\org.eclipse.angus\angus-activation\2.0.3\7f80607ea5014fef0b1779e6c33d63a88a45a563\angus-activation-2.0.3.jar;C:\Users\wisdomsprince\.gradle\caches\modules-2\files-2.1\jakarta.activation\jakarta.activation-api\2.1.4\9e5c2a0d75dde71a0bedc4dbdbe47b78a5dc50f8\jakarta.activation-api-2.1.4.jar;C:\Users\wisdomsprince\.gradle\caches\modules-2\files-2.1\org.glassfish.jaxb\txw2\4.0.6\4f4cd53b5ff9a2c5aa1211f15ed2569c57dfb044\txw2-4.0.6.jar;C:\Users\wisdomsprince\.gradle\caches\modules-2\files-2.1\com.sun.istack\istack-commons-runtime\4.1.2\18ec117c85f3ba0ac65409136afa8e42bc74e739\istack-commons-runtime-4.1.2.jar
Launcher Type: SUN_STANDARD

[Global flags]
     intx CICompilerCount                          = 12                                        {product} {ergonomic}
     uint ConcGCThreads                            = 5                                         {product} {ergonomic}
     uint G1ConcRefinementThreads                  = 18                                        {product} {ergonomic}
   size_t G1HeapRegionSize                         = 8388608                                   {product} {ergonomic}
    uintx GCDrainStackTargetSize                   = 64                                        {product} {ergonomic}
   size_t InitialHeapSize                          = 1073741824                                {product} {ergonomic}
     bool ManagementServer                         = true                                      {product} {command line}
   size_t MarkStackSize                            = 4194304                                   {product} {ergonomic}
   size_t MaxHeapSize                              = 17112760320                               {product} {ergonomic}
   size_t MaxNewSize                               = 10267656192                               {product} {ergonomic}
   size_t MinHeapDeltaBytes                        = 8388608                                   {product} {ergonomic}
   size_t MinHeapSize                              = 8388608                                   {product} {ergonomic}
    uintx NonNMethodCodeHeapSize                   = 4096                                   {pd product} {ergonomic}
    uintx NonProfiledCodeHeapSize                  = 0                                      {pd product} {ergonomic}
     bool ProfileInterpreter                       = false                                  {pd product} {command line}
    uintx ProfiledCodeHeapSize                     = 0                                      {pd product} {ergonomic}
     bool ShowCodeDetailsInExceptionMessages       = true                                   {manageable} {command line}
   size_t SoftMaxHeapSize                          = 17112760320                            {manageable} {ergonomic}
     intx TieredStopAtLevel                        = 1                                         {product} {command line}
     bool UseCompressedOops                        = true                           {product lp64_product} {ergonomic}
     bool UseG1GC                                  = true                                      {product} {ergonomic}
     bool UseLargePagesIndividualAllocation        = false                                  {pd product} {ergonomic}

Logging:
Log output configuration:
 #0: stdout all=warning uptime,level,tags foldmultilines=false
 #1: stderr all=off uptime,level,tags foldmultilines=false

Environment Variables:
JAVA_HOME=C:\dev\sdk\Java\OpenLogic\jdk-21.0.6.7-hotspot\
PATH=C:/Users/wisdomsprince/.p2/pool/plugins/org.eclipse.justj.openjdk.hotspot.jre.full.win32.x86_64_21.0.10.v20260205-0638/jre/bin/server;C:/Users/wisdomsprince/.p2/pool/plugins/org.eclipse.justj.openjdk.hotspot.jre.full.win32.x86_64_21.0.10.v20260205-0638/jre/bin;C:\dev\sdk\Java\OpenLogic\jdk-21.0.6.7-hotspot\bin;C:\dev\sdk\Java\OpenLogic\jdk-17.0.14.7-hotspot\bin;C:\Program Files\Common Files\Oracle\Java\javapath;C:\WINDOWS\system32;C:\WINDOWS;C:\WINDOWS\System32\Wbem;C:\WINDOWS\System32\WindowsPowerShell\v1.0\;C:\WINDOWS\System32\OpenSSH\;C:\Program Files (x86)\NVIDIA Corporation\PhysX\Common;C:\Program Files\NVIDIA Corporation\NVIDIA NvDLISR;C:\dev\tools\WinSCP\;C:\Program Files\Git\cmd;C:\Program Files (x86)\Paragon Software\LinuxFS for Windows\;C:\Program Files\Docker\Docker\resources\bin;C:\dev\tools\apache-maven-3.9.9\bin;C:\dev\sdk\Java\OpenLogic\jdk-21.0.6.7-hotspot\\bin\;C:\dev\tools\nodejs\;C:\dev\tools\python\;C:\Users\wisdomsprince\AppData\Local\Programs\Python\Launcher\;C:\Users\wisdomsprince\AppData\Local\Microsoft\WindowsApps;C:\dev\tools\ide\Microsoft VS Code\bin;C:\Users\wisdomsprince\AppData\Roaming\npm;C:\WINDOWS\system32;
USERNAME=wisdomsprince
OS=Windows_NT
PROCESSOR_IDENTIFIER=Intel64 Family 6 Model 183 Stepping 1, GenuineIntel
TMP=C:\Users\WISDOM~1\AppData\Local\Temp
TEMP=C:\Users\WISDOM~1\AppData\Local\Temp




Periodic native trim disabled

---------------  S Y S T E M  ---------------

OS:
 Windows 11 , 64 bit Build 26100 (10.0.26100.8328)
OS uptime: 3 days 23:51 hours
Hyper-V role detected

CPU: total 24 (initial active 24) (12 cores per cpu, 2 threads per core) family 6 model 183 stepping 1 microcode 0x10e, cx8, cmov, fxsr, ht, mmx, 3dnowpref, sse, sse2, sse3, ssse3, sse4.1, sse4.2, popcnt, lzcnt, tsc, tscinvbit, avx, avx2, aes, erms, clmul, bmi1, bmi2, adx, sha, fma, vzeroupper, clflush, clflushopt, clwb, hv, serialize, rdtscp, rdpid, fsrm, f16c, cet_ibt, cet_ss
Processor Information for the first 24 processors :
  Max Mhz: 3400, Current Mhz: 3400, Mhz Limit: 3400

Memory: 4k page, system-wide physical 65276M (37513M free)
TotalPageFile size 143100M (AvailPageFile size 93041M)
current process WorkingSet (physical memory assigned to process): 367M, peak: 367M
current process commit charge ("private bytes"): 426M, peak: 1177M

vm_info: OpenJDK 64-Bit Server VM (21.0.6+7-adhoc.Administrator.jdk21u) for windows-amd64 JRE (21.0.6+7-adhoc.Administrator.jdk21u), built on 2025-01-23T09:25:02Z by "Administrator" with MS VC++ 16.10 / 16.11 (VS2019)

END.
