#
# A fatal error has been detected by the Java Runtime Environment:
#
#  EXCEPTION_ACCESS_VIOLATION (0xc0000005) at pc=0x000002a05e170fa4, pid=57480, tid=56544
#
# JRE version: OpenJDK Runtime Environment OpenLogic-OpenJDK (21.0.6+7) (build 21.0.6+7-adhoc.Administrator.jdk21u)
# Java VM: OpenJDK 64-Bit Server VM OpenLogic-OpenJDK (21.0.6+7-adhoc.Administrator.jdk21u, mixed mode, emulated-client, sharing, tiered, compressed oops, compressed class ptrs, g1 gc, windows-amd64)
# Problematic frame:
# v  ~BufferBlob::MethodHandles adapters 0x000002a05e170fa4
#
# No core dump will be written. Minidumps are not enabled by default on client versions of Windows
#
# If you would like to submit a bug report, please visit:
#   https://techsupport.roguewave.com/
#

---------------  S U M M A R Y ------------

Command Line: -XX:+ShowCodeDetailsInExceptionMessages -agentlib:jdwp=transport=dt_socket,suspend=y,address=localhost:62354 -Dcom.sun.management.jmxremote -Dcom.sun.management.jmxremote.port=62353 -Dcom.sun.management.jmxremote.authenticate=false -Dcom.sun.management.jmxremote.ssl=false -Djava.rmi.server.hostname=localhost -Dspring.jmx.enabled=true -Dmanagement.endpoints.jmx.exposure.include=* -Dspring.application.admin.enabled=true -Dspring.output.ansi.enabled=always -XX:TieredStopAtLevel=1 -Dspring.boot.project.name=Dividend-Tracker-Server -javaagent:C:\dev\tools\ide\eclipse\jee-2026-03\eclipse\configuration\org.eclipse.osgi\1029\0\.cp\lib\javaagent-shaded.jar -Dfile.encoding=UTF-8 -Dstdout.encoding=UTF-8 -Dstderr.encoding=UTF-8 com.serverside.dt.DividendTrackerServerApplication

Host: 13th Gen Intel(R) Core(TM) i7-13700K, 24 cores, 63G,  Windows 11 , 64 bit Build 26100 (10.0.26100.8328)
Time: Sun Jun  7 21:16:12 2026 Eastern Daylight Time elapsed time: 941.741697 seconds (0d 0h 15m 41s)

---------------  T H R E A D  ---------------

Current thread (0x000002a042d817e0):  JavaThread "http-nio-8080-exec-6" daemon [_thread_in_Java, id=56544, stack(0x000000e167b00000,0x000000e167c00000) (1024K)]

Stack: [0x000000e167b00000,0x000000e167c00000],  sp=0x000000e167bfc238,  free space=1008k
Native frames: (J=compiled Java code, j=interpreted, Vv=VM code, C=native code)
C  0x000002a05e170fa4

The last pc belongs to _linkToVirtual (printed below).

siginfo: EXCEPTION_ACCESS_VIOLATION (0xc0000005), reading address 0xffffffffffffffff


Registers:
RAX=0x000002a05e149086, RBX=0x0000000409b244c0, RCX=0x000000e167bfc248, RDX=0x0000000000000003
RSP=0x000000e167bfc238, RBP=0x000000e167bfc290, RSI=0x000002a042f4ac58, RDI=0x000002a07e44c0a0
R8 =0x0000000000000004, R9 =0x0000000000000004, R10=0x000002a00072adfb, R11=0x813648ac813648f9
R12=0x0000000000000000, R13=0x000000e167bfc238, R14=0x000000e167bfc2b8, R15=0x000002a042d817e0
RIP=0x000002a05e170fa4, EFLAGS=0x0000000000010202

XMM[0]=0x0000000000000000 0x0000000000000000
XMM[1]=0x0000000000000000 0x0000000000000000
XMM[2]=0x0000000000000000 0x0000000000000000
XMM[3]=0x0000000000000000 0x0000000000000000
XMM[4]=0x0000000000000000 0x0000000000000000
XMM[5]=0x0000000000000000 0x0000000000000000
XMM[6]=0x0000000000000000 0x0000000000000000
XMM[7]=0x0000000000000000 0x0000000000000000
XMM[8]=0x0000000000000000 0x0000000000000000
XMM[9]=0x0000000000000000 0x0000000000000000
XMM[10]=0x0000000000000000 0x0000000000000000
XMM[11]=0x0000000000000000 0x0000000000000000
XMM[12]=0x0000000000000000 0x0000000000000000
XMM[13]=0x0000000000000000 0x0000000000000000
XMM[14]=0x0000000000000000 0x0000000000000000
XMM[15]=0x0000000000000000 0x0000000000000000
  MXCSR=0x00001fa0


Register to memory mapping:

RAX=0x000002a05e149086 is at code_begin+3078 in an Interpreter codelet
return entry points  [0x000002a05e148480, 0x000002a05e14a298]  7704 bytes
RBX=0x0000000409b244c0 is an oop: com.serverside.dt.dtos.StockRequestDTO 
{0x0000000409b244c0} - klass: 'com/serverside/dt/dtos/StockRequestDTO'
 - ---- fields (total size 9 words):
 - private 'id' 'Ljava/lang/String;' @12  "9927686b-733f-4005-af06-db62e7884700"{0x0000000409b24698} (0x813648d3)
 - private 'ticker' 'Ljava/lang/String;' @16  "R"{0x0000000409b247c8} (0x813648f9)
 - private 'company' 'Ljava/lang/String;' @20  "R INc"{0x0000000409b24560} (0x813648ac)
 - private 'account' 'Ljava/lang/String;' @24  "28814004"{0x0000000409b24508} (0x813648a1)
 - private 'currency' 'Ljava/lang/String;' @28  "CAD"{0x0000000409b24590} (0x813648b2)
 - private 'shares' 'Ljava/math/BigDecimal;' @32  a 'java/math/BigDecimal'{0x0000000409b247a0} (0x813648f4)
 - private 'avgCost' 'Ljava/math/BigDecimal;' @36  a 'java/math/BigDecimal'{0x0000000409b24538} (0x813648a7)
 - private 'purchaseDate' 'Ljava/lang/String;' @40  null (0x00000000)
 - private 'dividendYield' 'Ljava/math/BigDecimal;' @44  a 'java/math/BigDecimal'{0x0000000409b24638} (0x813648c7)
 - private 'dividendPerShare' 'Ljava/math/BigDecimal;' @48  a 'java/math/BigDecimal'{0x0000000409b245e8} (0x813648bd)
 - private 'payoutFrequency' 'Ljava/lang/String;' @52  "4"{0x0000000409b24770} (0x813648ee)
 - private 'exDividendDate' 'Ljava/lang/String;' @56  "2026-06-12"{0x0000000409b24660} (0x813648cc)
 - private 'soldDate' 'Ljava/lang/String;' @60  ""{0x00000004040b39a0} (0x80816734)
 - private 'payoutDates' 'Ljava/util/List;' @64  a 'java/util/ArrayList'{0x0000000409b24758} (0x813648eb)
 - private 'lastPayoutDate' 'Ljava/lang/String;' @68  "2026-06-05"{0x0000000409b246e8} (0x813648dd)
RCX=0x000000e167bfc248 is pointing into the stack for thread: 0x000002a042d817e0
RDX=0x0000000000000003 is an unknown value
RSP=0x000000e167bfc238 is pointing into the stack for thread: 0x000002a042d817e0
RBP=0x000000e167bfc290 is pointing into the stack for thread: 0x000002a042d817e0
RSI=0x000002a042f4ac58 points into unknown readable memory: 0x8800121a2a1a35cd | cd 35 1a 2a 1a 12 00 88
RDI=0x000002a07e44c0a0 points into unknown readable memory: 0x0000002000000070 | 70 00 00 00 20 00 00 00
R8 =0x0000000000000004 is an unknown value
R9 =0x0000000000000004 is an unknown value
R10=0x000002a00072adfb is pointing into metadata
R11=0x813648ac813648f9 is an unknown value
R12=0x0 is null
R13=0x000000e167bfc238 is pointing into the stack for thread: 0x000002a042d817e0
R14=0x000000e167bfc2b8 is pointing into the stack for thread: 0x000002a042d817e0
R15=0x000002a042d817e0 is a thread

Top of Stack: (sp=0x000000e167bfc238)
0x000000e167bfc238:   000002a05e149086 0000000405499ff0
0x000000e167bfc248:   000000e167bfc248 000002a00072adfb
0x000000e167bfc258:   0000000000000005 000002a0000b1088
0x000000e167bfc268:   0000000405019c30 000000040407a190
0x000000e167bfc278:   000002a0000b3b80 000000e167bfc238
0x000000e167bfc288:   000000e167bfc2c0 000000e167bfc6d0
0x000000e167bfc298:   000002a05f04a2bf 0000000407863500
0x000000e167bfc2a8:   0000000409b244c0 0000000405499ff0
0x000000e167bfc2b8:   0000000407863498 0000000404abc628
0x000000e167bfc2c8:   000002a05e4b249e 0000000407863428
0x000000e167bfc2d8:   0000000404abc628 0000000407863468
0x000000e167bfc2e8:   0000000405499ff0 0000000407863608
0x000000e167bfc2f8:   0000000409b244c0 0000000409b244c0
0x000000e167bfc308:   00000004078635e0 0000000407863498
0x000000e167bfc318:   0000000405499ff0 000002a05f04a1d4
0x000000e167bfc328:   000002a05e46db1e 000000e167bfc6d0
0x000000e167bfc338:   000002a05ee206aa 000000e167bfc280
0x000000e167bfc348:   000002a05f1aedfc 0000000407863428
0x000000e167bfc358:   0000000404ba1e98 0000020000000000
0x000000e167bfc368:   000000e167bfc3f8 000000e167bfc280
0x000000e167bfc378:   000002a042d817e0 0000000000000001
0x000000e167bfc388:   000000e167bf9d30 000000e167bfc6d0
0x000000e167bfc398:   000002a05e5770c4 000000e167bfbe00
0x000000e167bfc3a8:   000002a07ba80090 000002a042d817e0
0x000000e167bfc3b8:   0000000000000c00 0000000000000000
0x000000e167bfc3c8:   0000000000000000 0000000000000000
0x000000e167bfc3d8:   0000000000000000 0000000000000000
0x000000e167bfc3e8:   0000000000000000 0000000407863448
0x000000e167bfc3f8:   0000000409b24e08 0000000405499ff0
0x000000e167bfc408:   000002a07ddf0000 000002a042d817e0
0x000000e167bfc418:   00000004052bcf88 0000000404ba1e98
0x000000e167bfc428:   0000000404abc628 0000000404abc628 

Instructions: (pc=0x000002a05e170fa4)
0x000002a05e170ea4:   a0 02 00 00 00 0f 17 5e a0 02 00 00 80 1f 17 5e
0x000002a05e170eb4:   a0 02 00 00 f0 0e 17 5e a0 02 00 00 f0 0e 17 5e
0x000002a05e170ec4:   a0 02 00 00 00 00 00 00 00 00 00 00 28 88 3c 2e
0x000002a05e170ed4:   fa 7f 00 00 f0 10 00 00 60 00 00 00 ff ff ff ff
0x000002a05e170ee4:   f0 10 00 00 00 00 00 00 00 00 00 00 00 00 00 00
0x000002a05e170ef4:   00 00 00 00 00 00 00 00 00 00 00 00 f4 66 66 66
0x000002a05e170f04:   0f 1f 84 00 00 00 00 00 66 66 66 90 66 66 66 0f
0x000002a05e170f14:   1f 84 00 00 00 00 00 66 66 66 90 90 48 8b 53 08
0x000002a05e170f24:   0f b7 52 2e 48 8b 0c d4 8b 59 14 48 c1 e3 03 8b
0x000002a05e170f34:   5b 28 48 c1 e3 03 8b 5b 24 48 c1 e3 03 48 8b 5b
0x000002a05e170f44:   10 48 85 db 0f 84 10 00 00 00 41 80 bf d8 05 00
0x000002a05e170f54:   00 00 74 03 ff 63 38 ff 63 50 e9 9d 16 00 00 66
0x000002a05e170f64:   66 66 0f 1f 84 00 00 00 00 00 66 66 66 90 66 66
0x000002a05e170f74:   0f 1f 84 00 00 00 00 00 66 66 66 90 48 8b 53 08
0x000002a05e170f84:   0f b7 52 2e 48 8b 0c d4 58 5b 50 44 8b 51 08 49
0x000002a05e170f94:   bb 00 00 00 00 a0 02 00 00 4d 03 d3 4c 8b 5b 10
0x000002a05e170fa4:   4b 8b 9c da c0 01 00 00 48 85 db 0f 84 10 00 00
0x000002a05e170fb4:   00 41 80 bf d8 05 00 00 00 74 03 ff 63 38 ff 63
0x000002a05e170fc4:   50 e9 36 16 00 00 66 66 66 0f 1f 84 00 00 00 00
0x000002a05e170fd4:   00 66 66 66 90 0f 1f 80 00 00 00 00 58 5b 50 8b
0x000002a05e170fe4:   5b 24 48 c1 e3 03 48 8b 5b 10 48 85 db 0f 84 10
0x000002a05e170ff4:   00 00 00 41 80 bf d8 05 00 00 00 74 03 ff 63 38
0x000002a05e171004:   ff 63 50 e9 f4 15 00 00 66 66 66 0f 1f 84 00 00
0x000002a05e171014:   00 00 00 66 66 66 90 0f 1f 44 00 00 48 8b 53 08
0x000002a05e171024:   0f b7 52 2e 48 8b 0c d4 58 5b 50 48 3b 01 8b 5b
0x000002a05e171034:   24 48 c1 e3 03 48 8b 5b 10 48 85 db 0f 84 10 00
0x000002a05e171044:   00 00 41 80 bf d8 05 00 00 00 74 03 ff 63 38 ff
0x000002a05e171054:   63 50 e9 a5 15 00 00 0f 1f 44 00 00 48 8b 53 08
0x000002a05e171064:   0f b7 52 2e 48 8b 0c d4 58 5b 50 44 8b 51 08 49
0x000002a05e171074:   bb 00 00 00 00 a0 02 00 00 4d 03 d3 8b 43 18 48
0x000002a05e171084:   c1 e0 03 48 8b 40 10 48 8b 5b 10 45 8b 9a a0 00
0x000002a05e171094:   00 00 4f 8d 9c da c0 01 00 00 4d 8d 14 da 49 8b 


Stack slot to memory mapping:

stack at sp + 0 slots: 0x000002a05e149086 is at code_begin+3078 in an Interpreter codelet
return entry points  [0x000002a05e148480, 0x000002a05e14a298]  7704 bytes
stack at sp + 1 slots: 0x0000000405499ff0 is an oop: com.serverside.dt.services.impl.AccountStockServiceImpl 
{0x0000000405499ff0} - klass: 'com/serverside/dt/services/impl/AccountStockServiceImpl'
 - ---- fields (total size 6 words):
 - private final 'accountStockRepository' 'Lcom/serverside/dt/repositories/AccountStockRepository;' @12  a 'jdk/proxy4/$Proxy147'{0x000000040549a020} (0x80a93404)
 - private final 'accountRepository' 'Lcom/serverside/dt/repositories/AccountRepository;' @16  a 'jdk/proxy4/$Proxy145'{0x00000004051490d8} (0x80a2921b)
 - private final 'currencyRepository' 'Lcom/serverside/dt/repositories/CurrencyRepository;' @20  a 'jdk/proxy4/$Proxy148'{0x0000000405517728} (0x80aa2ee5)
 - private final 'stockRepository' 'Lcom/serverside/dt/repositories/StockRepository;' @24  a 'jdk/proxy4/$Proxy149'{0x00000004055d8538} (0x80abb0a7)
 - private final 'accountMapper' 'Lcom/serverside/dt/mappers/AccountStockMapper;' @28  a 'com/serverside/dt/mappers/AccountStockMapperImpl'{0x000000040563ae40} (0x80ac75c8)
 - private final 'stockDividendDetailsRepository' 'Lcom/serverside/dt/repositories/StockDividendDetailsRepository;' @32  a 'jdk/proxy4/$Proxy150'{0x000000040564a2a0} (0x80ac9454)
 - private final 'dividendFrequencyRepository' 'Lcom/serverside/dt/repositories/DividendFrequencyRepository;' @36  a 'jdk/proxy4/$Proxy151'{0x000000040563ae50} (0x80ac75ca)
 - private final 'dividendEventRepository' 'Lcom/serverside/dt/repositories/DividendEventRepository;' @40  a 'jdk/proxy4/$Proxy152'{0x00000004055387f0} (0x80aa70fe)
 - private final 'stockAccountViewRepository' 'Lcom/serverside/dt/repositories/StockAccountViewRepository;' @44  a 'jdk/proxy4/$Proxy154'{0x0000000405645650} (0x80ac8aca)
stack at sp + 2 slots: 0x000000e167bfc248 is pointing into the stack for thread: 0x000002a042d817e0
stack at sp + 3 slots: 0x000002a00072adfb is pointing into metadata
stack at sp + 4 slots: 0x0000000000000005 is an unknown value
stack at sp + 5 slots: 0x000002a0000b1088 is pointing into metadata
stack at sp + 6 slots: 0x0000000405019c30 is an oop: java.io.FileDescriptor 
{0x0000000405019c30} - klass: 'java/io/FileDescriptor'
 - ---- fields (total size 5 words):
 - private 'fd' 'I' @12  2540 (0x000009ec)
 - private 'handle' 'J' @16  -1 (0xffffffffffffffff)
 - private 'closed' 'Z' @24  false (0x00)
 - private 'append' 'Z' @25  false (0x00)
 - private 'parent' 'Ljava/io/Closeable;' @28  null (0x00000000)
 - private 'otherParents' 'Ljava/util/List;' @32  null (0x00000000)
 - private 'cleanup' 'Ljdk/internal/ref/PhantomCleanable;' @36  null (0x00000000)
stack at sp + 7 slots: 0x000000040407a190 is an oop: java.lang.Class 
{0x000000040407a190} - klass: 'java/lang/Class'
 - ---- fields (total size 14 words):
 - private volatile transient 'classRedefinedCount' 'I' @12  0 (0x00000000)
 - injected 'klass' 'J' @16  2886218746976 (0x000002a0000b0c60)
 - injected 'array_klass' 'J' @24  0 (0x0000000000000000)
 - injected 'oop_size' 'I' @32  14 (0x0000000e)
 - injected 'static_oop_field_count' 'I' @36  0 (0x00000000)
 - private volatile transient 'cachedConstructor' 'Ljava/lang/reflect/Constructor;' @40  null (0x00000000)
 - private transient 'name' 'Ljava/lang/String;' @44  null (0x00000000)
 - private transient 'module' 'Ljava/lang/Module;' @48  a 'java/lang/Module'{0x00000004040721b8} (0x8080e437)
 - private final 'classLoader' 'Ljava/lang/ClassLoader;' @52  null (0x00000000)
 - private transient 'classData' 'Ljava/lang/Object;' @56  null (0x00000000)
 - private transient 'packageName' 'Ljava/lang/String;' @60  null (0x00000000)
 - private final 'componentType' 'Ljava/lang/Class;' @64  null (0x00000000)
 - private volatile transient 'reflectionData' 'Ljava/lang/ref/SoftReference;' @68  null (0x00000000)
 - private volatile transient 'genericInfo' 'Lsun/reflect/generics/repository/ClassRepository;' @72  null (0x00000000)
 - private volatile transient 'enumConstants' '[Ljava/lang/Object;' @76  null (0x00000000)
 - private volatile transient 'enumConstantDirectory' 'Ljava/util/Map;' @80  null (0x00000000)
 - private volatile transient 'annotationData' 'Ljava/lang/Class$AnnotationData;' @84  null (0x00000000)
 - private volatile transient 'annotationType' 'Lsun/reflect/annotation/AnnotationType;' @88  null (0x00000000)
 - transient 'classValueMap' 'Ljava/lang/ClassValue$ClassValueMap;' @92  null (0x00000000)
 - injected 'protection_domain' 'Ljava/lang/Object;' @96  null (0x00000000)
 - injected 'signers_name' 'Ljava/lang/Object;' @100  null (0x00000000)
 - injected 'source_file' 'Ljava/lang/Object;' @104  null (0x00000000)
 - injected '<init_lock>' 'Ljava/lang/Object;' @108  null (0x00000000)
 - signature: Ljava/lang/invoke/DirectMethodHandle$Holder;
 - ---- static fields (0):

MethodHandle::interpreter_entry::_linkToVirtual [0x000002a05e170f63, 0x000002a05e170fca] (103 bytes)
[MachCode]
  0x000002a05e170f63: 6666 660f | 1f84 0000 | 0000 0066 | 6666 9066 | 660f 1f84 | 0000 0000 | 0066 6666 | 9048 8b53 
  0x000002a05e170f83: 080f b752 | 2e48 8b0c | d458 5b50 | 448b 5108 | 49bb 0000 | 0000 a002 | 0000 4d03 | d34c 8b5b 
  0x000002a05e170fa3: 104b 8b9c | dac0 0100 | 0048 85db | 0f84 1000 | 0000 4180 | bfd8 0500 | 0000 7403 | ff63 38ff 
  0x000002a05e170fc3: 6350 e936 | 
[/MachCode]

---------------  P R O C E S S  ---------------

Threads class SMR info:
_java_thread_list=0x000002a0426eaaf0, length=39, elements={
0x000002a061ef6310, 0x000002a061ef8d70, 0x000002a061efab30, 0x000002a061efb190,
0x000002a0792ddec0, 0x000002a079302220, 0x000002a079304e30, 0x000002a061ec4030,
0x000002a079496ed0, 0x000002a0794a1490, 0x000002a0794b1b20, 0x000002a07e3db850,
0x000002a07e591020, 0x000002a07e5a0df0, 0x000002a07e60e9b0, 0x000002a07ecc1d40,
0x000002a07ecf90b0, 0x000002a07ecf5c30, 0x000002a07ecf7670, 0x000002a07ecf6950,
0x000002a07ecf7d00, 0x000002a07ecf62c0, 0x000002a07ecf8a20, 0x000002a042d81e70,
0x000002a042d7fda0, 0x000002a042d80ac0, 0x000002a042d81150, 0x000002a042d82500,
0x000002a042d817e0, 0x000002a042d7f080, 0x000002a042d7f710, 0x000002a042d80430,
0x000002a042d98f60, 0x000002a042d995f0, 0x000002a042d9a310, 0x000002a042d99c80,
0x000002a042d9b030, 0x000002a042d9f860, 0x000002a042d9f1d0
}

Java Threads: ( => current thread )
  0x000002a061ef6310 JavaThread "Reference Handler"          daemon [_thread_blocked, id=59348, stack(0x000000e164100000,0x000000e164200000) (1024K)]
  0x000002a061ef8d70 JavaThread "Finalizer"                  daemon [_thread_blocked, id=56876, stack(0x000000e164200000,0x000000e164300000) (1024K)]
  0x000002a061efab30 JavaThread "Signal Dispatcher"          daemon [_thread_blocked, id=55988, stack(0x000000e164300000,0x000000e164400000) (1024K)]
  0x000002a061efb190 JavaThread "Attach Listener"            daemon [_thread_blocked, id=54792, stack(0x000000e164400000,0x000000e164500000) (1024K)]
  0x000002a0792ddec0 JavaThread "Service Thread"             daemon [_thread_blocked, id=58792, stack(0x000000e164500000,0x000000e164600000) (1024K)]
  0x000002a079302220 JavaThread "Monitor Deflation Thread"   daemon [_thread_blocked, id=7060, stack(0x000000e164600000,0x000000e164700000) (1024K)]
  0x000002a079304e30 JavaThread "C1 CompilerThread0"         daemon [_thread_blocked, id=39600, stack(0x000000e164700000,0x000000e164800000) (1024K)]
  0x000002a061ec4030 JavaThread "Common-Cleaner"             daemon [_thread_blocked, id=54412, stack(0x000000e164800000,0x000000e164900000) (1024K)]
  0x000002a079496ed0 JavaThread "JDWP Transport Listener: dt_socket" daemon [_thread_blocked, id=3540, stack(0x000000e164c00000,0x000000e164d00000) (1024K)]
  0x000002a0794a1490 JavaThread "JDWP Event Helper Thread"   daemon [_thread_blocked, id=46296, stack(0x000000e164d00000,0x000000e164e00000) (1024K)]
  0x000002a0794b1b20 JavaThread "JDWP Command Reader"        daemon [_thread_in_native, id=59108, stack(0x000000e164e00000,0x000000e164f00000) (1024K)]
  0x000002a07e3db850 JavaThread "Notification Thread"        daemon [_thread_blocked, id=49816, stack(0x000000e164f00000,0x000000e165000000) (1024K)]
  0x000002a07e591020 JavaThread "RMI TCP Accept-0"           daemon [_thread_in_native, id=52584, stack(0x000000e165000000,0x000000e165100000) (1024K)]
  0x000002a07e5a0df0 JavaThread "RMI TCP Accept-62353"       daemon [_thread_in_native, id=40460, stack(0x000000e165100000,0x000000e165200000) (1024K)]
  0x000002a07e60e9b0 JavaThread "RMI TCP Accept-0"           daemon [_thread_in_native, id=4596, stack(0x000000e165200000,0x000000e165300000) (1024K)]
  0x000002a07ecc1d40 JavaThread "RMI Scheduler(0)"           daemon [_thread_blocked, id=49412, stack(0x000000e166700000,0x000000e166800000) (1024K)]
  0x000002a07ecf90b0 JavaThread "JMX server connection timeout 59" daemon [_thread_blocked, id=48844, stack(0x000000e166900000,0x000000e166a00000) (1024K)]
  0x000002a07ecf5c30 JavaThread "Catalina-utility-1"                [_thread_blocked, id=37068, stack(0x000000e166a00000,0x000000e166b00000) (1024K)]
  0x000002a07ecf7670 JavaThread "Catalina-utility-2"                [_thread_blocked, id=51440, stack(0x000000e167300000,0x000000e167400000) (1024K)]
  0x000002a07ecf6950 JavaThread "container-0"                       [_thread_blocked, id=884, stack(0x000000e167400000,0x000000e167500000) (1024K)]
  0x000002a07ecf7d00 JavaThread "Cleaner-0"                  daemon [_thread_blocked, id=49340, stack(0x000000e166f00000,0x000000e167000000) (1024K)]
  0x000002a07ecf62c0 JavaThread "HikariPool-1:housekeeper"   daemon [_thread_blocked, id=53036, stack(0x000000e167000000,0x000000e167100000) (1024K)]
  0x000002a07ecf8a20 JavaThread "File Watcher"               daemon [_thread_blocked, id=58088, stack(0x000000e167500000,0x000000e167600000) (1024K)]
  0x000002a042d81e70 JavaThread "http-nio-8080-exec-1"       daemon [_thread_blocked, id=59112, stack(0x000000e167600000,0x000000e167700000) (1024K)]
  0x000002a042d7fda0 JavaThread "http-nio-8080-exec-2"       daemon [_thread_blocked, id=51324, stack(0x000000e167700000,0x000000e167800000) (1024K)]
  0x000002a042d80ac0 JavaThread "http-nio-8080-exec-3"       daemon [_thread_blocked, id=46576, stack(0x000000e167800000,0x000000e167900000) (1024K)]
  0x000002a042d81150 JavaThread "http-nio-8080-exec-4"       daemon [_thread_blocked, id=54008, stack(0x000000e167900000,0x000000e167a00000) (1024K)]
  0x000002a042d82500 JavaThread "http-nio-8080-exec-5"       daemon [_thread_blocked, id=41416, stack(0x000000e167a00000,0x000000e167b00000) (1024K)]
=>0x000002a042d817e0 JavaThread "http-nio-8080-exec-6"       daemon [_thread_in_Java, id=56544, stack(0x000000e167b00000,0x000000e167c00000) (1024K)]
  0x000002a042d7f080 JavaThread "http-nio-8080-exec-7"       daemon [_thread_blocked, id=21668, stack(0x000000e167c00000,0x000000e167d00000) (1024K)]
  0x000002a042d7f710 JavaThread "http-nio-8080-exec-8"       daemon [_thread_in_Java, id=50352, stack(0x000000e167d00000,0x000000e167e00000) (1024K)]
  0x000002a042d80430 JavaThread "http-nio-8080-exec-9"       daemon [_thread_blocked, id=56248, stack(0x000000e167e00000,0x000000e167f00000) (1024K)]
  0x000002a042d98f60 JavaThread "http-nio-8080-exec-10"      daemon [_thread_blocked, id=56840, stack(0x000000e167f00000,0x000000e168000000) (1024K)]
  0x000002a042d995f0 JavaThread "http-nio-8080-Poller"       daemon [_thread_in_native, id=59328, stack(0x000000e168000000,0x000000e168100000) (1024K)]
  0x000002a042d9a310 JavaThread "http-nio-8080-Acceptor"     daemon [_thread_in_native, id=59008, stack(0x000000e168100000,0x000000e168200000) (1024K)]
  0x000002a042d99c80 JavaThread "DestroyJavaVM"                     [_thread_blocked, id=53220, stack(0x000000e163900000,0x000000e163a00000) (1024K)]
  0x000002a042d9b030 JavaThread "RMI TCP Connection(idle)"   daemon [_thread_blocked, id=55912, stack(0x000000e168200000,0x000000e168300000) (1024K)]
  0x000002a042d9f860 JavaThread "RMI TCP Connection(7)-127.0.0.1" daemon [_thread_in_native, id=58264, stack(0x000000e168500000,0x000000e168600000) (1024K)]
  0x000002a042d9f1d0 JavaThread "JMX server connection timeout 96" daemon [_thread_blocked, id=53516, stack(0x000000e168900000,0x000000e168a00000) (1024K)]
Total: 39

Other Threads:
  0x000002a061ed5120 VMThread "VM Thread"                           [id=47504, stack(0x000000e164000000,0x000000e164100000) (1024K)]
  0x000002a0792cca00 WatcherThread "VM Periodic Task Thread"        [id=56984, stack(0x000000e163f00000,0x000000e164000000) (1024K)]
  0x000002a061d803d0 WorkerThread "GC Thread#0"                     [id=57792, stack(0x000000e163a00000,0x000000e163b00000) (1024K)]
  0x000002a07e9c3740 WorkerThread "GC Thread#1"                     [id=53144, stack(0x000000e165300000,0x000000e165400000) (1024K)]
  0x000002a07e9c3ae0 WorkerThread "GC Thread#2"                     [id=52104, stack(0x000000e165400000,0x000000e165500000) (1024K)]
  0x000002a07e9c3e80 WorkerThread "GC Thread#3"                     [id=58036, stack(0x000000e165500000,0x000000e165600000) (1024K)]
  0x000002a07e9c4220 WorkerThread "GC Thread#4"                     [id=55304, stack(0x000000e165600000,0x000000e165700000) (1024K)]
  0x000002a07e9c45c0 WorkerThread "GC Thread#5"                     [id=54000, stack(0x000000e165700000,0x000000e165800000) (1024K)]
  0x000002a07e9c4960 WorkerThread "GC Thread#6"                     [id=40724, stack(0x000000e165800000,0x000000e165900000) (1024K)]
  0x000002a07e9c4d00 WorkerThread "GC Thread#7"                     [id=44324, stack(0x000000e165900000,0x000000e165a00000) (1024K)]
  0x000002a07e9aa2a0 WorkerThread "GC Thread#8"                     [id=47652, stack(0x000000e165a00000,0x000000e165b00000) (1024K)]
  0x000002a07e9e0ab0 WorkerThread "GC Thread#9"                     [id=53288, stack(0x000000e165b00000,0x000000e165c00000) (1024K)]
  0x000002a07e9df4f0 WorkerThread "GC Thread#10"                    [id=48884, stack(0x000000e165c00000,0x000000e165d00000) (1024K)]
  0x000002a07e9df890 WorkerThread "GC Thread#11"                    [id=54820, stack(0x000000e165d00000,0x000000e165e00000) (1024K)]
  0x000002a07e9dffd0 WorkerThread "GC Thread#12"                    [id=42952, stack(0x000000e165e00000,0x000000e165f00000) (1024K)]
  0x000002a07e9dfc30 WorkerThread "GC Thread#13"                    [id=55760, stack(0x000000e165f00000,0x000000e166000000) (1024K)]
  0x000002a07e9df150 WorkerThread "GC Thread#14"                    [id=11348, stack(0x000000e166000000,0x000000e166100000) (1024K)]
  0x000002a07e9e0370 WorkerThread "GC Thread#15"                    [id=55512, stack(0x000000e166100000,0x000000e166200000) (1024K)]
  0x000002a07e9e0710 WorkerThread "GC Thread#16"                    [id=55652, stack(0x000000e166200000,0x000000e166300000) (1024K)]
  0x000002a07e9eee90 WorkerThread "GC Thread#17"                    [id=59128, stack(0x000000e166300000,0x000000e166400000) (1024K)]
  0x000002a054717e20 ConcurrentGCThread "G1 Main Marker"            [id=22800, stack(0x000000e163b00000,0x000000e163c00000) (1024K)]
  0x000002a054719040 WorkerThread "G1 Conc#0"                       [id=15092, stack(0x000000e163c00000,0x000000e163d00000) (1024K)]
  0x000002a07e9ef230 WorkerThread "G1 Conc#1"                       [id=47968, stack(0x000000e166b00000,0x000000e166c00000) (1024K)]
  0x000002a07e9efd10 WorkerThread "G1 Conc#2"                       [id=48132, stack(0x000000e166c00000,0x000000e166d00000) (1024K)]
  0x000002a07e9ed8d0 WorkerThread "G1 Conc#3"                       [id=55004, stack(0x000000e166d00000,0x000000e166e00000) (1024K)]
  0x000002a07e9ef5d0 WorkerThread "G1 Conc#4"                       [id=16944, stack(0x000000e166e00000,0x000000e166f00000) (1024K)]
  0x000002a061e61f90 ConcurrentGCThread "G1 Refine#0"               [id=50856, stack(0x000000e163d00000,0x000000e163e00000) (1024K)]
  0x000002a061e62a10 ConcurrentGCThread "G1 Service"                [id=55656, stack(0x000000e163e00000,0x000000e163f00000) (1024K)]
Total: 28

Threads with active compile tasks:
Total: 0

VM state: not at safepoint (normal execution)

VM Mutex/Monitor currently owned by a thread: None

Heap address: 0x0000000404000000, size: 16320 MB, Compressed Oops mode: Zero based, Oop shift amount: 3

CDS archive(s) mapped at: [0x000002a000000000-0x000002a000c90000-0x000002a000c90000), size 13172736, SharedBaseAddress: 0x000002a000000000, ArchiveRelocationMode: 1.
Compressed class space mapped at: 0x000002a001000000-0x000002a041000000, reserved size: 1073741824
Narrow klass base: 0x000002a000000000, Narrow klass shift: 0, Narrow klass range: 0x100000000

GC Precious Log:
 CardTable entry size: 512
 Card Set container configuration: InlinePtr #cards 4 size 8 Array Of Cards #cards 64 size 144 Howl #buckets 8 coarsen threshold 14745 Howl Bitmap #cards 2048 size 272 coarsen threshold 1843 Card regions per heap region 1 cards per card region 16384
 CPUs: 24 total, 24 available
 Memory: 65276M
 Large Page Support: Disabled
 NUMA Support: Disabled
 Compressed Oops: Enabled (Zero based)
 Heap Region Size: 8M
 Heap Min Capacity: 8M
 Heap Initial Capacity: 1G
 Heap Max Capacity: 16320M
 Pre-touch: Disabled
 Parallel Workers: 18
 Concurrent Workers: 5
 Concurrent Refinement Workers: 18
 Periodic GC: Disabled

Heap:
 garbage-first heap   total 163840K, used 106477K [0x0000000404000000, 0x0000000800000000)
  region size 8192K, 10 young (81920K), 1 survivors (8192K)
 Metaspace       used 85180K, committed 86144K, reserved 1179648K
  class space    used 12305K, committed 12736K, reserved 1048576K

Heap Regions: E=young(eden), S=young(survivor), O=old, HS=humongous(starts), HC=humongous(continues), CS=collection set, F=free, TAMS=top-at-mark-start, PB=parsable bottom
|   0|0x0000000404000000, 0x0000000404800000, 0x0000000404800000|100%| O|  |TAMS 0x0000000404000000| PB 0x0000000404000000| Untracked 
|   1|0x0000000404800000, 0x0000000405000000, 0x0000000405000000|100%| O|  |TAMS 0x0000000404800000| PB 0x0000000404800000| Untracked 
|   2|0x0000000405000000, 0x0000000405800000, 0x0000000405800000|100%| O|  |TAMS 0x0000000405000000| PB 0x0000000405000000| Untracked 
|   3|0x0000000405800000, 0x0000000406000000, 0x0000000406000000|100%| O|  |TAMS 0x0000000405800000| PB 0x0000000405800000| Untracked 
|   4|0x0000000406000000, 0x00000004061af700, 0x0000000406800000| 21%| O|  |TAMS 0x0000000406000000| PB 0x0000000406000000| Untracked 
|   5|0x0000000406800000, 0x0000000406ae8ae0, 0x0000000407000000| 36%| O|Cm|TAMS 0x0000000406800000| PB 0x0000000406800000| Complete 
|   6|0x0000000407000000, 0x0000000407000000, 0x0000000407800000|  0%| F|  |TAMS 0x0000000407000000| PB 0x0000000407000000| Untracked 
|   7|0x0000000407800000, 0x0000000407b63440, 0x0000000408000000| 42%| S|CS|TAMS 0x0000000407800000| PB 0x0000000407800000| Complete 
|   8|0x0000000408000000, 0x0000000408000000, 0x0000000408800000|  0%| F|  |TAMS 0x0000000408000000| PB 0x0000000408000000| Untracked 
|   9|0x0000000408800000, 0x0000000408800000, 0x0000000409000000|  0%| F|  |TAMS 0x0000000408800000| PB 0x0000000408800000| Untracked 
|  10|0x0000000409000000, 0x0000000409000000, 0x0000000409800000|  0%| F|  |TAMS 0x0000000409000000| PB 0x0000000409000000| Untracked 
|  11|0x0000000409800000, 0x0000000409f338d0, 0x000000040a000000| 90%| E|  |TAMS 0x0000000409800000| PB 0x0000000409800000| Complete 
|  12|0x000000040a000000, 0x000000040a800000, 0x000000040a800000|100%| E|CS|TAMS 0x000000040a000000| PB 0x000000040a000000| Complete 
|  13|0x000000040a800000, 0x000000040b000000, 0x000000040b000000|100%| E|CS|TAMS 0x000000040a800000| PB 0x000000040a800000| Complete 
|  14|0x000000040b000000, 0x000000040b800000, 0x000000040b800000|100%| E|CS|TAMS 0x000000040b000000| PB 0x000000040b000000| Complete 
|  15|0x000000040b800000, 0x000000040c000000, 0x000000040c000000|100%| E|CS|TAMS 0x000000040b800000| PB 0x000000040b800000| Complete 
|  64|0x0000000424000000, 0x0000000424800000, 0x0000000424800000|100%| E|CS|TAMS 0x0000000424000000| PB 0x0000000424000000| Complete 
|  65|0x0000000424800000, 0x0000000425000000, 0x0000000425000000|100%| E|CS|TAMS 0x0000000424800000| PB 0x0000000424800000| Complete 
|  66|0x0000000425000000, 0x0000000425800000, 0x0000000425800000|100%| E|CS|TAMS 0x0000000425000000| PB 0x0000000425000000| Complete 
| 127|0x0000000443800000, 0x0000000444000000, 0x0000000444000000|100%| E|CS|TAMS 0x0000000443800000| PB 0x0000000443800000| Complete 

Card table byte_map: [0x000002a063ee0000,0x000002a065ec0000] _byte_map_base: 0x000002a061ec0000

Marking Bits: (CMBitMap*) 0x000002a054706570
 Bits: [0x000002a065ec0000, 0x000002a075dc0000)

Polling page: 0x000002a052380000

Metaspace:

Usage:
  Non-class:     71.17 MB used.
      Class:     12.02 MB used.
       Both:     83.18 MB used.

Virtual space:
  Non-class space:      128.00 MB reserved,      71.69 MB ( 56%) committed,  2 nodes.
      Class space:        1.00 GB reserved,      12.44 MB (  1%) committed,  1 nodes.
             Both:        1.12 GB reserved,      84.12 MB (  7%) committed. 

Chunk freelists:
   Non-Class:  7.88 MB
       Class:  3.46 MB
        Both:  11.34 MB

MaxMetaspaceSize: unlimited
CompressedClassSpaceSize: 1.00 GB
Initial GC threshold: 21.00 MB
Current GC threshold: 138.88 MB
CDS: on
 - commit_granule_bytes: 65536.
 - commit_granule_words: 8192.
 - virtual_space_node_default_size: 8388608.
 - enlarge_chunks_in_place: 1.
 - use_allocation_guard: 0.


Internal statistics:

num_allocs_failed_limit: 6.
num_arena_births: 1504.
num_arena_deaths: 0.
num_vsnodes_births: 3.
num_vsnodes_deaths: 0.
num_space_committed: 1346.
num_space_uncommitted: 0.
num_chunks_returned_to_freelist: 6.
num_chunks_taken_from_freelist: 4643.
num_chunk_merges: 6.
num_chunk_splits: 3340.
num_chunks_enlarged: 2547.
num_inconsistent_stats: 0.

CodeCache: size=49152Kb used=18430Kb max_used=19878Kb free=30722Kb
 bounds [0x000002a05e140000, 0x000002a05f4b0000, 0x000002a061140000]
 total_blobs=11096 nmethods=10362 adapters=655
 compilation: enabled
              stopped_count=0, restarted_count=0
 full_count=0

Compilation events (20 events):
Event: 912.119 Thread 0x000002a0434970f0 nmethod 10444 0x000002a05f399790 code [0x000002a05f399920, 0x000002a05f3999f0]
Event: 912.120 Thread 0x000002a0434970f0 10446       1       org.hibernate.persister.entity.SingleTableEntityPersister::getPropertySpaces (5 bytes)
Event: 912.120 Thread 0x000002a0434970f0 nmethod 10446 0x000002a05f399490 code [0x000002a05f399620, 0x000002a05f3996f0]
Event: 912.121 Thread 0x000002a0434970f0 10447       1       org.springframework.core.annotation.MissingMergedAnnotation::getDistance (2 bytes)
Event: 912.121 Thread 0x000002a0434970f0 nmethod 10447 0x000002a05f399190 code [0x000002a05f399320, 0x000002a05f3993e8]
Event: 912.121 Thread 0x000002a0434970f0 10448       1       org.springframework.transaction.support.DelegatingTransactionDefinition::getPropagationBehavior (10 bytes)
Event: 912.121 Thread 0x000002a079304e30 nmethod 10445 0x000002a05f395590 code [0x000002a05f395ae0, 0x000002a05f397598]
Event: 912.121 Thread 0x000002a0434970f0 nmethod 10448 0x000002a05f395210 code [0x000002a05f3953c0, 0x000002a05f3954c0]
Event: 912.121 Thread 0x000002a0434970f0 10449       1       org.springframework.aop.support.AopUtils::getTargetClass (55 bytes)
Event: 912.121 Thread 0x000002a079304e30 10450       1       org.hibernate.query.internal.QueryOptionsImpl::getGraph (5 bytes)
Event: 912.121 Thread 0x000002a079304e30 nmethod 10450 0x000002a05f394f10 code [0x000002a05f3950a0, 0x000002a05f395170]
Event: 912.121 Thread 0x000002a079304e30 10451       1       org.hibernate.persister.entity.AbstractEntityPersister::getPropertyValues (191 bytes)
Event: 912.121 Thread 0x000002a0434970f0 nmethod 10449 0x000002a05f394610 code [0x000002a05f394820, 0x000002a05f394c58]
Event: 912.121 Thread 0x000002a0434970f0 10452       1       org.hibernate.type.descriptor.java.JavaTypeHelper::isTemporal (19 bytes)
Event: 912.121 Thread 0x000002a0434970f0 nmethod 10452 0x000002a05f394290 code [0x000002a05f394440, 0x000002a05f394540]
Event: 912.121 Thread 0x000002a0434970f0 10453       1       org.hibernate.event.spi.FlushEntityEvent::isAllowedToReuse (5 bytes)
Event: 912.121 Thread 0x000002a0434970f0 nmethod 10453 0x000002a05f393e10 code [0x000002a05f393fa0, 0x000002a05f394070]
Event: 912.121 Thread 0x000002a079304e30 nmethod 10451 0x000002a05f35cb90 code [0x000002a05f35ce20, 0x000002a05f35d928]
Event: 941.360 Thread 0x000002a079304e30 10454       1       org.postgresql.core.CachedQueryCreateAction::create (326 bytes)
Event: 941.361 Thread 0x000002a079304e30 nmethod 10454 0x000002a05f434410 code [0x000002a05f4346a0, 0x000002a05f435148]

GC Heap History (20 events):
Event: 1.155 GC heap before
{Heap before GC invocations=6 (full 0):
 garbage-first heap   total 90112K, used 56213K [0x0000000404000000, 0x0000000800000000)
  region size 8192K, 6 young (49152K), 1 survivors (8192K)
 Metaspace       used 26770K, committed 27328K, reserved 1114112K
  class space    used 3500K, committed 3776K, reserved 1048576K
}
Event: 1.157 GC heap after
{Heap after GC invocations=7 (full 0):
 garbage-first heap   total 573440K, used 17580K [0x0000000404000000, 0x0000000800000000)
  region size 8192K, 1 young (8192K), 1 survivors (8192K)
 Metaspace       used 26770K, committed 27328K, reserved 1114112K
  class space    used 3500K, committed 3776K, reserved 1048576K
}
Event: 1.452 GC heap before
{Heap before GC invocations=7 (full 0):
 garbage-first heap   total 573440K, used 74924K [0x0000000404000000, 0x0000000800000000)
  region size 8192K, 9 young (73728K), 1 survivors (8192K)
 Metaspace       used 30779K, committed 31360K, reserved 1114112K
  class space    used 4123K, committed 4416K, reserved 1048576K
}
Event: 1.455 GC heap after
{Heap after GC invocations=8 (full 0):
 garbage-first heap   total 573440K, used 20688K [0x0000000404000000, 0x0000000800000000)
  region size 8192K, 2 young (16384K), 2 survivors (16384K)
 Metaspace       used 30779K, committed 31360K, reserved 1114112K
  class space    used 4123K, committed 4416K, reserved 1048576K
}
Event: 4.502 GC heap before
{Heap before GC invocations=9 (full 0):
 garbage-first heap   total 114688K, used 102608K [0x0000000404000000, 0x0000000800000000)
  region size 8192K, 12 young (98304K), 2 survivors (16384K)
 Metaspace       used 37686K, committed 38336K, reserved 1114112K
  class space    used 5034K, committed 5312K, reserved 1048576K
}
Event: 4.505 GC heap after
{Heap after GC invocations=10 (full 0):
 garbage-first heap   total 131072K, used 23773K [0x0000000404000000, 0x0000000800000000)
  region size 8192K, 2 young (16384K), 2 survivors (16384K)
 Metaspace       used 37686K, committed 38336K, reserved 1114112K
  class space    used 5034K, committed 5312K, reserved 1048576K
}
Event: 4.692 GC heap before
{Heap before GC invocations=10 (full 0):
 garbage-first heap   total 131072K, used 81117K [0x0000000404000000, 0x0000000800000000)
  region size 8192K, 9 young (73728K), 2 survivors (16384K)
 Metaspace       used 42656K, committed 43328K, reserved 1114112K
  class space    used 5758K, committed 6080K, reserved 1048576K
}
Event: 4.696 GC heap after
{Heap after GC invocations=11 (full 0):
 garbage-first heap   total 131072K, used 24691K [0x0000000404000000, 0x0000000800000000)
  region size 8192K, 2 young (16384K), 2 survivors (16384K)
 Metaspace       used 42656K, committed 43328K, reserved 1114112K
  class space    used 5758K, committed 6080K, reserved 1048576K
}
Event: 5.013 GC heap before
{Heap before GC invocations=11 (full 0):
 garbage-first heap   total 131072K, used 82035K [0x0000000404000000, 0x0000000800000000)
  region size 8192K, 9 young (73728K), 2 survivors (16384K)
 Metaspace       used 46936K, committed 47616K, reserved 1114112K
  class space    used 6552K, committed 6848K, reserved 1048576K
}
Event: 5.015 GC heap after
{Heap after GC invocations=12 (full 0):
 garbage-first heap   total 131072K, used 26990K [0x0000000404000000, 0x0000000800000000)
  region size 8192K, 2 young (16384K), 2 survivors (16384K)
 Metaspace       used 46936K, committed 47616K, reserved 1114112K
  class space    used 6552K, committed 6848K, reserved 1048576K
}
Event: 5.237 GC heap before
{Heap before GC invocations=12 (full 0):
 garbage-first heap   total 131072K, used 76142K [0x0000000404000000, 0x0000000800000000)
  region size 8192K, 9 young (73728K), 2 survivors (16384K)
 Metaspace       used 51905K, committed 52608K, reserved 1114112K
  class space    used 7194K, committed 7552K, reserved 1048576K
}
Event: 5.239 GC heap after
{Heap after GC invocations=13 (full 0):
 garbage-first heap   total 131072K, used 28382K [0x0000000404000000, 0x0000000800000000)
  region size 8192K, 1 young (8192K), 1 survivors (8192K)
 Metaspace       used 51905K, committed 52608K, reserved 1114112K
  class space    used 7194K, committed 7552K, reserved 1048576K
}
Event: 5.477 GC heap before
{Heap before GC invocations=14 (full 0):
 garbage-first heap   total 114688K, used 93918K [0x0000000404000000, 0x0000000800000000)
  region size 8192K, 9 young (73728K), 1 survivors (8192K)
 Metaspace       used 58595K, committed 59328K, reserved 1114112K
  class space    used 8228K, committed 8576K, reserved 1048576K
}
Event: 5.479 GC heap after
{Heap after GC invocations=15 (full 0):
 garbage-first heap   total 581632K, used 29014K [0x0000000404000000, 0x0000000800000000)
  region size 8192K, 2 young (16384K), 2 survivors (16384K)
 Metaspace       used 58595K, committed 59328K, reserved 1114112K
  class space    used 8228K, committed 8576K, reserved 1048576K
}
Event: 13.586 GC heap before
{Heap before GC invocations=15 (full 0):
 garbage-first heap   total 581632K, used 356694K [0x0000000404000000, 0x0000000800000000)
  region size 8192K, 42 young (344064K), 2 survivors (16384K)
 Metaspace       used 82788K, committed 83712K, reserved 1179648K
  class space    used 11912K, committed 12352K, reserved 1048576K
}
Event: 13.592 GC heap after
{Heap after GC invocations=16 (full 0):
 garbage-first heap   total 581632K, used 40533K [0x0000000404000000, 0x0000000800000000)
  region size 8192K, 3 young (24576K), 3 survivors (24576K)
 Metaspace       used 82788K, committed 83712K, reserved 1179648K
  class space    used 11912K, committed 12352K, reserved 1048576K
}
Event: 16.181 GC heap before
{Heap before GC invocations=16 (full 0):
 garbage-first heap   total 581632K, used 65109K [0x0000000404000000, 0x0000000800000000)
  region size 8192K, 7 young (57344K), 3 survivors (24576K)
 Metaspace       used 84370K, committed 85312K, reserved 1179648K
  class space    used 12123K, committed 12544K, reserved 1048576K
}
Event: 16.186 GC heap after
{Heap after GC invocations=17 (full 0):
 garbage-first heap   total 581632K, used 38912K [0x0000000404000000, 0x0000000800000000)
  region size 8192K, 3 young (24576K), 3 survivors (24576K)
 Metaspace       used 84370K, committed 85312K, reserved 1179648K
  class space    used 12123K, committed 12544K, reserved 1048576K
}
Event: 429.660 GC heap before
{Heap before GC invocations=18 (full 0):
 garbage-first heap   total 163840K, used 112640K [0x0000000404000000, 0x0000000800000000)
  region size 8192K, 12 young (98304K), 3 survivors (24576K)
 Metaspace       used 85020K, committed 85952K, reserved 1179648K
  class space    used 12281K, committed 12672K, reserved 1048576K
}
Event: 429.665 GC heap after
{Heap after GC invocations=19 (full 0):
 garbage-first heap   total 163840K, used 40941K [0x0000000404000000, 0x0000000800000000)
  region size 8192K, 1 young (8192K), 1 survivors (8192K)
 Metaspace       used 85020K, committed 85952K, reserved 1179648K
  class space    used 12281K, committed 12672K, reserved 1048576K
}

Dll operation events (12 events):
Event: 0.005 Loaded shared library C:\dev\sdk\Java\OpenLogic\jdk-21.0.6.7-hotspot\bin\java.dll
Event: 0.103 Loaded shared library C:\dev\sdk\Java\OpenLogic\jdk-21.0.6.7-hotspot\bin\zip.dll
Event: 0.105 Loaded shared library C:\dev\sdk\Java\OpenLogic\jdk-21.0.6.7-hotspot\bin\instrument.dll
Event: 0.108 Loaded shared library C:\dev\sdk\Java\OpenLogic\jdk-21.0.6.7-hotspot\bin\net.dll
Event: 0.109 Loaded shared library C:\dev\sdk\Java\OpenLogic\jdk-21.0.6.7-hotspot\bin\nio.dll
Event: 0.111 Loaded shared library C:\dev\sdk\Java\OpenLogic\jdk-21.0.6.7-hotspot\bin\zip.dll
Event: 0.171 Loaded shared library C:\dev\sdk\Java\OpenLogic\jdk-21.0.6.7-hotspot\bin\jimage.dll
Event: 0.189 Loaded shared library C:\dev\sdk\Java\OpenLogic\jdk-21.0.6.7-hotspot\bin\management.dll
Event: 0.192 Loaded shared library C:\dev\sdk\Java\OpenLogic\jdk-21.0.6.7-hotspot\bin\management_ext.dll
Event: 0.272 Loaded shared library C:\dev\sdk\Java\OpenLogic\jdk-21.0.6.7-hotspot\bin\extnet.dll
Event: 0.281 Loaded shared library C:\dev\sdk\Java\OpenLogic\jdk-21.0.6.7-hotspot\bin\verify.dll
Event: 0.827 Loaded shared library C:\dev\sdk\Java\OpenLogic\jdk-21.0.6.7-hotspot\bin\sunmscapi.dll

Deoptimization events (20 events):
Event: 867.071 Thread 0x000002a042d82500 DEOPT PACKING pc=0x000002a05effaeec sp=0x000000e167afbd50
Event: 867.071 Thread 0x000002a042d82500 DEOPT UNPACKING pc=0x000002a05e194e42 sp=0x000000e167afb320 mode 1
Event: 867.071 Thread 0x000002a042d82500 DEOPT PACKING pc=0x000002a05e333064 sp=0x000000e167afbed0
Event: 867.071 Thread 0x000002a042d82500 DEOPT UNPACKING pc=0x000002a05e194e42 sp=0x000000e167afb378 mode 1
Event: 867.071 Thread 0x000002a042d82500 DEOPT PACKING pc=0x000002a05effaeec sp=0x000000e167afbd50
Event: 867.071 Thread 0x000002a042d82500 DEOPT UNPACKING pc=0x000002a05e194e42 sp=0x000000e167afb320 mode 1
Event: 867.071 Thread 0x000002a042d82500 DEOPT PACKING pc=0x000002a05e333064 sp=0x000000e167afbed0
Event: 867.071 Thread 0x000002a042d82500 DEOPT UNPACKING pc=0x000002a05e194e42 sp=0x000000e167afb378 mode 1
Event: 867.071 Thread 0x000002a042d82500 DEOPT PACKING pc=0x000002a05effaeec sp=0x000000e167afbd50
Event: 867.071 Thread 0x000002a042d82500 DEOPT UNPACKING pc=0x000002a05e194e42 sp=0x000000e167afb320 mode 1
Event: 867.071 Thread 0x000002a042d82500 DEOPT PACKING pc=0x000002a05e333064 sp=0x000000e167afbed0
Event: 867.071 Thread 0x000002a042d82500 DEOPT UNPACKING pc=0x000002a05e194e42 sp=0x000000e167afb378 mode 1
Event: 867.071 Thread 0x000002a042d82500 DEOPT PACKING pc=0x000002a05effaeec sp=0x000000e167afbd50
Event: 867.071 Thread 0x000002a042d82500 DEOPT UNPACKING pc=0x000002a05e194e42 sp=0x000000e167afb320 mode 1
Event: 867.071 Thread 0x000002a042d82500 DEOPT PACKING pc=0x000002a05e333064 sp=0x000000e167afbed0
Event: 867.071 Thread 0x000002a042d82500 DEOPT UNPACKING pc=0x000002a05e194e42 sp=0x000000e167afb378 mode 1
Event: 941.636 Thread 0x000002a042d817e0 DEOPT PACKING pc=0x000002a05f1b343c sp=0x000000e167bfc250
Event: 941.636 Thread 0x000002a042d817e0 DEOPT UNPACKING pc=0x000002a05e194e42 sp=0x000000e167bfb6f8 mode 0
Event: 941.637 Thread 0x000002a042d7f710 DEOPT PACKING pc=0x000002a05f1b343c sp=0x000000e167dfc1b0
Event: 941.637 Thread 0x000002a042d7f710 DEOPT UNPACKING pc=0x000002a05e194e42 sp=0x000000e167dfb658 mode 0

Classes loaded (20 events):
Event: 48.376 Loading class java/util/stream/ReduceOps$7
Event: 48.376 Loading class java/util/stream/ReduceOps$7 done
Event: 48.376 Loading class java/util/stream/ReduceOps$6ReducingSink
Event: 48.376 Loading class java/util/stream/ReduceOps$6ReducingSink done
Event: 48.376 Loading class java/util/stream/ReferencePipeline$4$1
Event: 48.376 Loading class java/util/stream/ReferencePipeline$4$1 done
Event: 48.378 Loading class java/io/PrintWriter$1
Event: 48.378 Loading class jdk/internal/access/JavaIOPrintWriterAccess
Event: 48.378 Loading class jdk/internal/access/JavaIOPrintWriterAccess done
Event: 48.378 Loading class java/io/PrintWriter$1 done
Event: 48.378 Loading class java/lang/Throwable$WrappedPrintWriter
Event: 48.378 Loading class java/lang/Throwable$WrappedPrintWriter done
Event: 207.534 Loading class java/time/format/DateTimeParseContext
Event: 207.534 Loading class java/time/format/DateTimeParseContext done
Event: 207.534 Loading class java/time/format/Parsed
Event: 207.534 Loading class java/time/format/Parsed done
Event: 245.577 Loading class java/lang/invoke/BoundMethodHandle$Species_LLLLLLLLLLL
Event: 245.577 Loading class java/lang/invoke/BoundMethodHandle$Species_LLLLLLLLLLL done
Event: 852.077 Loading class sun/net/ConnectionResetException
Event: 852.077 Loading class sun/net/ConnectionResetException done

Classes unloaded (0 events):
No events

Classes redefined (1 events):
Event: 941.650 Thread 0x000002a061ed5120 redefined class name=com.serverside.dt.services.impl.AccountStockServiceImpl, count=1

Internal exceptions (20 events):
Event: 6.742 Thread 0x000002a042d9f860 Exception <a 'java/lang/ClassNotFoundException'{0x0000000416e19910}: org/springframework/context/support/LiveBeansView> (0x0000000416e19910) 
thrown [s\src\hotspot\share\classfile\systemDictionary.cpp, line 312]
Event: 6.742 Thread 0x000002a042d9f860 Exception <a 'java/lang/ClassNotFoundException'{0x0000000416e19cd0}: org/springframework/boot/actuate/endpoint/jmx/EndpointMBean> (0x0000000416e19cd0) 
thrown [s\src\hotspot\share\classfile\systemDictionary.cpp, line 312]
Event: 6.742 Thread 0x000002a042d9f860 Exception <a 'java/lang/ClassNotFoundException'{0x0000000416e1a090}: org/springframework/boot/actuate/endpoint/jmx/DataEndpointMBean> (0x0000000416e1a090) 
thrown [s\src\hotspot\share\classfile\systemDictionary.cpp, line 312]
Event: 6.742 Thread 0x000002a042d9f860 Exception <a 'java/lang/ClassNotFoundException'{0x0000000416e1a448}: org/springframework/context/support/LiveBeansView> (0x0000000416e1a448) 
thrown [s\src\hotspot\share\classfile\systemDictionary.cpp, line 312]
Event: 6.746 Thread 0x000002a042d9f860 Exception <a 'java/lang/NoSuchMethodError'{0x0000000416e68610}: 'java.lang.Object java.lang.invoke.DirectMethodHandle$Holder.newInvokeSpecial(java.lang.Object, java.lang.Object, java.lang.Object, java.lang.Object, int)'> (0x0000000416e68610) 
thrown [s\src\hotspot\share\interpreter\linkResolver.cpp, line 773]
Event: 6.747 Thread 0x000002a042d9f860 Exception <a 'java/lang/NoSuchMethodError'{0x0000000416e6c690}: 'java.lang.Object java.lang.invoke.DirectMethodHandle$Holder.invokeSpecial(java.lang.Object, java.lang.Object, java.lang.Object, java.lang.Object, java.lang.Object, int)'> (0x0000000416e6c690) 
thrown [s\src\hotspot\share\interpreter\linkResolver.cpp, line 773]
Event: 6.747 Thread 0x000002a042d9f860 Exception <a 'java/lang/NoSuchMethodError'{0x0000000416e6ff20}: 'java.lang.Object java.lang.invoke.Invokers$Holder.linkToTargetMethod(java.lang.Object, java.lang.Object, java.lang.Object, int, java.lang.Object)'> (0x0000000416e6ff20) 
thrown [s\src\hotspot\share\interpreter\linkResolver.cpp, line 773]
Event: 7.195 Thread 0x000002a042d9f860 Exception <a 'java/lang/NoSuchMethodError'{0x00000004167e4548}: 'double java.lang.invoke.DirectMethodHandle$Holder.invokeSpecialIFC(java.lang.Object, java.lang.Object)'> (0x00000004167e4548) 
thrown [s\src\hotspot\share\interpreter\linkResolver.cpp, line 773]
Event: 13.450 Thread 0x000002a042d82500 Exception <a 'java/lang/NoSuchMethodError'{0x0000000415b55870}: 'double java.lang.invoke.DirectMethodHandle$Holder.invokeStatic(java.lang.Object, double)'> (0x0000000415b55870) 
thrown [s\src\hotspot\share\interpreter\linkResolver.cpp, line 773]
Event: 13.450 Thread 0x000002a042d82500 Exception <a 'java/lang/NoSuchMethodError'{0x0000000415b5af70}: 'double java.lang.invoke.DirectMethodHandle$Holder.invokeStaticInit(java.lang.Object, double)'> (0x0000000415b5af70) 
thrown [s\src\hotspot\share\interpreter\linkResolver.cpp, line 773]
Event: 13.596 Thread 0x000002a07e3db850 Exception <a 'java/lang/NoSuchMethodError'{0x000000044393b338}: 'long java.lang.invoke.DirectMethodHandle$Holder.invokeStatic(java.lang.Object, java.lang.Object, java.lang.Object)'> (0x000000044393b338) 
thrown [s\src\hotspot\share\interpreter\linkResolver.cpp, line 773]
Event: 13.618 Thread 0x000002a042d82500 Exception <a 'java/lang/NoSuchMethodError'{0x0000000426f4d1d8}: 'void java.lang.invoke.DirectMethodHandle$Holder.invokeStatic(java.lang.Object, java.lang.Object, int, int, java.lang.Object)'> (0x0000000426f4d1d8) 
thrown [s\src\hotspot\share\interpreter\linkResolver.cpp, line 773]
Event: 13.619 Thread 0x000002a042d82500 Exception <a 'java/lang/NoSuchMethodError'{0x0000000426f77d10}: 'void java.lang.invoke.DirectMethodHandle$Holder.invokeSpecialIFC(java.lang.Object, java.lang.Object, int, java.lang.Object, java.lang.Object, java.lang.Object, java.lang.Object)'> (0x0000000426f77d10) 
thrown [s\src\hotspot\share\interpreter\linkResolver.cpp, line 773]
Event: 245.581 Thread 0x000002a042d81150 Exception <a 'java/lang/NoSuchMethodError'{0x000000040955ca68}: 'java.lang.Object java.lang.invoke.DirectMethodHandle$Holder.invokeStatic(java.lang.Object, java.lang.Object, java.lang.Object, java.lang.Object, java.lang.Object, java.lang.Object, java.lang.Object, java.lang.Object, java.lang.Object, java.lang.Object, java.lang.Object, java.lang.Object, java.lang.Object, java.lang.Object)'> (0x000000040955ca68) 
thrown [s\src\hotspot\share\interpreter\linkResolver.cpp, line 773]
Event: 245.586 Thread 0x000002a042d81150 Exception <a 'java/lang/NoSuchMethodError'{0x0000000409570960}: 'java.lang.Object java.lang.invoke.Invokers$Holder.linkToTargetMethod(java.lang.Object, java.lang.Object, java.lang.Object, java.lang.Object, java.lang.Object, java.lang.Object, java.lang.Object, java.lang.Object, java.lang.Object, java.lang.Object, java.lang.Object, java.lang.Object, java.lang.Object, java.lang.Object, java.lang.Object, java.lang.Object)'> (0x0000000409570960) 
thrown [s\src\hotspot\share\interpreter\linkResolver.cpp, line 77
Event: 852.076 Thread 0x000002a042d98f60 Exception <a 'java/io/IOException'{0x000000040bb950f0}> (0x000000040bb950f0) 
thrown [s\src\hotspot\share\prims\jni.cpp, line 520]
Event: 852.588 Thread 0x000002a042d7fda0 Exception <a 'java/io/IOException'{0x000000040ba7ba20}> (0x000000040ba7ba20) 
thrown [s\src\hotspot\share\prims\jni.cpp, line 520]
Event: 853.125 Thread 0x000002a042d80430 Exception <a 'java/io/IOException'{0x000000040aa31c20}> (0x000000040aa31c20) 
thrown [s\src\hotspot\share\prims\jni.cpp, line 520]
Event: 853.583 Thread 0x000002a042d80ac0 Exception <a 'java/io/IOException'{0x000000040b5dec28}> (0x000000040b5dec28) 
thrown [s\src\hotspot\share\prims\jni.cpp, line 520]
Event: 854.095 Thread 0x000002a042d82500 Exception <a 'java/io/IOException'{0x000000040b683c58}> (0x000000040b683c58) 
thrown [s\src\hotspot\share\prims\jni.cpp, line 520]

ZGC Phase Switch (0 events):
No events

VM Operations (20 events):
Event: 941.645 Executing VM operation: RedefineClasses
Event: 941.662 Executing VM operation: RedefineClasses done
Event: 941.671 Executing VM operation: ChangeBreakpoints
Event: 941.672 Executing VM operation: ChangeBreakpoints done
Event: 941.680 Executing VM operation: ChangeBreakpoints
Event: 941.682 Executing VM operation: ChangeBreakpoints done
Event: 941.693 Executing VM operation: ChangeBreakpoints
Event: 941.694 Executing VM operation: ChangeBreakpoints done
Event: 941.694 Executing VM operation: ChangeBreakpoints
Event: 941.696 Executing VM operation: ChangeBreakpoints done
Event: 941.705 Executing VM operation: ChangeBreakpoints
Event: 941.706 Executing VM operation: ChangeBreakpoints done
Event: 941.715 Executing VM operation: ChangeBreakpoints
Event: 941.716 Executing VM operation: ChangeBreakpoints done
Event: 941.726 Executing VM operation: ChangeBreakpoints
Event: 941.727 Executing VM operation: ChangeBreakpoints done
Event: 941.735 Executing VM operation: ChangeBreakpoints
Event: 941.737 Executing VM operation: ChangeBreakpoints done
Event: 941.739 Executing VM operation: ChangeSingleStep
Event: 941.739 Executing VM operation: ChangeSingleStep done

Memory protections (0 events):
No events

Nmethod flushes (20 events):
Event: 16.197 Thread 0x000002a061ed5120 flushing  nmethod 0x000002a05e836d10
Event: 16.197 Thread 0x000002a061ed5120 flushing  nmethod 0x000002a05e53c610
Event: 16.197 Thread 0x000002a061ed5120 flushing  nmethod 0x000002a05ecd7f10
Event: 16.197 Thread 0x000002a061ed5120 flushing  nmethod 0x000002a05e4def10
Event: 16.197 Thread 0x000002a061ed5120 flushing  nmethod 0x000002a05e4df290
Event: 16.197 Thread 0x000002a061ed5120 flushing  nmethod 0x000002a05e527090
Event: 16.197 Thread 0x000002a061ed5120 flushing  nmethod 0x000002a05e5cf010
Event: 16.197 Thread 0x000002a061ed5120 flushing  nmethod 0x000002a05e5aa390
Event: 16.197 Thread 0x000002a061ed5120 flushing  nmethod 0x000002a05ec6ea10
Event: 16.197 Thread 0x000002a061ed5120 flushing  nmethod 0x000002a05ecfaf10
Event: 16.197 Thread 0x000002a061ed5120 flushing  nmethod 0x000002a05ed3eb10
Event: 16.197 Thread 0x000002a061ed5120 flushing  nmethod 0x000002a05ed0db90
Event: 16.197 Thread 0x000002a061ed5120 flushing  nmethod 0x000002a05eb29f90
Event: 16.197 Thread 0x000002a061ed5120 flushing  nmethod 0x000002a05e7cf910
Event: 16.197 Thread 0x000002a061ed5120 flushing  nmethod 0x000002a05ec46290
Event: 16.197 Thread 0x000002a061ed5120 flushing  nmethod 0x000002a05e681190
Event: 16.197 Thread 0x000002a061ed5120 flushing  nmethod 0x000002a05ec6ee90
Event: 16.197 Thread 0x000002a061ed5120 flushing  nmethod 0x000002a05eceb110
Event: 16.197 Thread 0x000002a061ed5120 flushing  nmethod 0x000002a05ec51190
Event: 16.197 Thread 0x000002a061ed5120 flushing  nmethod 0x000002a05ec7b610

Events (20 events):
Event: 829.889 Thread 0x000002a042671ab0 Thread exited: 0x000002a042671ab0
Event: 834.898 Thread 0x000002a042671410 Thread exited: 0x000002a042671410
Event: 843.396 Thread 0x000002a079304e30 Thread added: 0x000002a0434970f0
Event: 843.399 Thread 0x000002a0434970f0 Thread added: 0x000002a0432c5490
Event: 843.399 Thread 0x000002a0434970f0 Thread added: 0x000002a0432c6340
Event: 848.418 Thread 0x000002a0432c6340 Thread exited: 0x000002a0432c6340
Event: 848.418 Thread 0x000002a0432c5490 Thread exited: 0x000002a0432c5490
Event: 852.076 Thread 0x000002a0434970f0 Thread exited: 0x000002a0434970f0
Event: 854.094 Thread 0x000002a079304e30 Thread added: 0x000002a0434970f0
Event: 854.094 Thread 0x000002a079304e30 Thread added: 0x000002a0432c5490
Event: 854.456 Thread 0x000002a0432c5490 Thread added: 0x000002a0426a2920
Event: 854.456 Thread 0x000002a0432c5490 Thread added: 0x000002a0426a2fc0
Event: 859.473 Thread 0x000002a0426a2fc0 Thread exited: 0x000002a0426a2fc0
Event: 859.473 Thread 0x000002a0426a2920 Thread exited: 0x000002a0426a2920
Event: 859.473 Thread 0x000002a0432c5490 Thread exited: 0x000002a0432c5490
Event: 863.081 Thread 0x000002a0434970f0 Thread added: 0x000002a0432c5490
Event: 865.670 Thread 0x000002a0432c5490 Thread exited: 0x000002a0432c5490
Event: 872.083 Thread 0x000002a0434970f0 Thread exited: 0x000002a0434970f0
Event: 906.715 Thread 0x000002a079304e30 Thread added: 0x000002a0434970f0
Event: 917.128 Thread 0x000002a0434970f0 Thread exited: 0x000002a0434970f0


Dynamic libraries:
0x00007ff71cf60000 - 0x00007ff71cf6e000 	C:\dev\sdk\Java\OpenLogic\jdk-21.0.6.7-hotspot\bin\javaw.exe
0x00007ffb463c0000 - 0x00007ffb46627000 	C:\WINDOWS\SYSTEM32\ntdll.dll
0x00007ffb45c80000 - 0x00007ffb45d49000 	C:\WINDOWS\System32\KERNEL32.DLL
0x00007ffb43b30000 - 0x00007ffb43f27000 	C:\WINDOWS\System32\KERNELBASE.dll
0x00007ffb43f30000 - 0x00007ffb4407b000 	C:\WINDOWS\System32\ucrtbase.dll
0x00007ffb3d5c0000 - 0x00007ffb3d5d8000 	C:\dev\sdk\Java\OpenLogic\jdk-21.0.6.7-hotspot\bin\jli.dll
0x00007ffb28670000 - 0x00007ffb2868b000 	C:\dev\sdk\Java\OpenLogic\jdk-21.0.6.7-hotspot\bin\VCRUNTIME140.dll
0x00007ffb44680000 - 0x00007ffb44846000 	C:\WINDOWS\System32\USER32.dll
0x00007ffb43a70000 - 0x00007ffb43a97000 	C:\WINDOWS\System32\win32u.dll
0x00007ffb266f0000 - 0x00007ffb26982000 	C:\WINDOWS\WinSxS\amd64_microsoft.windows.common-controls_6595b64144ccf1df_6.0.26100.8457_none_3e0b2faee331e92d\COMCTL32.dll
0x00007ffb44e30000 - 0x00007ffb44e5b000 	C:\WINDOWS\System32\GDI32.dll
0x00007ffb44190000 - 0x00007ffb44239000 	C:\WINDOWS\System32\msvcrt.dll
0x00007ffb43890000 - 0x00007ffb439bc000 	C:\WINDOWS\System32\gdi32full.dll
0x00007ffb437e0000 - 0x00007ffb43883000 	C:\WINDOWS\System32\msvcp_win.dll
0x00007ffb44150000 - 0x00007ffb44182000 	C:\WINDOWS\System32\IMM32.DLL
0x00007ffb34b70000 - 0x00007ffb34b7c000 	C:\dev\sdk\Java\OpenLogic\jdk-21.0.6.7-hotspot\bin\vcruntime140_1.dll
0x00007ffb285e0000 - 0x00007ffb2866d000 	C:\dev\sdk\Java\OpenLogic\jdk-21.0.6.7-hotspot\bin\msvcp140.dll
0x00007ffa2d9b0000 - 0x00007ffa2e74f000 	C:\dev\sdk\Java\OpenLogic\jdk-21.0.6.7-hotspot\bin\server\jvm.dll
0x00007ffb45a50000 - 0x00007ffb45b06000 	C:\WINDOWS\System32\ADVAPI32.dll
0x00007ffb445d0000 - 0x00007ffb44677000 	C:\WINDOWS\System32\sechost.dll
0x00007ffb44d10000 - 0x00007ffb44e28000 	C:\WINDOWS\System32\RPCRT4.dll
0x00007ffb46260000 - 0x00007ffb462e0000 	C:\WINDOWS\System32\WS2_32.dll
0x00007ffb429e0000 - 0x00007ffb42a3e000 	C:\WINDOWS\SYSTEM32\POWRPROF.dll
0x00007ffb3bbf0000 - 0x00007ffb3bbfb000 	C:\WINDOWS\SYSTEM32\VERSION.dll
0x00007ffb351f0000 - 0x00007ffb35226000 	C:\WINDOWS\SYSTEM32\WINMM.dll
0x00007ffb429c0000 - 0x00007ffb429d4000 	C:\WINDOWS\SYSTEM32\UMPDC.dll
0x00007ffb41b40000 - 0x00007ffb41b5b000 	C:\WINDOWS\SYSTEM32\kernel.appcore.dll
0x00007ffb28dc0000 - 0x00007ffb28dca000 	C:\dev\sdk\Java\OpenLogic\jdk-21.0.6.7-hotspot\bin\jimage.dll
0x00007ffb2c8e0000 - 0x00007ffb2cb22000 	C:\WINDOWS\SYSTEM32\DBGHELP.DLL
0x00007ffb44240000 - 0x00007ffb445c3000 	C:\WINDOWS\System32\combase.dll
0x00007ffb45ba0000 - 0x00007ffb45c79000 	C:\WINDOWS\System32\OLEAUT32.dll
0x00007ffb293b0000 - 0x00007ffb293eb000 	C:\WINDOWS\SYSTEM32\dbgcore.DLL
0x00007ffb439c0000 - 0x00007ffb43a68000 	C:\WINDOWS\System32\bcryptPrimitives.dll
0x00007ffb26270000 - 0x00007ffb262ac000 	C:\dev\sdk\Java\OpenLogic\jdk-21.0.6.7-hotspot\bin\jdwp.dll
0x00007ffb28740000 - 0x00007ffb2874e000 	C:\dev\sdk\Java\OpenLogic\jdk-21.0.6.7-hotspot\bin\instrument.dll
0x00007ffb285c0000 - 0x00007ffb285df000 	C:\dev\sdk\Java\OpenLogic\jdk-21.0.6.7-hotspot\bin\java.dll
0x00007ffb44fc0000 - 0x00007ffb4572e000 	C:\WINDOWS\System32\SHELL32.dll
0x00007ffb42df0000 - 0x00007ffb4365c000 	C:\WINDOWS\System32\windows.storage.dll
0x00007ffb46150000 - 0x00007ffb46246000 	C:\WINDOWS\System32\SHCORE.dll
0x00007ffb458e0000 - 0x00007ffb45946000 	C:\WINDOWS\System32\shlwapi.dll
0x00007ffb42d10000 - 0x00007ffb42d39000 	C:\WINDOWS\SYSTEM32\profapi.dll
0x00007ffb285b0000 - 0x00007ffb285bb000 	C:\dev\sdk\Java\OpenLogic\jdk-21.0.6.7-hotspot\bin\dt_socket.dll
0x00007ffb41530000 - 0x00007ffb41562000 	C:\WINDOWS\SYSTEM32\IPHLPAPI.DLL
0x00007ffb42090000 - 0x00007ffb420fc000 	C:\WINDOWS\system32\mswsock.dll
0x00007ffb415c0000 - 0x00007ffb416f2000 	C:\WINDOWS\SYSTEM32\DNSAPI.dll
0x00007ffb46370000 - 0x00007ffb4637a000 	C:\WINDOWS\System32\NSI.dll
0x00007ffb3b430000 - 0x00007ffb3b43b000 	C:\Windows\System32\rasadhlp.dll
0x00007ffb3b810000 - 0x00007ffb3b896000 	C:\WINDOWS\System32\fwpuclnt.dll
0x00007ffb26250000 - 0x00007ffb26268000 	C:\dev\sdk\Java\OpenLogic\jdk-21.0.6.7-hotspot\bin\zip.dll
0x00007ffb26240000 - 0x00007ffb26250000 	C:\dev\sdk\Java\OpenLogic\jdk-21.0.6.7-hotspot\bin\net.dll
0x00007ffb3c740000 - 0x00007ffb3c869000 	C:\WINDOWS\SYSTEM32\WINHTTP.dll
0x00007ffb25ca0000 - 0x00007ffb25cb6000 	C:\dev\sdk\Java\OpenLogic\jdk-21.0.6.7-hotspot\bin\nio.dll
0x00007ffb25c90000 - 0x00007ffb25c99000 	C:\dev\sdk\Java\OpenLogic\jdk-21.0.6.7-hotspot\bin\management.dll
0x00007ffb25c80000 - 0x00007ffb25c8b000 	C:\dev\sdk\Java\OpenLogic\jdk-21.0.6.7-hotspot\bin\management_ext.dll
0x00007ffb44870000 - 0x00007ffb44878000 	C:\WINDOWS\System32\PSAPI.DLL
0x00007ffb21c50000 - 0x00007ffb21c68000 	C:\WINDOWS\system32\napinsp.dll
0x00007ffb20910000 - 0x00007ffb20923000 	C:\WINDOWS\System32\winrnr.dll
0x00007ffb208e0000 - 0x00007ffb20902000 	C:\WINDOWS\system32\nlansp_c.dll
0x00007ffb208c0000 - 0x00007ffb208d6000 	C:\WINDOWS\system32\wshbth.dll
0x00007ffb42490000 - 0x00007ffb424ab000 	C:\WINDOWS\SYSTEM32\CRYPTSP.dll
0x00007ffb41aa0000 - 0x00007ffb41ad9000 	C:\WINDOWS\system32\rsaenh.dll
0x00007ffb42140000 - 0x00007ffb42173000 	C:\WINDOWS\SYSTEM32\USERENV.dll
0x00007ffb42ce0000 - 0x00007ffb42d0a000 	C:\WINDOWS\SYSTEM32\bcrypt.dll
0x00007ffb422f0000 - 0x00007ffb422fc000 	C:\WINDOWS\SYSTEM32\CRYPTBASE.dll
0x00007ffb25c70000 - 0x00007ffb25c79000 	C:\dev\sdk\Java\OpenLogic\jdk-21.0.6.7-hotspot\bin\extnet.dll
0x00007ffb25c60000 - 0x00007ffb25c70000 	C:\dev\sdk\Java\OpenLogic\jdk-21.0.6.7-hotspot\bin\verify.dll
0x00007ffb25c50000 - 0x00007ffb25c5e000 	C:\dev\sdk\Java\OpenLogic\jdk-21.0.6.7-hotspot\bin\sunmscapi.dll
0x00007ffb43660000 - 0x00007ffb437d8000 	C:\WINDOWS\System32\CRYPT32.dll
0x00007ffb42660000 - 0x00007ffb42690000 	C:\WINDOWS\SYSTEM32\ncrypt.dll
0x00007ffb42610000 - 0x00007ffb4264f000 	C:\WINDOWS\SYSTEM32\NTASN1.dll
0x00007ffb009b0000 - 0x00007ffb009b8000 	C:\WINDOWS\system32\wshunix.dll

dbghelp: loaded successfully - version: 4.0.5 - missing functions: none
symbol engine: initialized successfully - sym options: 0x614 - pdb path: .;C:\dev\sdk\Java\OpenLogic\jdk-21.0.6.7-hotspot\bin;C:\WINDOWS\SYSTEM32;C:\WINDOWS\WinSxS\amd64_microsoft.windows.common-controls_6595b64144ccf1df_6.0.26100.8457_none_3e0b2faee331e92d;C:\dev\sdk\Java\OpenLogic\jdk-21.0.6.7-hotspot\bin\server

VM Arguments:
jvm_args: -XX:+ShowCodeDetailsInExceptionMessages -agentlib:jdwp=transport=dt_socket,suspend=y,address=localhost:62354 -Dcom.sun.management.jmxremote -Dcom.sun.management.jmxremote.port=62353 -Dcom.sun.management.jmxremote.authenticate=false -Dcom.sun.management.jmxremote.ssl=false -Djava.rmi.server.hostname=localhost -Dspring.jmx.enabled=true -Dmanagement.endpoints.jmx.exposure.include=* -Dspring.application.admin.enabled=true -Dspring.output.ansi.enabled=always -XX:TieredStopAtLevel=1 -Dspring.boot.project.name=Dividend-Tracker-Server -javaagent:C:\dev\tools\ide\eclipse\jee-2026-03\eclipse\configuration\org.eclipse.osgi\1029\0\.cp\lib\javaagent-shaded.jar -Dfile.encoding=UTF-8 -Dstdout.encoding=UTF-8 -Dstderr.encoding=UTF-8 
java_command: com.serverside.dt.DividendTrackerServerApplication
java_class_path (initial): C:\dev\projects\serverside\Dividend-Tracker-Server\bin\main;C:\dev\projects\serverside\Dividend-Tracker-Server\bin\default;C:\Users\wisdomsprince\.gradle\caches\modules-2\files-2.1\org.projectlombok\lombok\1.18.46\a5cfe99fdf320e84955ef653f2ce1bf789d11385\lombok-1.18.46.jar;C:\Users\wisdomsprince\.gradle\caches\modules-2\files-2.1\org.springframework.boot\spring-boot-starter-data-jpa\4.0.6\7ae183d29edb5b8583685ea71021105eafc99ad9\spring-boot-starter-data-jpa-4.0.6.jar;C:\Users\wisdomsprince\.gradle\caches\modules-2\files-2.1\org.springframework.boot\spring-boot-starter-webmvc\4.0.6\a7ac55e4eb7cf4d2931557135f90870003641290\spring-boot-starter-webmvc-4.0.6.jar;C:\Users\wisdomsprince\.gradle\caches\modules-2\files-2.1\org.springframework.boot\spring-boot-starter-actuator\4.0.6\a225366838915974c39449e201de012d4d88a609\spring-boot-starter-actuator-4.0.6.jar;C:\Users\wisdomsprince\.gradle\caches\modules-2\files-2.1\org.mapstruct\mapstruct\1.6.3\416a2155212286d6a1c4cb3bb553c7dfd6a1a092\mapstruct-1.6.3.jar;C:\Users\wisdomsprince\.gradle\caches\modules-2\files-2.1\org.springframework.boot\spring-boot-starter-jdbc\4.0.6\134232052dcbf089ff52e37aea3ae81c9448c746\spring-boot-starter-jdbc-4.0.6.jar;C:\Users\wisdomsprince\.gradle\caches\modules-2\files-2.1\org.springframework.boot\spring-boot-starter-jackson\4.0.6\38895733cded8ac4007d7ee028e3bf1f718514f1\spring-boot-starter-jackson-4.0.6.jar;C:\Users\wisdomsprince\.gradle\caches\modules-2\files-2.1\org.springframework.boot\spring-boot-starter-tomcat\4.0.6\b646e4b063dacdf5079efcfa685c4a8803ff4ac1\spring-boot-starter-tomcat-4.0.6.jar;C:\Users\wisdomsprince\.gradle\caches\modules-2\files-2.1\org.springframework.boot\spring-boot-starter-micrometer-metrics\4.0.6\fb1dcfc7713f6279ce3919c5a81008632d901594\spring-boot-starter-micrometer-metrics-4.0.6.jar;C:\Users\wisdomsprince\.gradle\caches\modules-2\files-2.1\org.springframework.boot\spring-boot-starter\4.0.6\589f058443a5ca53cf38253fa05aa69dd0e87e0e\spring-boot-starter-4.0.6.jar;C:\Users\wisdomsprince\.gradle\caches\modules-2\files-2.1\org.springframework.boot\spring-boot-data-jpa\4.0.6\e4f73ed89d180378acdad704b1b88d8cfd191862\spring-boot-data-jpa-4.0.6.jar;C:\Users\wisdomsprince\.gradle\caches\modules-2\files-2.1\org.springframework.boot\spring-boot-hibernate\4.0.6\1583369af62ba1e587e6f82c8c95dff5694e63b\spring-boot-hibernate-4.0.6.jar;C:\Users\wisdomsprince\.gradle\caches\modules-2\files-2.1\org.springframework.boot\spring-boot-jpa\4.0.6\2298c83f9e4473998fe1c695d42f3fcc161f6eb3\spring-boot-jpa-4.0.6.jar;C:\Users\wisdomsprince\.gradle\caches\modules-2\files-2.1\org.springframework.boot\spring-boot-jdbc\4.0.6\fd649f51a6cef57b011167676f67ccfd51901932\spring-boot-jdbc-4.0.6.jar;C:\Users\wisdomsprince\.gradle\caches\modules-2\files-2.1\org.springframework.boot\spring-boot-http-converter\4.0.6\2e880be042b7543e6767d99a8f5777d41e92be93\spring-boot-http-converter-4.0.6.jar;C:\Users\wisdomsprince\.gradle\caches\modules-2\files-2.1\org.springframework.boot\spring-boot-webmvc\4.0.6\2a5877540d8f8bd4df5071d1848fc0a30384117b\spring-boot-webmvc-4.0.6.jar;C:\Users\wisdomsprince\.gradle\caches\modules-2\files-2.1\org.springframework.boot\spring-boot-actuator-autoconfigure\4.0.6\bdd2d4f29031aa35993dbe6425b1092913aac531\spring-boot-actuator-autoconfigure-4.0.6.jar;C:\Users\wisdomsprince\.gradle\caches\modules-2\files-2.1\org.springframework.boot\spring-boot-health\4.0.6\992fd269677bb02b751ef1f58621abcff3855ea0\spring-boot-health-4.0.6.jar;C:\Users\wisdomsprince\.gradle\caches\modules-2\files-2.1\io.micrometer\micrometer-jakarta9\1.16.5\2e98cb69f333a3d2eb78f338c99cb7f11d9c533a\micrometer-jakarta9-1.16.5.jar;C:\Users\wisdomsprince\.gradle\caches\modules-2\files-2.1\org.springframework.boot\spring-boot-servlet\4.0.6\8a1d703662d560a7826c61a908f5307e795cb370\spring-boot-servlet-4.0.6.jar;C:\Users\wisdomsprince\.gradle\caches\modules-2\files-2.1\org.springframework\spring-webmvc\7.0.7\5d7758ed288cda1eacae4b96defb9eed3a7e561d\spring-webmvc-7.0.7.jar;C:\Users\wisdomsprince\.gradle\caches\modules-2\files-2.1\org.springframework.boot\spring-boot-starter-tomcat-runtime\4.0.6\93cb616795ce25f7fd58ef3d1dcc8c3ed2d82578\spring-boot-starter-tomcat-runtime-4.0.6.jar;C:\Users\wisdomsprince\.gradle\caches\modules-2\files-2.1\org.springframework.boot\spring-boot-tomcat\4.0.6\46bcbbdd2bddd2a6932bbdcf9ac2d943a83f0629\spring-boot-tomcat-4.0.6.jar;C:\Users\wisdomsprince\.gradle\caches\modules-2\files-2.1\org.springframework.boot\spring-boot-web-server\4.0.6\8a087bc97418b3082fe402b3241260180fa7133e\spring-boot-web-server-4.0.6.jar;C:\Users\wisdomsprince\.gradle\caches\modules-2\files-2.1\org.springframework\spring-web\7.0.7\8c6ba7dd1ef6a3d9246b08885185806426daa7ec\spring-web-7.0.7.jar;C:\Users\wisdomsprince\.gradle\caches\modules-2\files-2.1\org.springframework.boot\spring-boot-micrometer-metrics\4.0.6\96dbcd4eab73a4fcb2e277c6416d2c0758132689\spring-boot-micrometer-metrics-4.0.6.jar;C:\Users\wisdomsprince\.gradle\caches\modules-2\files-2.1\io.micrometer\micrometer-core\1.16.5\eed1add84bba09a75ac35733cb0ed6bf5a1d3cb7\micrometer-core-1.16.5.jar;C:\Users\wisdomsprince\.gradle\caches\modules-2\files-2.1\org.springframework.data\spring-data-jpa\4.0.5\fbb375863a4deb4df21b803756b97b767e18559a\spring-data-jpa-4.0.5.jar;C:\Users\wisdomsprince\.gradle\caches\modules-2\files-2.1\org.springframework.boot\spring-boot-autoconfigure\4.0.6\95db07bd446a6bc10e791a1502a0c542a81872d1\spring-boot-autoconfigure-4.0.6.jar;C:\Users\wisdomsprince\.gradle\caches\modules-2\files-2.1\org.springframework.boot\spring-boot-data-commons\4.0.6\4702c0e63d5164330fbaef7a5e55d0d173cc3ab9\spring-boot-data-commons-4.0.6.jar;C:\Users\wisdomsprince\.gradle\caches\modules-2\files-2.1\org.springframework.boot\spring-boot-sql\4.0.6\2526bc5a53f0ca3c029a4c02a1360a25c9e226d4\spring-boot-sql-4.0.6.jar;C:\Users\wisdomsprince\.gradle\caches\modules-2\files-2.1\org.springframework.boot\spring-boot-transaction\4.0.6\c7ebf15df555b5e8895e936609b1afa0ba2c1264\spring-boot-transaction-4.0.6.jar;C:\Users\wisdomsprince\.gradle\caches\modules-2\files-2.1\org.springframework.boot\spring-boot-jackson\4.0.6\506bcf91451a44789dd5d9ef1855d524069140ef\spring-boot-jackson-4.0.6.jar;C:\Users\wisdomsprince\.gradle\caches\modules-2\files-2.1\org.springframework.boot\spring-boot-actuator\4.0.6\e5470926718d2c85f574eff0f0f1f264a605a7f\spring-boot-actuator-4.0.6.jar;C:\Users\wisdomsprince\.gradle\caches\modules-2\files-2.1\org.springframework.boot\spring-boot-persistence\4.0.6\43caab2de2aeaf4a7ae9aa5c5e049722697c06a2\spring-boot-persistence-4.0.6.jar;C:\Users\wisdomsprince\.gradle\caches\modules-2\files-2.1\org.springframework.boot\spring-boot-micrometer-observation\4.0.6\ab486802d7623d00f02ee9838d94af66636b440c\spring-boot-micrometer-observation-4.0.6.jar;C:\Users\wisdomsprince\.gradle\caches\modules-2\files-2.1\org.springframework.boot\spring-boot\4.0.6\5bcc4d77a2ff7d18274f2394b5eea1d658e46305\spring-boot-4.0.6.jar;C:\Users\wisdomsprince\.gradle\caches\modules-2\files-2.1\org.springframework\spring-context\7.0.7\bd71294ceaa815abcdbbf5e116c9382103845139\spring-context-7.0.7.jar;C:\Users\wisdomsprince\.gradle\caches\modules-2\files-2.1\io.micrometer\micrometer-observation\1.16.5\9dff48a7a9dd84d9083e30a36855bb21a7d6836e\micrometer-observation-1.16.5.jar;C:\Users\wisdomsprince\.gradle\caches\modules-2\files-2.1\org.springframework.boot\spring-boot-starter-logging\4.0.6\eb85ce7bf1c9bdc660a267d9cb481470609bac30\spring-boot-starter-logging-4.0.6.jar;C:\Users\wisdomsprince\.gradle\caches\modules-2\files-2.1\jakarta.annotation\jakarta.annotation-api\3.0.0\54f928fadec906a99d558536756d171917b9d936\jakarta.annotation-api-3.0.0.jar;C:\Users\wisdomsprince\.gradle\caches\modules-2\files-2.1\org.yaml\snakeyaml\2.5\2d53ddec134280cb384c1e35d094e5f71c1f2316\snakeyaml-2.5.jar;C:\Users\wisdomsprince\.gradle\caches\modules-2\files-2.1\com.zaxxer\HikariCP\7.0.2\c2b43c946b86a14a96342379e22b004c56c6166d\HikariCP-7.0.2.jar;C:\Users\wisdomsprince\.gradle\caches\modules-2\files-2.1\org.springframework\spring-aspects\7.0.7\e507bc50ddca9ee54c37191f9c96e5f491459d3c\spring-aspects-7.0.7.jar;C:\Users\wisdomsprince\.gradle\caches\modules-2\files-2.1\org.springframework\spring-orm\7.0.7\c5f883ce3bf4407a8c86751e3fa3a2fac4482626\spring-orm-7.0.7.jar;C:\Users\wisdomsprince\.gradle\caches\modules-2\files-2.1\org.springframework\spring-jdbc\7.0.7\7369c7cc321b649f291c6222e5982d75878845c5\spring-jdbc-7.0.7.jar;C:\Users\wisdomsprince\.gradle\caches\modules-2\files-2.1\io.micrometer\micrometer-commons\1.16.5\f8c25a4e35d5049d41d8446b111b9891ae407881\micrometer-commons-1.16.5.jar;C:\Users\wisdomsprince\.gradle\caches\modules-2\files-2.1\org.apache.logging.log4j\log4j-to-slf4j\2.25.4\68df56640a5d245192e91bd2ac89e504b477cc10\log4j-to-slf4j-2.25.4.jar;C:\Users\wisdomsprince\.gradle\caches\modules-2\files-2.1\org.springframework.data\spring-data-commons\4.0.5\eed2c7272ba1b13456124949a2bdcbd035ab1154\spring-data-commons-4.0.5.jar;C:\Users\wisdomsprince\.gradle\caches\modules-2\files-2.1\org.springframework\spring-aop\7.0.7\21045648cc638653fb872da3b3fdd50b1cb7b370\spring-aop-7.0.7.jar;C:\Users\wisdomsprince\.gradle\caches\modules-2\files-2.1\org.springframework\spring-tx\7.0.7\c398a2ab7706e16c90be33ff9eaafcb2872d73bf\spring-tx-7.0.7.jar;C:\Users\wisdomsprince\.gradle\caches\modules-2\files-2.1\org.springframework\spring-beans\7.0.7\1278f23233223c480880b62234c96fb3545ba104\spring-beans-7.0.7.jar;C:\Users\wisdomsprince\.gradle\caches\modules-2\files-2.1\org.springframework\spring-expression\7.0.7\90c3dc3174244786c33eb3a2be8c5006cfc7389b\spring-expression-7.0.7.jar;C:\Users\wisdomsprince\.gradle\caches\modules-2\files-2.1\org.springframework\spring-core\7.0.7\4f85340fd463031cd93a0629a0323bb467ae51aa\spring-core-7.0.7.jar;C:\Users\wisdomsprince\.gradle\caches\modules-2\files-2.1\org.apache.logging.log4j\log4j-api\2.25.4\89ff2217b193fb187b134aa6ebcbfa8a28b018a9\log4j-api-2.25.4.jar;C:\Users\wisdomsprince\.gradle\caches\modules-2\files-2.1\org.jspecify\jspecify\1.0.0\7425a601c1c7ec76645a78d22b8c6a627edee507\jspecify-1.0.0.jar;C:\Users\wisdomsprince\.gradle\caches\modules-2\files-2.1\ch.qos.logback\logback-classic\1.5.32\2b1042c50f508f2eb402bd4d22ccbdf94cc37d2e\logback-classic-1.5.32.jar;C:\Users\wisdomsprince\.gradle\caches\modules-2\files-2.1\org.slf4j\jul-to-slf4j\2.0.17\524cb6ccc2b68a57604750e1ab8b13b5a786a6aa\jul-to-slf4j-2.0.17.jar;C:\Users\wisdomsprince\.gradle\caches\modules-2\files-2.1\org.slf4j\slf4j-api\2.0.17\d9e58ac9c7779ba3bf8142aff6c830617a7fe60f\slf4j-api-2.0.17.jar;C:\Users\wisdomsprince\.gradle\caches\modules-2\files-2.1\org.hibernate.orm\hibernate-core\7.2.12.Final\9e10d41a4cd7fbb045cb978676dffe23a0adf1e0\hibernate-core-7.2.12.Final.jar;C:\Users\wisdomsprince\.gradle\caches\modules-2\files-2.1\org.antlr\antlr4-runtime\4.13.2\fc3db6d844df652a3d5db31c87fa12757f13691d\antlr4-runtime-4.13.2.jar;C:\Users\wisdomsprince\.gradle\caches\modules-2\files-2.1\org.aspectj\aspectjweaver\1.9.25.1\a713c790da4d794c7dfb542b550d4e44898d5e23\aspectjweaver-1.9.25.1.jar;C:\Users\wisdomsprince\.gradle\caches\modules-2\files-2.1\tools.jackson.core\jackson-core\3.1.2\d0da2e67ffb0b7cf5aba0436b315aa3eb3eb37ca\jackson-core-3.1.2.jar;C:\Users\wisdomsprince\.gradle\caches\modules-2\files-2.1\tools.jackson.core\jackson-databind\3.1.2\2550e04829fc14566ddab7b9564ba886a9c6a532\jackson-databind-3.1.2.jar;C:\Users\wisdomsprince\.gradle\caches\modules-2\files-2.1\org.apache.tomcat.embed\tomcat-embed-websocket\11.0.21\abed2f9a4a8d7e8b8dfe492b1c6e58ea73825db\tomcat-embed-websocket-11.0.21.jar;C:\Users\wisdomsprince\.gradle\caches\modules-2\files-2.1\org.apache.tomcat.embed\tomcat-embed-core\11.0.21\6d53989fe9f9416eb1295a9c53c7b6fb8e3c04bb\tomcat-embed-core-11.0.21.jar;C:\Users\wisdomsprince\.gradle\caches\modules-2\files-2.1\org.apache.tomcat.embed\tomcat-embed-el\11.0.21\ab5200daf4fac467fa0e73598cdc10de6ce1c139\tomcat-embed-el-11.0.21.jar;C:\Users\wisdomsprince\.gradle\caches\modules-2\files-2.1\ch.qos.logback\logback-core\1.5.32\fdfb3ff9a842303d4a95207294a6c6bc64e2605d\logback-core-1.5.32.jar;C:\Users\wisdomsprince\.gradle\caches\modules-2\files-2.1\biz.aQute.bnd\biz.aQute.bnd.annotation\7.1.0\2f2be18c936d08cf46ea6cfa0043f34afdf38705\biz.aQute.bnd.annotation-7.1.0.jar;C:\Users\wisdomsprince\.gradle\caches\modules-2\files-2.1\com.google.errorprone\error_prone_annotations\2.38.0\fc0ae991433e8590ba51cd558421478318a74c8c\error_prone_annotations-2.38.0.jar;C:\Users\wisdomsprince\.gradle\caches\modules-2\files-2.1\org.osgi\org.osgi.annotation.bundle\2.0.0\f5c2cd6e670c3c5d440d3003efd5ef2ead5c68eb\org.osgi.annotation.bundle-2.0.0.jar;C:\Users\wisdomsprince\.gradle\caches\modules-2\files-2.1\org.osgi\org.osgi.annotation.versioning\1.1.2\dc3cd4ec96c0b3c5459fe00694bd73a816ecf93e\org.osgi.annotation.versioning-1.1.2.jar;C:\Users\wisdomsprince\.gradle\caches\modules-2\files-2.1\jakarta.persistence\jakarta.persistence-api\3.2.0\bb75a113f3fa191c2c7ee7b206d8e674251b3129\jakarta.persistence-api-3.2.0.jar;C:\Users\wisdomsprince\.gradle\caches\modules-2\files-2.1\jakarta.transaction\jakarta.transaction-api\2.0.1\51a520e3fae406abb84e2e1148e6746ce3f80a1a\jakarta.transaction-api-2.0.1.jar;C:\Users\wisdomsprince\.gradle\caches\modules-2\files-2.1\commons-logging\commons-logging\1.3.6\63e78ca6cd446c0ad166d14f03ed99e7efb3896d\commons-logging-1.3.6.jar;C:\Users\wisdomsprince\.gradle\caches\modules-2\files-2.1\com.fasterxml.jackson.core\jackson-annotations\2.21\b1bc1868bf02dc0bd6c7836257a036a331005309\jackson-annotations-2.21.jar;C:\Users\wisdomsprince\.gradle\caches\modules-2\files-2.1\org.osgi\org.osgi.resource\1.0.0\343c88949132984b3f2d4175a72c40b77dc65619\org.osgi.resource-1.0.0.jar;C:\Users\wisdomsprince\.gradle\caches\modules-2\files-2.1\org.osgi\org.osgi.service.serviceloader\1.0.0\3728ff37909c6a3c1870b3e851342d9f2bd3cc63\org.osgi.service.serviceloader-1.0.0.jar;C:\Users\wisdomsprince\.gradle\caches\modules-2\files-2.1\org.springframework.boot\spring-boot-devtools\4.0.6\2f45ebafbfc961cf55d4aa4a49bc1637bd6d0d2\spring-boot-devtools-4.0.6.jar;C:\Users\wisdomsprince\.gradle\caches\modules-2\files-2.1\org.postgresql\postgresql\42.7.10\35100a3f0899551e27af8fed4a3414619a4663b3\postgresql-42.7.10.jar;C:\Users\wisdomsprince\.gradle\caches\modules-2\files-2.1\org.checkerframework\checker-qual\3.52.0\9c17f496846ab1fca8975c6a50ceac0b3bbe63f0\checker-qual-3.52.0.jar;C:\Users\wisdomsprince\.gradle\caches\modules-2\files-2.1\org.hdrhistogram\HdrHistogram\2.2.2\7959933ebcc0f05b2eaa5af0a0c8689fa257b15c\HdrHistogram-2.2.2.jar;C:\Users\wisdomsprince\.gradle\caches\modules-2\files-2.1\org.latencyutils\LatencyUtils\2.0.3\769c0b82cb2421c8256300e907298a9410a2a3d3\LatencyUtils-2.0.3.jar;C:\Users\wisdomsprince\.gradle\caches\modules-2\files-2.1\org.hibernate.models\hibernate-models\1.0.1\3158c5f9309494b905de62c72f6f02d108aea651\hibernate-models-1.0.1.jar;C:\Users\wisdomsprince\.gradle\caches\modules-2\files-2.1\org.jboss.logging\jboss-logging\3.6.3.Final\1cc9f976725720bb4a66f80af3e3aa6b9890d969\jboss-logging-3.6.3.Final.jar;C:\Users\wisdomsprince\.gradle\caches\modules-2\files-2.1\com.fasterxml\classmate\1.7.3\f61c7e7b81e9249b0f6a05914eff9d54fb09f4a0\classmate-1.7.3.jar;C:\Users\wisdomsprince\.gradle\caches\modules-2\files-2.1\net.bytebuddy\byte-buddy\1.17.8\af5735f63d00ca47a9375fae5c7471a36331c6ed\byte-buddy-1.17.8.jar;C:\Users\wisdomsprince\.gradle\caches\modules-2\files-2.1\org.glassfish.jaxb\jaxb-runtime\4.0.6\fb95ebb62564657b2fedfe165b859789ef3a8711\jaxb-runtime-4.0.6.jar;C:\Users\wisdomsprince\.gradle\caches\modules-2\files-2.1\org.glassfish.jaxb\jaxb-core\4.0.6\8e61282303777fc98a00cc3affd0560d68748a75\jaxb-core-4.0.6.jar;C:\Users\wisdomsprince\.gradle\caches\modules-2\files-2.1\jakarta.xml.bind\jakarta.xml.bind-api\4.0.4\d6d2327f3817d9a33a3b6b8f2e15a96bc2e7afdc\jakarta.xml.bind-api-4.0.4.jar;C:\Users\wisdomsprince\.gradle\caches\modules-2\files-2.1\jakarta.inject\jakarta.inject-api\2.0.1\4c28afe1991a941d7702fe1362c365f0a8641d1e\jakarta.inject-api-2.0.1.jar;C:\Users\wisdomsprince\.gradle\caches\modules-2\files-2.1\org.eclipse.angus\angus-activation\2.0.3\7f80607ea5014fef0b1779e6c33d63a88a45a563\angus-activation-2.0.3.jar;C:\Users\wisdomsprince\.gradle\caches\modules-2\files-2.1\jakarta.activation\jakarta.activation-api\2.1.4\9e5c2a0d75dde71a0bedc4dbdbe47b78a5dc50f8\jakarta.activation-api-2.1.4.jar;C:\Users\wisdomsprince\.gradle\caches\modules-2\files-2.1\org.glassfish.jaxb\txw2\4.0.6\4f4cd53b5ff9a2c5aa1211f15ed2569c57dfb044\txw2-4.0.6.jar;C:\Users\wisdomsprince\.gradle\caches\modules-2\files-2.1\com.sun.istack\istack-commons-runtime\4.1.2\18ec117c85f3ba0ac65409136afa8e42bc74e739\istack-commons-runtime-4.1.2.jar
Launcher Type: SUN_STANDARD

[Global flags]
     intx CICompilerCount                          = 12                                        {product} {ergonomic}
     uint ConcGCThreads                            = 5                                         {product} {ergonomic}
     uint G1ConcRefinementThreads                  = 18                                        {product} {ergonomic}
   size_t G1HeapRegionSize                         = 8388608                                   {product} {ergonomic}
    uintx GCDrainStackTargetSize                   = 64                                        {product} {ergonomic}
   size_t InitialHeapSize                          = 1073741824                                {product} {ergonomic}
     bool ManagementServer                         = true                                      {product} {command line}
   size_t MarkStackSize                            = 4194304                                   {product} {ergonomic}
   size_t MaxHeapSize                              = 17112760320                               {product} {ergonomic}
   size_t MaxNewSize                               = 10267656192                               {product} {ergonomic}
   size_t MinHeapDeltaBytes                        = 8388608                                   {product} {ergonomic}
   size_t MinHeapSize                              = 8388608                                   {product} {ergonomic}
    uintx NonNMethodCodeHeapSize                   = 4096                                   {pd product} {ergonomic}
    uintx NonProfiledCodeHeapSize                  = 0                                      {pd product} {ergonomic}
     bool ProfileInterpreter                       = false                                  {pd product} {command line}
    uintx ProfiledCodeHeapSize                     = 0                                      {pd product} {ergonomic}
     bool ShowCodeDetailsInExceptionMessages       = true                                   {manageable} {command line}
   size_t SoftMaxHeapSize                          = 17112760320                            {manageable} {ergonomic}
     intx TieredStopAtLevel                        = 1                                         {product} {command line}
     bool UseCompressedOops                        = true                           {product lp64_product} {ergonomic}
     bool UseG1GC                                  = true                                      {product} {ergonomic}
     bool UseLargePagesIndividualAllocation        = false                                  {pd product} {ergonomic}

Logging:
Log output configuration:
 #0: stdout all=warning uptime,level,tags foldmultilines=false
 #1: stderr all=off uptime,level,tags foldmultilines=false

Environment Variables:
JAVA_HOME=C:\dev\sdk\Java\OpenLogic\jdk-21.0.6.7-hotspot\
PATH=C:/Users/wisdomsprince/.p2/pool/plugins/org.eclipse.justj.openjdk.hotspot.jre.full.win32.x86_64_21.0.10.v20260205-0638/jre/bin/server;C:/Users/wisdomsprince/.p2/pool/plugins/org.eclipse.justj.openjdk.hotspot.jre.full.win32.x86_64_21.0.10.v20260205-0638/jre/bin;C:\dev\sdk\Java\OpenLogic\jdk-21.0.6.7-hotspot\bin;C:\dev\sdk\Java\OpenLogic\jdk-17.0.14.7-hotspot\bin;C:\Program Files\Common Files\Oracle\Java\javapath;C:\WINDOWS\system32;C:\WINDOWS;C:\WINDOWS\System32\Wbem;C:\WINDOWS\System32\WindowsPowerShell\v1.0\;C:\WINDOWS\System32\OpenSSH\;C:\Program Files (x86)\NVIDIA Corporation\PhysX\Common;C:\Program Files\NVIDIA Corporation\NVIDIA NvDLISR;C:\dev\tools\WinSCP\;C:\Program Files\Git\cmd;C:\Program Files (x86)\Paragon Software\LinuxFS for Windows\;C:\Program Files\Docker\Docker\resources\bin;C:\dev\tools\apache-maven-3.9.9\bin;C:\dev\sdk\Java\OpenLogic\jdk-21.0.6.7-hotspot\\bin\;C:\dev\tools\nodejs\;C:\dev\tools\python\;C:\Users\wisdomsprince\AppData\Local\Programs\Python\Launcher\;C:\Users\wisdomsprince\AppData\Local\Microsoft\WindowsApps;C:\dev\tools\ide\Microsoft VS Code\bin;C:\Users\wisdomsprince\AppData\Roaming\npm;C:\WINDOWS\system32;
USERNAME=wisdomsprince
OS=Windows_NT
PROCESSOR_IDENTIFIER=Intel64 Family 6 Model 183 Stepping 1, GenuineIntel
TMP=C:\Users\WISDOM~1\AppData\Local\Temp
TEMP=C:\Users\WISDOM~1\AppData\Local\Temp




Periodic native trim disabled

---------------  S Y S T E M  ---------------

OS:
 Windows 11 , 64 bit Build 26100 (10.0.26100.8328)
OS uptime: 4 days 3:25 hours
Hyper-V role detected

CPU: total 24 (initial active 24) (12 cores per cpu, 2 threads per core) family 6 model 183 stepping 1 microcode 0x10e, cx8, cmov, fxsr, ht, mmx, 3dnowpref, sse, sse2, sse3, ssse3, sse4.1, sse4.2, popcnt, lzcnt, tsc, tscinvbit, avx, avx2, aes, erms, clmul, bmi1, bmi2, adx, sha, fma, vzeroupper, clflush, clflushopt, clwb, hv, serialize, rdtscp, rdpid, fsrm, f16c, cet_ibt, cet_ss
Processor Information for the first 24 processors :
  Max Mhz: 3400, Current Mhz: 3400, Mhz Limit: 3400

Memory: 4k page, system-wide physical 65276M (34385M free)
TotalPageFile size 143100M (AvailPageFile size 90977M)
current process WorkingSet (physical memory assigned to process): 371M, peak: 617M
current process commit charge ("private bytes"): 429M, peak: 1187M

vm_info: OpenJDK 64-Bit Server VM (21.0.6+7-adhoc.Administrator.jdk21u) for windows-amd64 JRE (21.0.6+7-adhoc.Administrator.jdk21u), built on 2025-01-23T09:25:02Z by "Administrator" with MS VC++ 16.10 / 16.11 (VS2019)

END.
